Component: Arm Compiler for Embedded 6.21 Tool: armlink [5ec1fa00]

==============================================================================

Section Cross References

    startup_stm32f407xx.o(RESET) refers to startup_stm32f407xx.o(STACK) for __initial_sp
    startup_stm32f407xx.o(RESET) refers to startup_stm32f407xx.o(.text) for Reset_Handler
    startup_stm32f407xx.o(RESET) refers to stm32f4xx_it.o(.text.NMI_Handler) for NMI_Handler
    startup_stm32f407xx.o(RESET) refers to stm32f4xx_it.o(.text.HardFault_Handler) for HardFault_Handler
    startup_stm32f407xx.o(RESET) refers to stm32f4xx_it.o(.text.MemManage_Handler) for MemManage_Handler
    startup_stm32f407xx.o(RESET) refers to stm32f4xx_it.o(.text.BusFault_Handler) for BusFault_Handler
    startup_stm32f407xx.o(RESET) refers to stm32f4xx_it.o(.text.UsageFault_Handler) for UsageFault_Handler
    startup_stm32f407xx.o(RESET) refers to stm32f4xx_it.o(.text.SVC_Handler) for SVC_Handler
    startup_stm32f407xx.o(RESET) refers to stm32f4xx_it.o(.text.DebugMon_Handler) for DebugMon_Handler
    startup_stm32f407xx.o(RESET) refers to stm32f4xx_it.o(.text.PendSV_Handler) for PendSV_Handler
    startup_stm32f407xx.o(RESET) refers to stm32f4xx_it.o(.text.SysTick_Handler) for SysTick_Handler
    startup_stm32f407xx.o(RESET) refers to stm32f4xx_it.o(.text.DMA1_Stream0_IRQHandler) for DMA1_Stream0_IRQHandler
    startup_stm32f407xx.o(RESET) refers to stm32f4xx_it.o(.text.DMA1_Stream1_IRQHandler) for DMA1_Stream1_IRQHandler
    startup_stm32f407xx.o(RESET) refers to stm32f4xx_it.o(.text.DMA1_Stream2_IRQHandler) for DMA1_Stream2_IRQHandler
    startup_stm32f407xx.o(RESET) refers to stm32f4xx_it.o(.text.DMA1_Stream4_IRQHandler) for DMA1_Stream4_IRQHandler
    startup_stm32f407xx.o(RESET) refers to stm32f4xx_it.o(.text.DMA1_Stream5_IRQHandler) for DMA1_Stream5_IRQHandler
    startup_stm32f407xx.o(RESET) refers to stm32f4xx_it.o(.text.DMA1_Stream6_IRQHandler) for DMA1_Stream6_IRQHandler
    startup_stm32f407xx.o(RESET) refers to stm32f4xx_it.o(.text.TIM2_IRQHandler) for TIM2_IRQHandler
    startup_stm32f407xx.o(RESET) refers to stm32f4xx_it.o(.text.USART1_IRQHandler) for USART1_IRQHandler
    startup_stm32f407xx.o(RESET) refers to stm32f4xx_it.o(.text.USART2_IRQHandler) for USART2_IRQHandler
    startup_stm32f407xx.o(RESET) refers to stm32f4xx_it.o(.text.USART3_IRQHandler) for USART3_IRQHandler
    startup_stm32f407xx.o(RESET) refers to stm32f4xx_it.o(.text.DMA1_Stream7_IRQHandler) for DMA1_Stream7_IRQHandler
    startup_stm32f407xx.o(RESET) refers to stm32f4xx_it.o(.text.TIM5_IRQHandler) for TIM5_IRQHandler
    startup_stm32f407xx.o(RESET) refers to stm32f4xx_it.o(.text.UART4_IRQHandler) for UART4_IRQHandler
    startup_stm32f407xx.o(RESET) refers to stm32f4xx_it.o(.text.UART5_IRQHandler) for UART5_IRQHandler
    startup_stm32f407xx.o(RESET) refers to stm32f4xx_it.o(.text.DMA2_Stream1_IRQHandler) for DMA2_Stream1_IRQHandler
    startup_stm32f407xx.o(RESET) refers to stm32f4xx_it.o(.text.DMA2_Stream2_IRQHandler) for DMA2_Stream2_IRQHandler
    startup_stm32f407xx.o(RESET) refers to stm32f4xx_it.o(.text.DMA2_Stream7_IRQHandler) for DMA2_Stream7_IRQHandler
    startup_stm32f407xx.o(.text) refers to system_stm32f4xx.o(.text.SystemInit) for SystemInit
    startup_stm32f407xx.o(.text) refers to entry.o(.ARM.Collect$$$$00000000) for __main
    main.o(.text.car_init) refers to motor_pwm.o(.text.Motor_PWM_StartAll) for Motor_PWM_StartAll
    main.o(.text.car_init) refers to tim.o(.bss.htim2) for htim2
    main.o(.text.car_init) refers to stm32f4xx_hal_tim.o(.text.HAL_TIM_Base_Start_IT) for HAL_TIM_Base_Start_IT
    main.o(.text.car_init) refers to oled.o(.text.OLED_Init) for OLED_Init
    main.o(.text.car_init) refers to tim.o(.bss.htim3) for htim3
    main.o(.text.car_init) refers to stm32f4xx_hal_tim.o(.text.HAL_TIM_Encoder_Start) for HAL_TIM_Encoder_Start
    main.o(.text.car_init) refers to tim.o(.bss.htim5) for htim5
    main.o(.text.car_init) refers to m_usart.o(.text.Uart_Init) for Uart_Init
    main.o(.text.car_init) refers to m_pid.o(.text.pid_init_all) for pid_init_all
    main.o(.text.car_init) refers to m_pid.o(.text.set_target_speed) for set_target_speed
    main.o(.text.car_init) refers to m_navy.o(.text.navy_init) for navy_init
    main.o(.text.car_init) refers to m_servo.o(.text.Servo_Init) for Servo_Init
    main.o(.text.car_init) refers to mission.o(.text.Mission_Init) for Mission_Init
    main.o(.ARM.exidx.text.car_init) refers to main.o(.text.car_init) for [Anonymous Symbol]
    main.o(.text.Check_And_Start_Mission) refers to m_usart.o(.bss..L_MergedGlobals) for drone_data
    main.o(.text.Check_And_Start_Mission) refers to main.o(.bss..L_MergedGlobals) for .L_MergedGlobals
    main.o(.text.Check_And_Start_Mission) refers to mission.o(.text.Mission_StartByFireId) for Mission_StartByFireId
    main.o(.ARM.exidx.text.Check_And_Start_Mission) refers to main.o(.text.Check_And_Start_Mission) for [Anonymous Symbol]
[...]
    _printf_a                                0x00000000   Number         0  printfstubs.o ABSOLUTE
    _printf_c                                0x00000000   Number         0  printfstubs.o ABSOLUTE
    _printf_charcount                        0x00000000   Number         0  printfstubs.o ABSOLUTE
    _printf_d                                0x00000000   Number         0  printfstubs.o ABSOLUTE
    _printf_e                                0x00000000   Number         0  printfstubs.o ABSOLUTE
    _printf_f                                0x00000000   Number         0  printfstubs.o ABSOLUTE
    _printf_flags                            0x00000000   Number         0  printfstubs.o ABSOLUTE
    _printf_fp_dec                           0x00000000   Number         0  printfstubs.o ABSOLUTE
    _printf_fp_hex                           0x00000000   Number         0  printfstubs.o ABSOLUTE
    _printf_g                                0x00000000   Number         0  printfstubs.o ABSOLUTE
    _printf_i                                0x00000000   Number         0  printfstubs.o ABSOLUTE
    _printf_int_dec                          0x00000000   Number         0  printfstubs.o ABSOLUTE
    _printf_l                                0x00000000   Number         0  printfstubs.o ABSOLUTE
    _printf_lc                               0x00000000   Number         0  printfstubs.o ABSOLUTE
    _printf_ll                               0x00000000   Number         0  printfstubs.o ABSOLUTE
    _printf_lld                              0x00000000   Number         0  printfstubs.o ABSOLUTE
    _printf_lli                              0x00000000   Number         0  printfstubs.o ABSOLUTE
    _printf_llo                              0x00000000   Number         0  printfstubs.o ABSOLUTE
    _printf_llu                              0x00000000   Number         0  printfstubs.o ABSOLUTE
    _printf_llx                              0x00000000   Number         0  printfstubs.o ABSOLUTE
    _printf_longlong_dec                     0x00000000   Number         0  printfstubs.o ABSOLUTE
    _printf_longlong_hex                     0x00000000   Number         0  printfstubs.o ABSOLUTE
    _printf_longlong_oct                     0x00000000   Number         0  printfstubs.o ABSOLUTE
    _printf_ls                               0x00000000   Number         0  printfstubs.o ABSOLUTE
    _printf_mbtowc                           0x00000000   Number         0  printfstubs.o ABSOLUTE
    _printf_n                                0x00000000   Number         0  printfstubs.o ABSOLUTE
    _printf_o                                0x00000000   Number         0  printfstubs.o ABSOLUTE
    _printf_p                                0x00000000   Number         0  printfstubs.o ABSOLUTE
    _printf_percent                          0x00000000   Number         0  printfstubs.o ABSOLUTE
    _printf_pre_padding                      0x00000000   Number         0  printfstubs.o ABSOLUTE
    _printf_return_value                     0x00000000   Number         0  printfstubs.o ABSOLUTE
    _printf_s                                0x00000000   Number         0  printfstubs.o ABSOLUTE
    _printf_sizespec                         0x00000000   Number         0  printfstubs.o ABSOLUTE
    _printf_str                              0x00000000   Number         0  printfstubs.o ABSOLUTE
    _printf_truncate_signed                  0x00000000   Number         0  printfstubs.o ABSOLUTE
    _printf_truncate_unsigned                0x00000000   Number         0  printfstubs.o ABSOLUTE
    _printf_u                                0x00000000   Number         0  printfstubs.o ABSOLUTE
    _printf_wc                               0x00000000   Number         0  printfstubs.o ABSOLUTE
    _printf_wctomb                           0x00000000   Number         0  printfstubs.o ABSOLUTE
    _printf_widthprec                        0x00000000   Number         0  printfstubs.o ABSOLUTE
    _printf_x                                0x00000000   Number         0  printfstubs.o ABSOLUTE
    __cpp_initialize__aeabi_                  - Undefined Weak Reference
    __cxa_finalize                            - Undefined Weak Reference
    _clock_init                               - Undefined Weak Reference
    _microlib_exit                            - Undefined Weak Reference
    _scanf_longlong                           - Undefined Weak Reference
    _scanf_string                             - Undefined Weak Reference
    __Vectors_Size                           0x00000188   Number         0  startup_stm32f407xx.o ABSOLUTE
    __Vectors                                0x08000000   Data           4  startup_stm32f407xx.o(RESET)
    __Vectors_End                            0x08000188   Data           0  startup_stm32f407xx.o(RESET)
    __main                                   0x08000189   Thumb Code     0  entry.o(.ARM.Collect$$$$00000000)
    _main_stk                                0x08000189   Thumb Code     0  entry2.o(.ARM.Collect$$$$00000001)
    _main_scatterload                        0x0800018d   Thumb Code     0  entry5.o(.ARM.Collect$$$$00000004)
    __main_after_scatterload                 0x08000191   Thumb Code     0  entry5.o(.ARM.Collect$$$$00000004)
    _main_clock                              0x08000191   Thumb Code     0  entry7b.o(.ARM.Collect$$$$00000008)
    _main_cpp_init                           0x08000191   Thumb Code     0  entry8b.o(.ARM.Collect$$$$0000000A)
    _main_init                               0x08000191   Thumb Code     0  entry9a.o(.ARM.Collect$$$$0000000B)
    __rt_final_cpp                           0x08000199   Thumb Code     0  entry10a.o(.ARM.Collect$$$$0000000D)
    __rt_final_exit                          0x08000199   Thumb Code     0  entry11a.o(.ARM.Collect$$$$0000000F)
    Reset_Handler                            0x0800019d   Thumb Code     8  startup_stm32f407xx.o(.text)
    ADC_IRQHandler                           0x080001b7   Thumb Code     0  startup_stm32f407xx.o(.text)
    CAN1_RX0_IRQHandler                      0x080001b7   Thumb Code     0  startup_stm32f407xx.o(.text)
    CAN1_RX1_IRQHandler                      0x080001b7   Thumb Code     0  startup_stm32f407xx.o(.text)
    CAN1_SCE_IRQHandler                      0x080001b7   Thumb Code     0  startup_stm32f407xx.o(.text)
    CAN1_TX_IRQHandler                       0x080001b7   Thumb Code     0  startup_stm32f407xx.o(.text)
    CAN2_RX0_IRQHandler                      0x080001b7   Thumb Code     0  startup_stm32f407xx.o(.text)
    CAN2_RX1_IRQHandler                      0x080001b7   Thumb Code     0  startup_stm32f407xx.o(.text)
    CAN2_SCE_IRQHandler                      0x080001b7   Thumb Code     0  startup_stm32f407xx.o(.text)
    CAN2_TX_IRQHandler                       0x080001b7   Thumb Code     0  startup_stm32f407xx.o(.text)
    DCMI_IRQHandler                          0x080001b7   Thumb Code     0  startup_stm32f407xx.o(.text)
    DMA1_Stream3_IRQHandler                  0x080001b7   Thumb Code     0  startup_stm32f407xx.o(.text)
    DMA2_Stream0_IRQHandler                  0x080001b7   Thumb Code     0  startup_stm32f407xx.o(.text)
    DMA2_Stream3_IRQHandler                  0x080001b7   Thumb Code     0  startup_stm32f407xx.o(.text)
    DMA2_Stream4_IRQHandler                  0x080001b7   Thumb Code     0  startup_stm32f407xx.o(.text)
    DMA2_Stream5_IRQHandler                  0x080001b7   Thumb Code     0  startup_stm32f407xx.o(.text)
    DMA2_Stream6_IRQHandler                  0x080001b7   Thumb Code     0  startup_stm32f407xx.o(.text)
    ETH_IRQHandler                           0x080001b7   Thumb Code     0  startup_stm32f407xx.o(.text)
    ETH_WKUP_IRQHandler                      0x080001b7   Thumb Code     0  startup_stm32f407xx.o(.text)
    EXTI0_IRQHandler                         0x080001b7   Thumb Code     0  startup_stm32f407xx.o(.text)
    EXTI15_10_IRQHandler                     0x080001b7   Thumb Code     0  startup_stm32f407xx.o(.text)
    EXTI1_IRQHandler                         0x080001b7   Thumb Code     0  startup_stm32f407xx.o(.text)
    EXTI2_IRQHandler                         0x080001b7   Thumb Code     0  startup_stm32f407xx.o(.text)
    EXTI3_IRQHandler                         0x080001b7   Thumb Code     0  startup_stm32f407xx.o(.text)
    EXTI4_IRQHandler                         0x080001b7   Thumb Code     0  startup_stm32f407xx.o(.text)
    EXTI9_5_IRQHandler                       0x080001b7   Thumb Code     0  startup_stm32f407xx.o(.text)
    FLASH_IRQHandler                         0x080001b7   Thumb Code     0  startup_stm32f407xx.o(.text)
    FMC_IRQHandler                           0x080001b7   Thumb Code     0  startup_stm32f407xx.o(.text)
    FPU_IRQHandler                           0x080001b7   Thumb Code     0  startup_stm32f407xx.o(.text)
    HASH_RNG_IRQHandler                      0x080001b7   Thumb Code     0  startup_stm32f407xx.o(.text)
    I2C1_ER_IRQHandler                       0x080001b7   Thumb Code     0  startup_stm32f407xx.o(.text)
    I2C1_EV_IRQHandler                       0x080001b7   Thumb Code     0  startup_stm32f407xx.o(.text)
    I2C2_ER_IRQHandler                       0x080001b7   Thumb Code     0  startup_stm32f407xx.o(.text)
    I2C2_EV_IRQHandler                       0x080001b7   Thumb Code     0  startup_stm32f407xx.o(.text)
    I2C3_ER_IRQHandler                       0x080001b7   Thumb Code     0  startup_stm32f407xx.o(.text)
    I2C3_EV_IRQHandler                       0x080001b7   Thumb Code     0  startup_stm32f407xx.o(.text)
    OTG_FS_IRQHandler                        0x080001b7   Thumb Code     0  startup_stm32f407xx.o(.text)
    OTG_FS_WKUP_IRQHandler                   0x080001b7   Thumb Code     0  startup_stm32f407xx.o(.text)
    OTG_HS_EP1_IN_IRQHandler                 0x080001b7   Thumb Code     0  startup_stm32f407xx.o(.text)
    OTG_HS_EP1_OUT_IRQHandler                0x080001b7   Thumb Code     0  startup_stm32f407xx.o(.text)
    OTG_HS_IRQHandler                        0x080001b7   Thumb Code     0  startup_stm32f407xx.o(.text)
    OTG_HS_WKUP_IRQHandler                   0x080001b7   Thumb Code     0  startup_stm32f407xx.o(.text)
    PVD_IRQHandler                           0x080001b7   Thumb Code     0  startup_stm32f407xx.o(.text)
    RCC_IRQHandler                           0x080001b7   Thumb Code     0  startup_stm32f407xx.o(.text)
    RTC_Alarm_IRQHandler                     0x080001b7   Thumb Code     0  startup_stm32f407xx.o(.text)
    RTC_WKUP_IRQHandler                      0x080001b7   Thumb Code     0  startup_stm32f407xx.o(.text)
    SDIO_IRQHandler                          0x080001b7   Thumb Code     0  startup_stm32f407xx.o(.text)
    SPI1_IRQHandler                          0x080001b7   Thumb Code     0  startup_stm32f407xx.o(.text)
    SPI2_IRQHandler                          0x080001b7   Thumb Code     0  startup_stm32f407xx.o(.text)
    SPI3_IRQHandler                          0x080001b7   Thumb Code     0  startup_stm32f407xx.o(.text)
    TAMP_STAMP_IRQHandler                    0x080001b7   Thumb Code     0  startup_stm32f407xx.o(.text)
    TIM1_BRK_TIM9_IRQHandler                 0x080001b7   Thumb Code     0  startup_stm32f407xx.o(.text)
    TIM1_CC_IRQHandler                       0x080001b7   Thumb Code     0  startup_stm32f407xx.o(.text)
    TIM1_TRG_COM_TIM11_IRQHandler            0x080001b7   Thumb Code     0  startup_stm32f407xx.o(.text)
    TIM1_UP_TIM10_IRQHandler                 0x080001b7   Thumb Code     0  startup_stm32f407xx.o(.text)
    TIM3_IRQHandler                          0x080001b7   Thumb Code     0  startup_stm32f407xx.o(.text)
    TIM4_IRQHandler                          0x080001b7   Thumb Code     0  startup_stm32f407xx.o(.text)
    TIM6_DAC_IRQHandler                      0x080001b7   Thumb Code     0  startup_stm32f407xx.o(.text)
    TIM7_IRQHandler                          0x080001b7   Thumb Code     0  startup_stm32f407xx.o(.text)
    TIM8_BRK_TIM12_IRQHandler                0x080001b7   Thumb Code     0  startup_stm32f407xx.o(.text)
    TIM8_CC_IRQHandler                       0x080001b7   Thumb Code     0  startup_stm32f407xx.o(.text)
    TIM8_TRG_COM_TIM14_IRQHandler            0x080001b7   Thumb Code     0  startup_stm32f407xx.o(.text)
    TIM8_UP_TIM13_IRQHandler                 0x080001b7   Thumb Code     0  startup_stm32f407xx.o(.text)
    USART6_IRQHandler                        0x080001b7   Thumb Code     0  startup_stm32f407xx.o(.text)
    WWDG_IRQHandler                          0x080001b7   Thumb Code     0  startup_stm32f407xx.o(.text)
    __aeabi_uldivmod                         0x080001c1   Thumb Code    98  uldiv.o(.text)
    strchr                                   0x08000223   Thumb Code    20  strchr.o(.text)
    __0sscanf                                0x08000239   Thumb Code    48  __0sscanf.o(.text)
    _scanf_int                               0x08000271   Thumb Code   332  _scanf_int.o(.text)
    _scanf_real                              0x080004e5   Thumb Code     0  scanf_fp.o(.text)
    _scanf_really_real                       0x080004e5   Thumb Code   556  scanf_fp.o(.text)
    __aeabi_dmul                             0x0800071d   Thumb Code   228  dmul.o(.text)
    __aeabi_i2d                              0x08000801   Thumb Code    34  dflti.o(.text)
    __aeabi_d2f                              0x08000823   Thumb Code    56  d2f.o(.text)
    __aeabi_uidiv                            0x0800085b   Thumb Code     0  uidiv.o(.text)
    __aeabi_uidivmod                         0x0800085b   Thumb Code    44  uidiv.o(.text)
    __aeabi_llsl                             0x08000887   Thumb Code    30  llshl.o(.text)
    _ll_shift_l                              0x08000887   Thumb Code     0  llshl.o(.text)
    __aeabi_llsr                             0x080008a5   Thumb Code    32  llushr.o(.text)
    _ll_ushift_r                             0x080008a5   Thumb Code     0  llushr.o(.text)
    _chval                                   0x080008c5   Thumb Code    28  _chval.o(.text)
    __vfscanf_char                           0x080008ed   Thumb Code    20  scanf_char.o(.text)
    _sgetc                                   0x08000909   Thumb Code    30  _sgetc.o(.text)
    _sbackspace                              0x08000927   Thumb Code    34  _sgetc.o(.text)
    __I$use$fp                               0x08000949   Thumb Code     0  iusefp.o(.text)
    _float_round                             0x08000949   Thumb Code    18  fepilogue.o(.text)
    _float_epilogue                          0x0800095b   Thumb Code    92  fepilogue.o(.text)
    _frem                                    0x080009b7   Thumb Code    82  frem.o(.text)
    _double_round                            0x08000a09   Thumb Code    30  depilogue.o(.text)
    _double_epilogue                         0x08000a27   Thumb Code   156  depilogue.o(.text)
    __aeabi_dadd                             0x08000ac3   Thumb Code   322  dadd.o(.text)
    __aeabi_dsub                             0x08000c05   Thumb Code     6  dadd.o(.text)
    __aeabi_drsub                            0x08000c0b   Thumb Code     6  dadd.o(.text)
    __aeabi_ddiv                             0x08000c11   Thumb Code   222  ddiv.o(.text)
    __aeabi_ul2d                             0x08000cef   Thumb Code    24  dfltul.o(.text)
    __aeabi_d2ulz                            0x08000d07   Thumb Code    48  dfixul.o(.text)
    __aeabi_cdrcmple                         0x08000d39   Thumb Code    48  cdrcmple.o(.text)
    __scatterload                            0x08000d69   Thumb Code    38  init.o(.text)
    __scatterload_rt2                        0x08000d69   Thumb Code     0  init.o(.text)
    __aeabi_lasr                             0x08000d99   Thumb Code    36  llsshr.o(.text)
    _ll_sshift_r                             0x08000d99   Thumb Code     0  llsshr.o(.text)
    isspace                                  0x08000dbd   Thumb Code    10  isspace_c.o(.text)
    __vfscanf                                0x08000dc9   Thumb Code   808  _scanf.o(.text)
    __ctype_lookup                           0x080010f5   Thumb Code    34  ctype_c.o(.text)
    __decompress                             0x0800111d   Thumb Code     0  __dczerorl2.o(.text)
    __decompress1                            0x0800111d   Thumb Code    86  __dczerorl2.o(.text)
    BusFault_Handler                         0x08001175   Thumb Code     2  stm32f4xx_it.o(.text.BusFault_Handler)
    Calculate_speed                          0x08001179   Thumb Code    48  encoder.o(.text.Calculate_speed)
    DMA1_Stream0_IRQHandler                  0x080011b5   Thumb Code    12  stm32f4xx_it.o(.text.DMA1_Stream0_IRQHandler)
    DMA1_Stream1_IRQHandler                  0x080011c1   Thumb Code    12  stm32f4xx_it.o(.text.DMA1_Stream1_IRQHandler)
    DMA1_Stream2_IRQHandler                  0x080011cd   Thumb Code    12  stm32f4xx_it.o(.text.DMA1_Stream2_IRQHandler)
    DMA1_Stream4_IRQHandler                  0x080011d9   Thumb Code    12  stm32f4xx_it.o(.text.DMA1_Stream4_IRQHandler)
    DMA1_Stream5_IRQHandler                  0x080011e5   Thumb Code    12  stm32f4xx_it.o(.text.DMA1_Stream5_IRQHandler)
    DMA1_Stream6_IRQHandler                  0x080011f1   Thumb Code    12  stm32f4xx_it.o(.text.DMA1_Stream6_IRQHandler)
    DMA1_Stream7_IRQHandler                  0x080011fd   Thumb Code    12  stm32f4xx_it.o(.text.DMA1_Stream7_IRQHandler)
    DMA2_Stream1_IRQHandler                  0x08001209   Thumb Code    12  stm32f4xx_it.o(.text.DMA2_Stream1_IRQHandler)
    DMA2_Stream2_IRQHandler                  0x08001215   Thumb Code    12  stm32f4xx_it.o(.text.DMA2_Stream2_IRQHandler)
    DMA2_Stream7_IRQHandler                  0x08001221   Thumb Code    12  stm32f4xx_it.o(.text.DMA2_Stream7_IRQHandler)
    DebugMon_Handler                         0x0800122d   Thumb Code     2  stm32f4xx_it.o(.text.DebugMon_Handler)
    Error_Handler                            0x08001231   Thumb Code     6  main.o(.text.Error_Handler)
    FLASH_WaitForLastOperation               0x08001239   Thumb Code   254  stm32f4xx_hal_flash.o(.text.FLASH_WaitForLastOperation)
    HAL_ADC_ConfigChannel                    0x08001339   Thumb Code   326  stm32f4xx_hal_adc.o(.text.HAL_ADC_ConfigChannel)
    HAL_ADC_Init                             0x08001481   Thumb Code   350  stm32f4xx_hal_adc.o(.text.HAL_ADC_Init)
    HAL_ADC_MspInit                          0x080015e1   Thumb Code   172  adc.o(.text.HAL_ADC_MspInit)
    HAL_DMA_Abort                            0x0800168d   Thumb Code   142  stm32f4xx_hal_dma.o(.text.HAL_DMA_Abort)
    HAL_DMA_Abort_IT                         0x0800171d   Thumb Code    36  stm32f4xx_hal_dma.o(.text.HAL_DMA_Abort_IT)
    HAL_DMA_IRQHandler                       0x08001741   Thumb Code   448  stm32f4xx_hal_dma.o(.text.HAL_DMA_IRQHandler)
    HAL_DMA_Init                             0x08001901   Thumb Code   354  stm32f4xx_hal_dma.o(.text.HAL_DMA_Init)
    HAL_DMA_Start_IT                         0x08001a65   Thumb Code   162  stm32f4xx_hal_dma.o(.text.HAL_DMA_Start_IT)
    HAL_Delay                                0x08001b09   Thumb Code    40  stm32f4xx_hal.o(.text.HAL_Delay)
    HAL_FLASHEx_Erase                        0x08001b31   Thumb Code   394  stm32f4xx_hal_flash_ex.o(.text.HAL_FLASHEx_Erase)
    HAL_FLASH_Lock                           0x08001cbd   Thumb Code    20  stm32f4xx_hal_flash.o(.text.HAL_FLASH_Lock)
    HAL_FLASH_Program                        0x08001cd1   Thumb Code   288  stm32f4xx_hal_flash.o(.text.HAL_FLASH_Program)
    HAL_FLASH_Unlock                         0x08001df1   Thumb Code    46  stm32f4xx_hal_flash.o(.text.HAL_FLASH_Unlock)
    HAL_GPIO_Init                            0x08001e21   Thumb Code   414  stm32f4xx_hal_gpio.o(.text.HAL_GPIO_Init)
    HAL_GPIO_ReadPin                         0x08001fc1   Thumb Code    10  stm32f4xx_hal_gpio.o(.text.HAL_GPIO_ReadPin)
    HAL_GPIO_TogglePin                       0x08001fcd   Thumb Code    16  stm32f4xx_hal_gpio.o(.text.HAL_GPIO_TogglePin)
    HAL_GPIO_WritePin                        0x08001fdd   Thumb Code    10  stm32f4xx_hal_gpio.o(.text.HAL_GPIO_WritePin)
    HAL_GetTick                              0x08001fe9   Thumb Code    12  stm32f4xx_hal.o(.text.HAL_GetTick)
    HAL_I2C_Init                             0x08001ff5   Thumb Code   356  stm32f4xx_hal_i2c.o(.text.HAL_I2C_Init)
    HAL_I2C_Mem_Write                        0x08002159   Thumb Code   348  stm32f4xx_hal_i2c.o(.text.HAL_I2C_Mem_Write)
    HAL_I2C_MspInit                          0x080022b5   Thumb Code   370  i2c.o(.text.HAL_I2C_MspInit)
    HAL_IncTick                              0x08002429   Thumb Code    26  stm32f4xx_hal.o(.text.HAL_IncTick)
    HAL_Init                                 0x08002445   Thumb Code    54  stm32f4xx_hal.o(.text.HAL_Init)
    HAL_InitTick                             0x0800247d   Thumb Code    72  stm32f4xx_hal.o(.text.HAL_InitTick)
    HAL_MspInit                              0x080024c5   Thumb Code    60  stm32f4xx_hal_msp.o(.text.HAL_MspInit)
    HAL_NVIC_EnableIRQ                       0x08002501   Thumb Code    34  stm32f4xx_hal_cortex.o(.text.HAL_NVIC_EnableIRQ)
    HAL_NVIC_SetPriority                     0x08002525   Thumb Code    86  stm32f4xx_hal_cortex.o(.text.HAL_NVIC_SetPriority)
    HAL_NVIC_SetPriorityGrouping             0x0800257d   Thumb Code    32  stm32f4xx_hal_cortex.o(.text.HAL_NVIC_SetPriorityGrouping)
    HAL_RCC_ClockConfig                      0x0800259d   Thumb Code   356  stm32f4xx_hal_rcc.o(.text.HAL_RCC_ClockConfig)
    HAL_RCC_GetPCLK1Freq                     0x08002701   Thumb Code    38  stm32f4xx_hal_rcc.o(.text.HAL_RCC_GetPCLK1Freq)
    HAL_RCC_GetPCLK2Freq                     0x08002729   Thumb Code    38  stm32f4xx_hal_rcc.o(.text.HAL_RCC_GetPCLK2Freq)
    HAL_RCC_GetSysClockFreq                  0x08002751   Thumb Code   108  stm32f4xx_hal_rcc.o(.text.HAL_RCC_GetSysClockFreq)
    HAL_RCC_OscConfig                        0x080027bd   Thumb Code   944  stm32f4xx_hal_rcc.o(.text.HAL_RCC_OscConfig)
    HAL_SPI_Init                             0x08002b6d   Thumb Code   180  stm32f4xx_hal_spi.o(.text.HAL_SPI_Init)
    HAL_SPI_MspInit                          0x08002c21   Thumb Code   270  spi.o(.text.HAL_SPI_MspInit)
    HAL_SYSTICK_Config                       0x08002d31   Thumb Code    44  stm32f4xx_hal_cortex.o(.text.HAL_SYSTICK_Config)
    HAL_TIMEx_BreakCallback                  0x08002d5d   Thumb Code     2  stm32f4xx_hal_tim_ex.o(.text.HAL_TIMEx_BreakCallback)
    HAL_TIMEx_CommutCallback                 0x08002d61   Thumb Code     2  stm32f4xx_hal_tim_ex.o(.text.HAL_TIMEx_CommutCallback)
    HAL_TIMEx_ConfigBreakDeadTime            0x08002d65   Thumb Code    80  stm32f4xx_hal_tim_ex.o(.text.HAL_TIMEx_ConfigBreakDeadTime)
    HAL_TIMEx_MasterConfigSynchronization    0x08002db5   Thumb Code   186  stm32f4xx_hal_tim_ex.o(.text.HAL_TIMEx_MasterConfigSynchronization)
    HAL_TIM_Base_Init                        0x08002e71   Thumb Code    90  stm32f4xx_hal_tim.o(.text.HAL_TIM_Base_Init)
    HAL_TIM_Base_MspInit                     0x08002ecd   Thumb Code    66  tim.o(.text.HAL_TIM_Base_MspInit)
    HAL_TIM_Base_Start_IT                    0x08002f11   Thumb Code   170  stm32f4xx_hal_tim.o(.text.HAL_TIM_Base_Start_IT)
    HAL_TIM_ConfigClockSource                0x08002fbd   Thumb Code   416  stm32f4xx_hal_tim.o(.text.HAL_TIM_ConfigClockSource)
    HAL_TIM_Encoder_Init                     0x0800315d   Thumb Code   178  stm32f4xx_hal_tim.o(.text.HAL_TIM_Encoder_Init)
    HAL_TIM_Encoder_MspInit                  0x08003211   Thumb Code   218  tim.o(.text.HAL_TIM_Encoder_MspInit)
    HAL_TIM_Encoder_Start                    0x080032ed   Thumb Code   188  stm32f4xx_hal_tim.o(.text.HAL_TIM_Encoder_Start)
    HAL_TIM_IC_CaptureCallback               0x080033a9   Thumb Code     2  stm32f4xx_hal_tim.o(.text.HAL_TIM_IC_CaptureCallback)
    HAL_TIM_IRQHandler                       0x080033ad   Thumb Code   334  stm32f4xx_hal_tim.o(.text.HAL_TIM_IRQHandler)
    HAL_TIM_OC_DelayElapsedCallback          0x080034fd   Thumb Code     2  stm32f4xx_hal_tim.o(.text.HAL_TIM_OC_DelayElapsedCallback)
    HAL_TIM_PWM_ConfigChannel                0x08003501   Thumb Code   548  stm32f4xx_hal_tim.o(.text.HAL_TIM_PWM_ConfigChannel)
    HAL_TIM_PWM_Init                         0x08003725   Thumb Code    90  stm32f4xx_hal_tim.o(.text.HAL_TIM_PWM_Init)
    HAL_TIM_PWM_MspInit                      0x08003781   Thumb Code    94  tim.o(.text.HAL_TIM_PWM_MspInit)
    HAL_TIM_PWM_PulseFinishedCallback        0x080037e1   Thumb Code     2  stm32f4xx_hal_tim.o(.text.HAL_TIM_PWM_PulseFinishedCallback)
    HAL_TIM_PWM_Start                        0x080037e5   Thumb Code   286  stm32f4xx_hal_tim.o(.text.HAL_TIM_PWM_Start)
    HAL_TIM_PeriodElapsedCallback            0x08003905   Thumb Code    60  mytimer.o(.text.HAL_TIM_PeriodElapsedCallback)
    HAL_TIM_TriggerCallback                  0x08003941   Thumb Code     2  stm32f4xx_hal_tim.o(.text.HAL_TIM_TriggerCallback)
    HAL_UARTEx_ReceiveToIdle_DMA             0x08003945   Thumb Code   490  stm32f4xx_hal_uart.o(.text.HAL_UARTEx_ReceiveToIdle_DMA)
    HAL_UARTEx_RxEventCallback               0x08003b31   Thumb Code   388  m_usart.o(.text.HAL_UARTEx_RxEventCallback)
    HAL_UART_ErrorCallback                   0x08003ce9   Thumb Code     2  stm32f4xx_hal_uart.o(.text.HAL_UART_ErrorCallback)
    HAL_UART_IRQHandler                      0x08003ced   Thumb Code  1416  stm32f4xx_hal_uart.o(.text.HAL_UART_IRQHandler)
    HAL_UART_Init                            0x08004275   Thumb Code    96  stm32f4xx_hal_uart.o(.text.HAL_UART_Init)
    HAL_UART_MspInit                         0x080042d5   Thumb Code  1380  usart.o(.text.HAL_UART_MspInit)
    HAL_UART_Receive_IT                      0x08004839   Thumb Code    84  stm32f4xx_hal_uart.o(.text.HAL_UART_Receive_IT)
    HAL_UART_RxCpltCallback                  0x0800488d   Thumb Code   112  tjc_usart_hmi.o(.text.HAL_UART_RxCpltCallback)
    HAL_UART_RxHalfCpltCallback              0x080048fd   Thumb Code     2  stm32f4xx_hal_uart.o(.text.HAL_UART_RxHalfCpltCallback)
    HAL_UART_Transmit_DMA                    0x08004901   Thumb Code   204  stm32f4xx_hal_uart.o(.text.HAL_UART_Transmit_DMA)
    HAL_UART_TxCpltCallback                  0x080049cd   Thumb Code    28  m_usart.o(.text.HAL_UART_TxCpltCallback)
    HAL_UART_TxHalfCpltCallback              0x080049e9   Thumb Code     2  stm32f4xx_hal_uart.o(.text.HAL_UART_TxHalfCpltCallback)
    HardFault_Handler                        0x080049ed   Thumb Code     2  stm32f4xx_it.o(.text.HardFault_Handler)
    Key                                      0x08004ed5   Thumb Code    16  key.o(.text.Key)
    Key_Loop                                 0x08004ee5   Thumb Code   296  key.o(.text.Key_Loop)
    MX_ADC1_Init                             0x0800500d   Thumb Code   108  adc.o(.text.MX_ADC1_Init)
    MX_ADC2_Init                             0x08005079   Thumb Code   108  adc.o(.text.MX_ADC2_Init)
    MX_DMA_Init                              0x080050e5   Thumb Code   220  dma.o(.text.MX_DMA_Init)
    MX_GPIO_Init                             0x080051c1   Thumb Code   278  gpio.o(.text.MX_GPIO_Init)
    MX_I2C1_Init                             0x080052d9   Thumb Code    62  i2c.o(.text.MX_I2C1_Init)
    MX_I2C2_Init                             0x08005319   Thumb Code    66  i2c.o(.text.MX_I2C2_Init)
    MX_I2C3_Init                             0x0800535d   Thumb Code    66  i2c.o(.text.MX_I2C3_Init)
    MX_SPI1_Init                             0x080053a1   Thumb Code    76  spi.o(.text.MX_SPI1_Init)
    MX_SPI2_Init                             0x080053ed   Thumb Code    70  spi.o(.text.MX_SPI2_Init)
    MX_TIM1_Init                             0x08005435   Thumb Code   344  tim.o(.text.MX_TIM1_Init)
    MX_TIM2_Init                             0x0800558d   Thumb Code   114  tim.o(.text.MX_TIM2_Init)
    MX_TIM3_Init                             0x08005601   Thumb Code   104  tim.o(.text.MX_TIM3_Init)
    MX_TIM4_Init                             0x08005669   Thumb Code   272  tim.o(.text.MX_TIM4_Init)
    MX_TIM5_Init                             0x08005779   Thumb Code   104  tim.o(.text.MX_TIM5_Init)
    MX_UART4_Init                            0x080057e1   Thumb Code    60  usart.o(.text.MX_UART4_Init)
    MX_UART5_Init                            0x0800581d   Thumb Code    60  usart.o(.text.MX_UART5_Init)
    MX_USART1_UART_Init                      0x08005859   Thumb Code    60  usart.o(.text.MX_USART1_UART_Init)
    MX_USART2_UART_Init                      0x08005895   Thumb Code    60  usart.o(.text.MX_USART2_UART_Init)
    MX_USART3_UART_Init                      0x080058d1   Thumb Code    60  usart.o(.text.MX_USART3_UART_Init)
    MX_USART6_UART_Init                      0x0800590d   Thumb Code    60  usart.o(.text.MX_USART6_UART_Init)
    MemManage_Handler                        0x08005949   Thumb Code     2  stm32f4xx_it.o(.text.MemManage_Handler)
    Mission_Init                             0x08005c1d   Thumb Code    60  mission.o(.text.Mission_Init)
    Mission_StartByFireId                    0x08005c61   Thumb Code   346  mission.o(.text.Mission_StartByFireId)
    Mission_Update                           0x08005de1   Thumb Code  1062  mission.o(.text.Mission_Update)
    Motor_PWM_Output                         0x08006209   Thumb Code   224  motor_pwm.o(.text.Motor_PWM_Output)
    Motor_PWM_StartAll                       0x080062e9   Thumb Code    30  motor_pwm.o(.text.Motor_PWM_StartAll)
    NMI_Handler                              0x08006309   Thumb Code     2  stm32f4xx_it.o(.text.NMI_Handler)
    OLED_Clear                               0x0800630d   Thumb Code   178  oled.o(.text.OLED_Clear)
    OLED_Init                                0x080063c1   Thumb Code   734  oled.o(.text.OLED_Init)
    OLED_ShowChar                            0x080066a1   Thumb Code  1806  oled.o(.text.OLED_ShowChar)
    OLED_ShowNum                             0x08006db1   Thumb Code   284  oled.o(.text.OLED_ShowNum)
    OLED_ShowString                          0x08006ecd   Thumb Code   172  oled.o(.text.OLED_ShowString)
    PendSV_Handler                           0x08006f79   Thumb Code     2  stm32f4xx_it.o(.text.PendSV_Handler)
    Process_Drone_Data                       0x08006f7d   Thumb Code    80  m_usart.o(.text.Process_Drone_Data)
    ReadNumberArray                          0x08006fdd   Thumb Code   486  my_flash.o(.text.ReadNumberArray)
    SVC_Handler                              0x080071c5   Thumb Code     2  stm32f4xx_it.o(.text.SVC_Handler)
    SaveNumberArray                          0x080071c9   Thumb Code    12  my_flash.o(.text.SaveNumberArray)
    Servo_GetXAngle                          0x080071d5   Thumb Code    14  m_servo.o(.text.Servo_GetXAngle)
    Servo_GetYAngle                          0x080071e5   Thumb Code    14  m_servo.o(.text.Servo_GetYAngle)
    Servo_Init                               0x080071f5   Thumb Code   452  m_servo.o(.text.Servo_Init)
    Servo_Reset                              0x080073e1   Thumb Code   300  m_servo.o(.text.Servo_Reset)
    Servo_Update                             0x0800752d   Thumb Code   952  m_servo.o(.text.Servo_Update)
    SysTick_Handler                          0x08007911   Thumb Code     4  stm32f4xx_it.o(.text.SysTick_Handler)
    SystemClock_Config                       0x08007915   Thumb Code   168  main.o(.text.SystemClock_Config)
    SystemInit                               0x080079bd   Thumb Code    18  system_stm32f4xx.o(.text.SystemInit)
    TIM2_IRQHandler                          0x080079d1   Thumb Code    12  stm32f4xx_it.o(.text.TIM2_IRQHandler)
    TIM2_Task_1000Hz                         0x080079dd   Thumb Code    38  main.o(.text.TIM2_Task_1000Hz)
    TIM2_Task_100Hz                          0x08007a05   Thumb Code    56  main.o(.text.TIM2_Task_100Hz)
    TIM5_IRQHandler                          0x08007a3d   Thumb Code    12  stm32f4xx_it.o(.text.TIM5_IRQHandler)
    TIM_Base_SetConfig                       0x08007a49   Thumb Code   322  stm32f4xx_hal_tim.o(.text.TIM_Base_SetConfig)
    UART4_IRQHandler                         0x08007b8d   Thumb Code    12  stm32f4xx_it.o(.text.UART4_IRQHandler)
    UART5_IRQHandler                         0x08007b99   Thumb Code    12  stm32f4xx_it.o(.text.UART5_IRQHandler)
    USART1_IRQHandler                        0x0800814d   Thumb Code    12  stm32f4xx_it.o(.text.USART1_IRQHandler)
    USART2_IRQHandler                        0x08008159   Thumb Code    12  stm32f4xx_it.o(.text.USART2_IRQHandler)
    USART3_IRQHandler                        0x08008165   Thumb Code    12  stm32f4xx_it.o(.text.USART3_IRQHandler)
    Uart_Init                                0x08008171   Thumb Code   178  m_usart.o(.text.Uart_Init)
    UsageFault_Handler                       0x08008225   Thumb Code     2  stm32f4xx_it.o(.text.UsageFault_Handler)
    WriteFlashData                           0x08008229   Thumb Code   298  my_flash.o(.text.WriteFlashData)
    delay_ms_nb_id                           0x08008355   Thumb Code    46  mytimer.o(.text.delay_ms_nb_id)
    draw_fly                                 0x08008385   Thumb Code    52  tjc_usart_hmi.o(.text.draw_fly)
    encoder_count                            0x080083d1   Thumb Code   112  encoder.o(.text.encoder_count)
    getCurrentPosition                       0x08008449   Thumb Code    16  m_navy.o(.text.getCurrentPosition)
    getNavigationState                       0x08008459   Thumb Code    12  m_navy.o(.text.getNavigationState)
    get_jy61p_dma                            0x08008469   Thumb Code   824  jy61p.o(.text.get_jy61p_dma)
    main                                     0x080087b9   Thumb Code   444  main.o(.text.main)
    navy_init                                0x08008979   Thumb Code    60  m_navy.o(.text.navy_init)
    normalize_angle                          0x080089bd   Thumb Code    72  m_pid.o(.text.normalize_angle)
    pid_calc_servo                           0x08008a15   Thumb Code   168  m_pid.o(.text.pid_calc_servo)
    pid_init_all                             0x08008ac9   Thumb Code   160  m_pid.o(.text.pid_init_all)
    pid_init_servo                           0x08008b69   Thumb Code    28  m_pid.o(.text.pid_init_servo)
    pid_reset_servo                          0x08008b85   Thumb Code    12  m_pid.o(.text.pid_reset_servo)
    setCurrentPosition                       0x08008b91   Thumb Code    16  m_navy.o(.text.setCurrentPosition)
    setNavigationParameters                  0x08008ba1   Thumb Code    14  m_navy.o(.text.setNavigationParameters)
    setTargetPosition                        0x08008bb1   Thumb Code    18  m_navy.o(.text.setTargetPosition)
    set_target_speed                         0x08008bc5   Thumb Code    14  m_pid.o(.text.set_target_speed)
    startNavigation                          0x08008bd5   Thumb Code    94  m_navy.o(.text.startNavigation)
    tjc_send_string                          0x08008c35   Thumb Code   224  tjc_usart_hmi.o(.text.tjc_send_string)
    turn_in_place                            0x08008d15   Thumb Code   428  m_pid.o(.text.turn_in_place)
    updateNavigation_control                 0x08008ed9   Thumb Code   620  m_navy.o(.text.updateNavigation_control)
    updatePosition                           0x08009165   Thumb Code   204  m_navy.o(.text.updatePosition)
    wheels_pid_control                       0x0800923d   Thumb Code   420  m_pid.o(.text.wheels_pid_control)
    wheels_pid_control_auto                  0x080093ed   Thumb Code    16  m_pid.o(.text.wheels_pid_control_auto)
    yaw_pid_control                          0x080093fd   Thumb Code   284  m_pid.o(.text.yaw_pid_control)
    __0sprintf                               0x08009531   Thumb Code    34  printfa.o(i.__0sprintf)
    __1sprintf                               0x08009531   Thumb Code     0  printfa.o(i.__0sprintf)
    __2sprintf                               0x08009531   Thumb Code     0  printfa.o(i.__0sprintf)
    __c89sprintf                             0x08009531   Thumb Code     0  printfa.o(i.__0sprintf)
    sprintf                                  0x08009531   Thumb Code     0  printfa.o(i.__0sprintf)
    __ARM_fpclassifyf                        0x08009559   Thumb Code    38  fpclassifyf.o(i.__ARM_fpclassifyf)
    __hardfp_atan2f                          0x08009581   Thumb Code   594  atan2f.o(i.__hardfp_atan2f)
    __hardfp_cosf                            0x0800982d   Thumb Code   280  cosf.o(i.__hardfp_cosf)
    __hardfp_fmodf                           0x0800997d   Thumb Code   176  fmodf.o(i.__hardfp_fmodf)
    __hardfp_sinf                            0x08009a2d   Thumb Code   344  sinf.o(i.__hardfp_sinf)
    __mathlib_flt_infnan                     0x08009bbd   Thumb Code     6  funder.o(i.__mathlib_flt_infnan)
    __mathlib_flt_infnan2                    0x08009bc3   Thumb Code     6  funder.o(i.__mathlib_flt_infnan2)
    __mathlib_flt_invalid                    0x08009bc9   Thumb Code    10  funder.o(i.__mathlib_flt_invalid)
    __mathlib_flt_underflow                  0x08009bd9   Thumb Code    10  funder.o(i.__mathlib_flt_underflow)
    __mathlib_rredf2                         0x08009be9   Thumb Code   316  rredf.o(i.__mathlib_rredf2)
    __scatterload_copy                       0x08009d3d   Thumb Code    14  handlers.o(i.__scatterload_copy)
    __scatterload_null                       0x08009d4b   Thumb Code     2  handlers.o(i.__scatterload_null)
    __scatterload_zeroinit                   0x08009d4d   Thumb Code    14  handlers.o(i.__scatterload_zeroinit)
    __set_errno                              0x08009d5d   Thumb Code     6  errno.o(i.__set_errno)
    _is_digit                                0x08009eed   Thumb Code    14  scanf_fp.o(i._is_digit)
    __ctype_categories                       0x0800a654   Data          64  ctype_c.o(.constdata)
    AHBPrescTable                            0x0800a6ac   Data          16  system_stm32f4xx.o(.rodata.AHBPrescTable)
    APBPrescTable                            0x0800a6bc   Data           8  system_stm32f4xx.o(.rodata.APBPrescTable)
    F6x8                                     0x0800a6c4   Data         552  oledfont.o(.rodata.F6x8)
    F8X16                                    0x0800a8ec   Data        1504  oledfont.o(.rodata.F8X16)
    Region$$Table$$Base                      0x0800aed4   Number         0  anon$$obj.o(Region$$Table)
    Region$$Table$$Limit                     0x0800aef4   Number         0  anon$$obj.o(Region$$Table)
    uwTickFreq                               0x20000004   Data           1  stm32f4xx_hal.o(.data..L_MergedGlobals)
    uwTickPrio                               0x20000008   Data           4  stm32f4xx_hal.o(.data..L_MergedGlobals)
    CMD_Data                                 0x20000094   Data          23  oled.o(.data.CMD_Data)
    SystemCoreClock                          0x200000ac   Data           4  system_stm32f4xx.o(.data.SystemCoreClock)
    ftest                                    0x200001a2   Data           1  main.o(.bss..L_MergedGlobals)
    last_left_encoder                        0x200001a4   Data           2  encoder.o(.bss..L_MergedGlobals)
    last_right_encoder                       0x200001a6   Data           2  encoder.o(.bss..L_MergedGlobals)
    left_encoder_count                       0x200001a8   Data           4  encoder.o(.bss..L_MergedGlobals)
    right_encoder_count                      0x200001ac   Data           4  encoder.o(.bss..L_MergedGlobals)
    left_wheel_rpm                           0x200001b0   Data           4  encoder.o(.bss..L_MergedGlobals)
    right_wheel_rpm                          0x200001b4   Data           4  encoder.o(.bss..L_MergedGlobals)
    left_wheel_speed                         0x200001b8   Data           4  encoder.o(.bss..L_MergedGlobals)
    right_wheel_speed                        0x200001bc   Data           4  encoder.o(.bss..L_MergedGlobals)
    Rx_Cnt                                   0x200001c0   Data           1  jy61p.o(.bss..L_MergedGlobals)
    buffer_index                             0x200001c1   Data           1  jy61p.o(.bss..L_MergedGlobals)
    jy61p_Buffer                             0x200001c2   Data          11  jy61p.o(.bss..L_MergedGlobals)
    IMU_data                                 0x200001d0   Data          36  jy61p.o(.bss..L_MergedGlobals)
    g_left_target_speed                      0x200001f4   Data           4  m_pid.o(.bss..L_MergedGlobals)
    g_right_target_speed                     0x200001f8   Data           4  m_pid.o(.bss..L_MergedGlobals)
    g_target_yaw                             0x200001fc   Data           4  m_pid.o(.bss..L_MergedGlobals)
    left_wheel_pid                           0x20000200   Data          48  m_pid.o(.bss..L_MergedGlobals)
    right_wheel_pid                          0x20000230   Data          48  m_pid.o(.bss..L_MergedGlobals)
    uart_tx_busy                             0x20000260   Data           1  m_usart.o(.bss..L_MergedGlobals)
    new_data_flag                            0x20000261   Data           1  m_usart.o(.bss..L_MergedGlobals)
    drone_data                               0x20000268   Data          12  m_usart.o(.bss..L_MergedGlobals)
    USART3_DMA_Buffer                        0x20000274   Data          33  m_usart.o(.bss..L_MergedGlobals)
    Key_KeyNumber                            0x200002c6   Data           1  key.o(.bss..L_MergedGlobals)
    navyState                                0x200002c8   Data           1  m_navy.o(.bss..L_MergedGlobals.1)
    currentPosition                          0x200002f0   Data          12  m_navy.o(.bss..L_MergedGlobals.1)
    targetPosition                           0x200002fc   Data          12  m_navy.o(.bss..L_MergedGlobals.1)
    vision_data                              0x2000030c   Data          16  m_servo.o(.bss..L_MergedGlobals.22)
    flag_jim                                 0x20000364   Data           1  mission.o(.bss..L_MergedGlobals.47)
    fire_x_f                                 0x2000036c   Data           4  mission.o(.bss..L_MergedGlobals.47)
    RxBuffer                                 0x20000380   Data           1  tjc_usart_hmi.o(.bss.RxBuffer)
    USART1_RxData                            0x20000382   Data         200  m_usart.o(.bss.USART1_RxData)
    USART4_RxData                            0x2000044a   Data         200  m_usart.o(.bss.USART4_RxData)
    USART5_RxData                            0x20000512   Data         200  m_usart.o(.bss.USART5_RxData)
    fire_y_f                                 0x200005dc   Data           4  mission.o(.bss.fire_y_f)
    hadc1                                    0x200005e0   Data          72  adc.o(.bss.hadc1)
    hadc2                                    0x20000628   Data          72  adc.o(.bss.hadc2)
    hdma_uart4_rx                            0x20000670   Data          96  usart.o(.bss.hdma_uart4_rx)
    hdma_uart4_tx                            0x200006d0   Data          96  usart.o(.bss.hdma_uart4_tx)
    hdma_uart5_rx                            0x20000730   Data          96  usart.o(.bss.hdma_uart5_rx)
    hdma_uart5_tx                            0x20000790   Data          96  usart.o(.bss.hdma_uart5_tx)
    hdma_usart1_rx                           0x200007f0   Data          96  usart.o(.bss.hdma_usart1_rx)
    hdma_usart1_tx                           0x20000850   Data          96  usart.o(.bss.hdma_usart1_tx)
    hdma_usart2_rx                           0x200008b0   Data          96  usart.o(.bss.hdma_usart2_rx)
    hdma_usart2_tx                           0x20000910   Data          96  usart.o(.bss.hdma_usart2_tx)
    hdma_usart3_rx                           0x20000970   Data          96  usart.o(.bss.hdma_usart3_rx)
    hdma_usart6_rx                           0x200009d0   Data          96  usart.o(.bss.hdma_usart6_rx)
    hi2c1                                    0x20000a30   Data          84  i2c.o(.bss.hi2c1)
    hi2c2                                    0x20000a84   Data          84  i2c.o(.bss.hi2c2)
    hi2c3                                    0x20000ad8   Data          84  i2c.o(.bss.hi2c3)
    hspi1                                    0x20000b2c   Data          88  spi.o(.bss.hspi1)
    hspi2                                    0x20000b84   Data          88  spi.o(.bss.hspi2)
    htim1                                    0x20000bdc   Data          72  tim.o(.bss.htim1)
    htim2                                    0x20000c24   Data          72  tim.o(.bss.htim2)
    htim3                                    0x20000c6c   Data          72  tim.o(.bss.htim3)
    htim4                                    0x20000cb4   Data          72  tim.o(.bss.htim4)
    htim5                                    0x20000cfc   Data          72  tim.o(.bss.htim5)
    huart1                                   0x20000d44   Data          72  usart.o(.bss.huart1)
    huart2                                   0x20000d8c   Data          72  usart.o(.bss.huart2)
    huart3                                   0x20000dd4   Data          72  usart.o(.bss.huart3)
    huart4                                   0x20000e1c   Data          72  usart.o(.bss.huart4)
    huart5                                   0x20000e64   Data          72  usart.o(.bss.huart5)
    huart6                                   0x20000eac   Data          72  usart.o(.bss.huart6)
    pFlash                                   0x20000ef4   Data          32  stm32f4xx_hal_flash.o(.bss.pFlash)
    ringBuffer                               0x20000f14   Data         506  tjc_usart_hmi.o(.bss.ringBuffer)
    uwTick                                   0x20001158   Data           4  stm32f4xx_hal.o(.bss.uwTick)
    yaw_pid                                  0x2000115c   Data          48  m_pid.o(.bss.yaw_pid)
    __initial_sp                             0x20001590   Data           0  startup_stm32f407xx.o(STACK)



==============================================================================

Memory Map of the image

  Image Entry point : 0x08000189

  Load Region LR_IROM1 (Base: 0x08000000, Size: 0x0000b098, Max: 0x00080000, ABSOLUTE, COMPRESSED[0x0000af58])

    Execution Region ER_IROM1 (Exec base: 0x08000000, Load base: 0x08000000, Size: 0x0000aef4, Max: 0x00080000, ABSOLUTE)

    Exec Addr    Load Addr    Size         Type   Attr      Idx    E Section Name        Object

    0x08000000   0x08000000   0x00000188   Data   RO            3    RESET               startup_stm32f407xx.o
    0x08000188   0x08000188   0x00000000   Code   RO         1965  * .ARM.Collect$$$$00000000  mc_w.l(entry.o)
    0x08000188   0x08000188   0x00000004   Code   RO         2276    .ARM.Collect$$$$00000001  mc_w.l(entry2.o)
    0x0800018c   0x0800018c   0x00000004   Code   RO         2279    .ARM.Collect$$$$00000004  mc_w.l(entry5.o)
    0x08000190   0x08000190   0x00000000   Code   RO         2281    .ARM.Collect$$$$00000008  mc_w.l(entry7b.o)
    0x08000190   0x08000190   0x00000000   Code   RO         2283    .ARM.Collect$$$$0000000A  mc_w.l(entry8b.o)
    0x08000190   0x08000190   0x00000008   Code   RO         2284    .ARM.Collect$$$$0000000B  mc_w.l(entry9a.o)
    0x08000198   0x08000198   0x00000000   Code   RO         2286    .ARM.Collect$$$$0000000D  mc_w.l(entry10a.o)
    0x08000198   0x08000198   0x00000000   Code   RO         2288    .ARM.Collect$$$$0000000F  mc_w.l(entry11a.o)
    0x08000198   0x08000198   0x00000004   Code   RO         2277    .ARM.Collect$$$$00002712  mc_w.l(entry2.o)
    0x0800019c   0x0800019c   0x00000024   Code   RO            4    .text               startup_stm32f407xx.o
    0x080001c0   0x080001c0   0x00000062   Code   RO         1972    .text               mc_w.l(uldiv.o)
    0x08000222   0x08000222   0x00000014   Code   RO         1976    .text               mc_w.l(strchr.o)
    0x08000236   0x08000236   0x00000002   PAD
    0x08000238   0x08000238   0x00000038   Code   RO         2241    .text               mc_w.l(__0sscanf.o)
    0x08000270   0x08000270   0x0000014c   Code   RO         2243    .text               mc_w.l(_scanf_int.o)
    0x080003bc   0x080003bc   0x00000360   Code   RO         2245    .text               mc_w.l(scanf_fp.o)
    0x0800071c   0x0800071c   0x000000e4   Code   RO         2249    .text               mf_w.l(dmul.o)
    0x08000800   0x08000800   0x00000022   Code   RO         2251    .text               mf_w.l(dflti.o)
    0x08000822   0x08000822   0x00000038   Code   RO         2255    .text               mf_w.l(d2f.o)
    0x0800085a   0x0800085a   0x0000002c   Code   RO         2300    .text               mc_w.l(uidiv.o)
    0x08000886   0x08000886   0x0000001e   Code   RO         2302    .text               mc_w.l(llshl.o)
    0x080008a4   0x080008a4   0x00000020   Code   RO         2304    .text               mc_w.l(llushr.o)
    0x080008c4   0x080008c4   0x0000001c   Code   RO         2313    .text               mc_w.l(_chval.o)
    0x080008e0   0x080008e0   0x00000028   Code   RO         2315    .text               mc_w.l(scanf_char.o)
    0x08000908   0x08000908   0x00000040   Code   RO         2317    .text               mc_w.l(_sgetc.o)
    0x08000948   0x08000948   0x00000000   Code   RO         2319    .text               mc_w.l(iusefp.o)
    0x08000948   0x08000948   0x0000006e   Code   RO         2320    .text               mf_w.l(fepilogue.o)
    0x080009b6   0x080009b6   0x00000052   Code   RO         2322    .text               mf_w.l(frem.o)
    0x08000a08   0x08000a08   0x000000ba   Code   RO         2324    .text               mf_w.l(depilogue.o)
    0x08000ac2   0x08000ac2   0x0000014e   Code   RO         2326    .text               mf_w.l(dadd.o)
    0x08000c10   0x08000c10   0x000000de   Code   RO         2328    .text               mf_w.l(ddiv.o)
    0x08000cee   0x08000cee   0x00000018   Code   RO         2330    .text               mf_w.l(dfltul.o)
    0x08000d06   0x08000d06   0x00000030   Code   RO         2332    .text               mf_w.l(dfixul.o)
    0x08000d36   0x08000d36   0x00000002   PAD
    0x08000d38   0x08000d38   0x00000030   Code   RO         2334    .text               mf_w.l(cdrcmple.o)
    0x08000d68   0x08000d68   0x00000030   Code   RO         2336    .text               mc_w.l(init.o)
    0x08000d98   0x08000d98   0x00000024   Code   RO         2338    .text               mc_w.l(llsshr.o)
    0x08000dbc   0x08000dbc   0x0000000a   Code   RO         2340    .text               mc_w.l(isspace_c.o)
    0x08000dc6   0x08000dc6   0x00000002   PAD
    0x08000dc8   0x08000dc8   0x0000032c   Code   RO         2342    .text               mc_w.l(_scanf.o)
    0x080010f4   0x080010f4   0x00000028   Code   RO         2344    .text               mc_w.l(ctype_c.o)
    0x0800111c   0x0800111c   0x00000056   Code   RO         2355    .text               mc_w.l(__dczerorl2.o)
    0x08001172   0x08001172   0x00000002   PAD
    0x08001174   0x08001174   0x00000002   Code   RO          204    .text.BusFault_Handler  stm32f4xx_it.o
    0x08001176   0x08001176   0x00000002   PAD
    0x08001178   0x08001178   0x0000003c   Code   RO         1458    .text.Calculate_speed  encoder.o
    0x080011b4   0x080011b4   0x0000000c   Code   RO          216    .text.DMA1_Stream0_IRQHandler  stm32f4xx_it.o
    0x080011c0   0x080011c0   0x0000000c   Code   RO          218    .text.DMA1_Stream1_IRQHandler  stm32f4xx_it.o
    0x080011cc   0x080011cc   0x0000000c   Code   RO          220    .text.DMA1_Stream2_IRQHandler  stm32f4xx_it.o
    0x080011d8   0x080011d8   0x0000000c   Code   RO          222    .text.DMA1_Stream4_IRQHandler  stm32f4xx_it.o
    0x080011e4   0x080011e4   0x0000000c   Code   RO          224    .text.DMA1_Stream5_IRQHandler  stm32f4xx_it.o
    0x080011f0   0x080011f0   0x0000000c   Code   RO          226    .text.DMA1_Stream6_IRQHandler  stm32f4xx_it.o
    0x080011fc   0x080011fc   0x0000000c   Code   RO          236    .text.DMA1_Stream7_IRQHandler  stm32f4xx_it.o
    0x08001208   0x08001208   0x0000000c   Code   RO          244    .text.DMA2_Stream1_IRQHandler  stm32f4xx_it.o
    0x08001214   0x08001214   0x0000000c   Code   RO          246    .text.DMA2_Stream2_IRQHandler  stm32f4xx_it.o
    0x08001220   0x08001220   0x0000000c   Code   RO          248    .text.DMA2_Stream7_IRQHandler  stm32f4xx_it.o
    0x0800122c   0x0800122c   0x00000002   Code   RO          210    .text.DebugMon_Handler  stm32f4xx_it.o
    0x0800122e   0x0800122e   0x00000002   PAD
    0x08001230   0x08001230   0x00000006   Code   RO           23    .text.Error_Handler  main.o
    0x08001236   0x08001236   0x00000002   PAD
    0x08001238   0x08001238   0x000000fe   Code   RO          420    .text.FLASH_WaitForLastOperation  stm32f4xx_hal_flash.o
    0x08001336   0x08001336   0x00000002   PAD
    0x08001338   0x08001338   0x00000146   Code   RO          307    .text.HAL_ADC_ConfigChannel  stm32f4xx_hal_adc.o
    0x0800147e   0x0800147e   0x00000002   PAD
    0x08001480   0x08001480   0x0000015e   Code   RO          265    .text.HAL_ADC_Init  stm32f4xx_hal_adc.o
    0x080015de   0x080015de   0x00000002   PAD
    0x080015e0   0x080015e0   0x000000ac   Code   RO           59    .text.HAL_ADC_MspInit  adc.o
    0x0800168c   0x0800168c   0x0000008e   Code   RO          518    .text.HAL_DMA_Abort  stm32f4xx_hal_dma.o
    0x0800171a   0x0800171a   0x00000002   PAD
    0x0800171c   0x0800171c   0x00000024   Code   RO          520    .text.HAL_DMA_Abort_IT  stm32f4xx_hal_dma.o
    0x08001740   0x08001740   0x000001c0   Code   RO          524    .text.HAL_DMA_IRQHandler  stm32f4xx_hal_dma.o
    0x08001900   0x08001900   0x00000162   Code   RO          510    .text.HAL_DMA_Init  stm32f4xx_hal_dma.o
    0x08001a62   0x08001a62   0x00000002   PAD
    0x08001a64   0x08001a64   0x000000a2   Code   RO          516    .text.HAL_DMA_Start_IT  stm32f4xx_hal_dma.o
    0x08001b06   0x08001b06   0x00000002   PAD
    0x08001b08   0x08001b08   0x00000028   Code   RO          677    .text.HAL_Delay     stm32f4xx_hal.o
    0x08001b30   0x08001b30   0x0000018a   Code   RO          451    .text.HAL_FLASHEx_Erase  stm32f4xx_hal_flash_ex.o
    0x08001cba   0x08001cba   0x00000002   PAD
    0x08001cbc   0x08001cbc   0x00000014   Code   RO          432    .text.HAL_FLASH_Lock  stm32f4xx_hal_flash.o
    0x08001cd0   0x08001cd0   0x00000120   Code   RO          418    .text.HAL_FLASH_Program  stm32f4xx_hal_flash.o
    0x08001df0   0x08001df0   0x0000002e   Code   RO          430    .text.HAL_FLASH_Unlock  stm32f4xx_hal_flash.o
    0x08001e1e   0x08001e1e   0x00000002   PAD
    0x08001e20   0x08001e20   0x0000019e   Code   RO          472    .text.HAL_GPIO_Init  stm32f4xx_hal_gpio.o
    0x08001fbe   0x08001fbe   0x00000002   PAD
    0x08001fc0   0x08001fc0   0x0000000a   Code   RO          476    .text.HAL_GPIO_ReadPin  stm32f4xx_hal_gpio.o
    0x08001fca   0x08001fca   0x00000002   PAD
    0x08001fcc   0x08001fcc   0x00000010   Code   RO          480    .text.HAL_GPIO_TogglePin  stm32f4xx_hal_gpio.o
    0x08001fdc   0x08001fdc   0x0000000a   Code   RO          478    .text.HAL_GPIO_WritePin  stm32f4xx_hal_gpio.o
    0x08001fe6   0x08001fe6   0x00000002   PAD
    0x08001fe8   0x08001fe8   0x0000000c   Code   RO          669    .text.HAL_GetTick   stm32f4xx_hal.o
    0x08001ff4   0x08001ff4   0x00000164   Code   RO          747    .text.HAL_I2C_Init  stm32f4xx_hal_i2c.o
    0x08002158   0x08002158   0x0000015c   Code   RO          791    .text.HAL_I2C_Mem_Write  stm32f4xx_hal_i2c.o
    0x080022b4   0x080022b4   0x00000172   Code   RO           88    .text.HAL_I2C_MspInit  i2c.o
    0x08002426   0x08002426   0x00000002   PAD
    0x08002428   0x08002428   0x0000001a   Code   RO          667    .text.HAL_IncTick   stm32f4xx_hal.o
    0x08002442   0x08002442   0x00000002   PAD
    0x08002444   0x08002444   0x00000036   Code   RO          657    .text.HAL_Init      stm32f4xx_hal.o
    0x0800247a   0x0800247a   0x00000002   PAD
    0x0800247c   0x0800247c   0x00000048   Code   RO          659    .text.HAL_InitTick  stm32f4xx_hal.o
    0x080024c4   0x080024c4   0x0000003c   Code   RO          257    .text.HAL_MspInit   stm32f4xx_hal_msp.o
    0x08002500   0x08002500   0x00000022   Code   RO          609    .text.HAL_NVIC_EnableIRQ  stm32f4xx_hal_cortex.o
    0x08002522   0x08002522   0x00000002   PAD
    0x08002524   0x08002524   0x00000056   Code   RO          607    .text.HAL_NVIC_SetPriority  stm32f4xx_hal_cortex.o
    0x0800257a   0x0800257a   0x00000002   PAD
    0x0800257c   0x0800257c   0x00000020   Code   RO          605    .text.HAL_NVIC_SetPriorityGrouping  stm32f4xx_hal_cortex.o
    0x0800259c   0x0800259c   0x00000164   Code   RO          366    .text.HAL_RCC_ClockConfig  stm32f4xx_hal_rcc.o
    0x08002700   0x08002700   0x00000026   Code   RO          378    .text.HAL_RCC_GetPCLK1Freq  stm32f4xx_hal_rcc.o
    0x08002726   0x08002726   0x00000002   PAD
    0x08002728   0x08002728   0x00000026   Code   RO          380    .text.HAL_RCC_GetPCLK2Freq  stm32f4xx_hal_rcc.o
    0x0800274e   0x0800274e   0x00000002   PAD
    0x08002750   0x08002750   0x0000006c   Code   RO          368    .text.HAL_RCC_GetSysClockFreq  stm32f4xx_hal_rcc.o
    0x080027bc   0x080027bc   0x000003b0   Code   RO          364    .text.HAL_RCC_OscConfig  stm32f4xx_hal_rcc.o
    0x08002b6c   0x08002b6c   0x000000b4   Code   RO          886    .text.HAL_SPI_Init  stm32f4xx_hal_spi.o
    0x08002c20   0x08002c20   0x0000010e   Code   RO          107    .text.HAL_SPI_MspInit  spi.o
    0x08002d2e   0x08002d2e   0x00000002   PAD
    0x08002d30   0x08002d30   0x0000002c   Code   RO          617    .text.HAL_SYSTICK_Config  stm32f4xx_hal_cortex.o
    0x08002d5c   0x08002d5c   0x00000002   Code   RO         1305    .text.HAL_TIMEx_BreakCallback  stm32f4xx_hal_tim_ex.o
    0x08002d5e   0x08002d5e   0x00000002   PAD
    0x08002d60   0x08002d60   0x00000002   Code   RO         1301    .text.HAL_TIMEx_CommutCallback  stm32f4xx_hal_tim_ex.o
    0x08002d62   0x08002d62   0x00000002   PAD
    0x08002d64   0x08002d64   0x00000050   Code   RO         1297    .text.HAL_TIMEx_ConfigBreakDeadTime  stm32f4xx_hal_tim_ex.o
    0x08002db4   0x08002db4   0x000000ba   Code   RO         1295    .text.HAL_TIMEx_MasterConfigSynchronization  stm32f4xx_hal_tim_ex.o
    0x08002e6e   0x08002e6e   0x00000002   PAD
    0x08002e70   0x08002e70   0x0000005a   Code   RO         1000    .text.HAL_TIM_Base_Init  stm32f4xx_hal_tim.o
    0x08002eca   0x08002eca   0x00000002   PAD
    0x08002ecc   0x08002ecc   0x00000042   Code   RO          135    .text.HAL_TIM_Base_MspInit  tim.o
    0x08002f0e   0x08002f0e   0x00000002   PAD
    0x08002f10   0x08002f10   0x000000aa   Code   RO         1014    .text.HAL_TIM_Base_Start_IT  stm32f4xx_hal_tim.o
    0x08002fba   0x08002fba   0x00000002   PAD
    0x08002fbc   0x08002fbc   0x000001a0   Code   RO         1180    .text.HAL_TIM_ConfigClockSource  stm32f4xx_hal_tim.o
    0x0800315c   0x0800315c   0x000000b2   Code   RO         1114    .text.HAL_TIM_Encoder_Init  stm32f4xx_hal_tim.o
    0x0800320e   0x0800320e   0x00000002   PAD
    0x08003210   0x08003210   0x000000da   Code   RO          137    .text.HAL_TIM_Encoder_MspInit  tim.o
    0x080032ea   0x080032ea   0x00000002   PAD
    0x080032ec   0x080032ec   0x000000bc   Code   RO         1122    .text.HAL_TIM_Encoder_Start  stm32f4xx_hal_tim.o
    0x080033a8   0x080033a8   0x00000002   Code   RO         1136    .text.HAL_TIM_IC_CaptureCallback  stm32f4xx_hal_tim.o
    0x080033aa   0x080033aa   0x00000002   PAD
    0x080033ac   0x080033ac   0x0000014e   Code   RO         1134    .text.HAL_TIM_IRQHandler  stm32f4xx_hal_tim.o
    0x080034fa   0x080034fa   0x00000002   PAD
    0x080034fc   0x080034fc   0x00000002   Code   RO         1138    .text.HAL_TIM_OC_DelayElapsedCallback  stm32f4xx_hal_tim.o
    0x080034fe   0x080034fe   0x00000002   PAD
    0x08003500   0x08003500   0x00000224   Code   RO         1154    .text.HAL_TIM_PWM_ConfigChannel  stm32f4xx_hal_tim.o
    0x08003724   0x08003724   0x0000005a   Code   RO         1054    .text.HAL_TIM_PWM_Init  stm32f4xx_hal_tim.o
    0x0800377e   0x0800377e   0x00000002   PAD
    0x08003780   0x08003780   0x0000005e   Code   RO          133    .text.HAL_TIM_PWM_MspInit  tim.o
    0x080037de   0x080037de   0x00000002   PAD
    0x080037e0   0x080037e0   0x00000002   Code   RO         1140    .text.HAL_TIM_PWM_PulseFinishedCallback  stm32f4xx_hal_tim.o
    0x080037e2   0x080037e2   0x00000002   PAD
    0x080037e4   0x080037e4   0x0000011e   Code   RO         1062    .text.HAL_TIM_PWM_Start  stm32f4xx_hal_tim.o
    0x08003902   0x08003902   0x00000002   PAD
    0x08003904   0x08003904   0x0000003c   Code   RO         1576    .text.HAL_TIM_PeriodElapsedCallback  mytimer.o
    0x08003940   0x08003940   0x00000002   Code   RO         1144    .text.HAL_TIM_TriggerCallback  stm32f4xx_hal_tim.o
    0x08003942   0x08003942   0x00000002   PAD
    0x08003944   0x08003944   0x000001ea   Code   RO         1367    .text.HAL_UARTEx_ReceiveToIdle_DMA  stm32f4xx_hal_uart.o
    0x08003b2e   0x08003b2e   0x00000002   PAD
    0x08003b30   0x08003b30   0x000001b8   Code   RO         1536    .text.HAL_UARTEx_RxEventCallback  m_usart.o
    0x08003ce8   0x08003ce8   0x00000002   Code   RO         1403    .text.HAL_UART_ErrorCallback  stm32f4xx_hal_uart.o
    0x08003cea   0x08003cea   0x00000002   PAD
    0x08003cec   0x08003cec   0x00000588   Code   RO         1397    .text.HAL_UART_IRQHandler  stm32f4xx_hal_uart.o
    0x08004274   0x08004274   0x00000060   Code   RO         1319    .text.HAL_UART_Init  stm32f4xx_hal_uart.o
    0x080042d4   0x080042d4   0x00000564   Code   RO          170    .text.HAL_UART_MspInit  usart.o
    0x08004838   0x08004838   0x00000054   Code   RO         1341    .text.HAL_UART_Receive_IT  stm32f4xx_hal_uart.o
    0x0800488c   0x0800488c   0x00000070   Code   RO         1845    .text.HAL_UART_RxCpltCallback  tjc_usart_hmi.o
    0x080048fc   0x080048fc   0x00000002   Code   RO         1413    .text.HAL_UART_RxHalfCpltCallback  stm32f4xx_hal_uart.o
    0x080048fe   0x080048fe   0x00000002   PAD
    0x08004900   0x08004900   0x000000cc   Code   RO         1345    .text.HAL_UART_Transmit_DMA  stm32f4xx_hal_uart.o
    0x080049cc   0x080049cc   0x0000001c   Code   RO         1538    .text.HAL_UART_TxCpltCallback  m_usart.o
    0x080049e8   0x080049e8   0x00000002   Code   RO         1409    .text.HAL_UART_TxHalfCpltCallback  stm32f4xx_hal_uart.o
    0x080049ea   0x080049ea   0x00000002   PAD
    0x080049ec   0x080049ec   0x00000002   Code   RO          200    .text.HardFault_Handler  stm32f4xx_it.o
    0x080049ee   0x080049ee   0x00000002   PAD
    0x080049f0   0x080049f0   0x000000c8   Code   RO          793    .text.I2C_RequestMemoryWrite  stm32f4xx_hal_i2c.o
    0x08004ab8   0x08004ab8   0x000000ba   Code   RO          761    .text.I2C_WaitOnBTFFlagUntilTimeout  stm32f4xx_hal_i2c.o
    0x08004b72   0x08004b72   0x00000002   PAD
    0x08004b74   0x08004b74   0x000001ca   Code   RO          757    .text.I2C_WaitOnFlagUntilTimeout  stm32f4xx_hal_i2c.o
    0x08004d3e   0x08004d3e   0x00000002   PAD
    0x08004d40   0x08004d40   0x000000d6   Code   RO          875    .text.I2C_WaitOnMasterAddressFlagUntilTimeout  stm32f4xx_hal_i2c.o
    0x08004e16   0x08004e16   0x00000002   PAD
    0x08004e18   0x08004e18   0x000000ba   Code   RO          759    .text.I2C_WaitOnTXEFlagUntilTimeout  stm32f4xx_hal_i2c.o
    0x08004ed2   0x08004ed2   0x00000002   PAD
    0x08004ed4   0x08004ed4   0x00000010   Code   RO         1888    .text.Key           key.o
    0x08004ee4   0x08004ee4   0x00000128   Code   RO         1886    .text.Key_Loop      key.o
    0x0800500c   0x0800500c   0x0000006c   Code   RO           55    .text.MX_ADC1_Init  adc.o
    0x08005078   0x08005078   0x0000006c   Code   RO           57    .text.MX_ADC2_Init  adc.o
    0x080050e4   0x080050e4   0x000000dc   Code   RO           73    .text.MX_DMA_Init   dma.o
    0x080051c0   0x080051c0   0x00000116   Code   RO           45    .text.MX_GPIO_Init  gpio.o
    0x080052d6   0x080052d6   0x00000002   PAD
    0x080052d8   0x080052d8   0x0000003e   Code   RO           82    .text.MX_I2C1_Init  i2c.o
    0x08005316   0x08005316   0x00000002   PAD
    0x08005318   0x08005318   0x00000042   Code   RO           84    .text.MX_I2C2_Init  i2c.o
    0x0800535a   0x0800535a   0x00000002   PAD
    0x0800535c   0x0800535c   0x00000042   Code   RO           86    .text.MX_I2C3_Init  i2c.o
    0x0800539e   0x0800539e   0x00000002   PAD
    0x080053a0   0x080053a0   0x0000004c   Code   RO          103    .text.MX_SPI1_Init  spi.o
    0x080053ec   0x080053ec   0x00000046   Code   RO          105    .text.MX_SPI2_Init  spi.o
    0x08005432   0x08005432   0x00000002   PAD
    0x08005434   0x08005434   0x00000158   Code   RO          121    .text.MX_TIM1_Init  tim.o
    0x0800558c   0x0800558c   0x00000072   Code   RO          125    .text.MX_TIM2_Init  tim.o
    0x080055fe   0x080055fe   0x00000002   PAD
    0x08005600   0x08005600   0x00000068   Code   RO          127    .text.MX_TIM3_Init  tim.o
    0x08005668   0x08005668   0x00000110   Code   RO          129    .text.MX_TIM4_Init  tim.o
    0x08005778   0x08005778   0x00000068   Code   RO          131    .text.MX_TIM5_Init  tim.o
    0x080057e0   0x080057e0   0x0000003c   Code   RO          158    .text.MX_UART4_Init  usart.o
    0x0800581c   0x0800581c   0x0000003c   Code   RO          160    .text.MX_UART5_Init  usart.o
    0x08005858   0x08005858   0x0000003c   Code   RO          162    .text.MX_USART1_UART_Init  usart.o
    0x08005894   0x08005894   0x0000003c   Code   RO          164    .text.MX_USART2_UART_Init  usart.o
    0x080058d0   0x080058d0   0x0000003c   Code   RO          166    .text.MX_USART3_UART_Init  usart.o
    0x0800590c   0x0800590c   0x0000003c   Code   RO          168    .text.MX_USART6_UART_Init  usart.o
    0x08005948   0x08005948   0x00000002   Code   RO          202    .text.MemManage_Handler  stm32f4xx_it.o
    0x0800594a   0x0800594a   0x00000002   PAD
    0x0800594c   0x0800594c   0x000002d0   Code   RO         1705    .text.Mission_HandleFireFighting  mission.o
    0x08005c1c   0x08005c1c   0x00000044   Code   RO         1683    .text.Mission_Init  mission.o
    0x08005c60   0x08005c60   0x0000015a   Code   RO         1697    .text.Mission_StartByFireId  mission.o
    0x08005dba   0x08005dba   0x00000002   PAD
    0x08005dbc   0x08005dbc   0x00000022   Code   RO         1703    .text.Mission_StartFireProcessing  mission.o
    0x08005dde   0x08005dde   0x00000002   PAD
    0x08005de0   0x08005de0   0x00000426   Code   RO         1701    .text.Mission_Update  mission.o
    0x08006206   0x08006206   0x00000002   PAD
    0x08006208   0x08006208   0x000000e0   Code   RO         1566    .text.Motor_PWM_Output  motor_pwm.o
    0x080062e8   0x080062e8   0x0000001e   Code   RO         1558    .text.Motor_PWM_StartAll  motor_pwm.o
    0x08006306   0x08006306   0x00000002   PAD
    0x08006308   0x08006308   0x00000002   Code   RO          198    .text.NMI_Handler   stm32f4xx_it.o
    0x0800630a   0x0800630a   0x00000002   PAD
    0x0800630c   0x0800630c   0x000000b2   Code   RO         1744    .text.OLED_Clear    oled.o
    0x080063be   0x080063be   0x00000002   PAD
    0x080063c0   0x080063c0   0x000002de   Code   RO         1740    .text.OLED_Init     oled.o
    0x0800669e   0x0800669e   0x00000002   PAD
    0x080066a0   0x080066a0   0x0000070e   Code   RO         1758    .text.OLED_ShowChar  oled.o
    0x08006dae   0x08006dae   0x00000002   PAD
    0x08006db0   0x08006db0   0x0000011c   Code   RO         1762    .text.OLED_ShowNum  oled.o
    0x08006ecc   0x08006ecc   0x000000ac   Code   RO         1760    .text.OLED_ShowString  oled.o
    0x08006f78   0x08006f78   0x00000002   Code   RO          212    .text.PendSV_Handler  stm32f4xx_it.o
    0x08006f7a   0x08006f7a   0x00000002   PAD
    0x08006f7c   0x08006f7c   0x00000060   Code   RO         1542    .text.Process_Drone_Data  m_usart.o
    0x08006fdc   0x08006fdc   0x000001e6   Code   RO         1928    .text.ReadNumberArray  my_flash.o
    0x080071c2   0x080071c2   0x00000002   PAD
    0x080071c4   0x080071c4   0x00000002   Code   RO          208    .text.SVC_Handler   stm32f4xx_it.o
    0x080071c6   0x080071c6   0x00000002   PAD
    0x080071c8   0x080071c8   0x0000000c   Code   RO         1926    .text.SaveNumberArray  my_flash.o
    0x080071d4   0x080071d4   0x0000000e   Code   RO         1657    .text.Servo_GetXAngle  m_servo.o
    0x080071e2   0x080071e2   0x00000002   PAD
    0x080071e4   0x080071e4   0x0000000e   Code   RO         1659    .text.Servo_GetYAngle  m_servo.o
    0x080071f2   0x080071f2   0x00000002   PAD
    0x080071f4   0x080071f4   0x000001ec   Code   RO         1647    .text.Servo_Init    m_servo.o
    0x080073e0   0x080073e0   0x0000014c   Code   RO         1665    .text.Servo_Reset   m_servo.o
    0x0800752c   0x0800752c   0x000003e4   Code   RO         1663    .text.Servo_Update  m_servo.o
    0x08007910   0x08007910   0x00000004   Code   RO          214    .text.SysTick_Handler  stm32f4xx_it.o
    0x08007914   0x08007914   0x000000a8   Code   RO           21    .text.SystemClock_Config  main.o
    0x080079bc   0x080079bc   0x00000012   Code   RO         1441    .text.SystemInit    system_stm32f4xx.o
    0x080079ce   0x080079ce   0x00000002   PAD
    0x080079d0   0x080079d0   0x0000000c   Code   RO          228    .text.TIM2_IRQHandler  stm32f4xx_it.o
    0x080079dc   0x080079dc   0x00000026   Code   RO           15    .text.TIM2_Task_1000Hz  main.o
    0x08007a02   0x08007a02   0x00000002   PAD
    0x08007a04   0x08007a04   0x00000038   Code   RO           17    .text.TIM2_Task_100Hz  main.o
    0x08007a3c   0x08007a3c   0x0000000c   Code   RO          238    .text.TIM5_IRQHandler  stm32f4xx_it.o
    0x08007a48   0x08007a48   0x00000142   Code   RO         1004    .text.TIM_Base_SetConfig  stm32f4xx_hal_tim.o
    0x08007b8a   0x08007b8a   0x00000002   PAD
    0x08007b8c   0x08007b8c   0x0000000c   Code   RO          240    .text.UART4_IRQHandler  stm32f4xx_it.o
    0x08007b98   0x08007b98   0x0000000c   Code   RO          242    .text.UART5_IRQHandler  stm32f4xx_it.o
    0x08007ba4   0x08007ba4   0x0000000a   Code   RO         1401    .text.UART_DMAAbortOnError  stm32f4xx_hal_uart.o
    0x08007bae   0x08007bae   0x00000002   PAD
    0x08007bb0   0x08007bb0   0x0000017c   Code   RO         1351    .text.UART_DMAError  stm32f4xx_hal_uart.o
    0x08007d2c   0x08007d2c   0x0000015e   Code   RO         1429    .text.UART_DMAReceiveCplt  stm32f4xx_hal_uart.o
    0x08007e8a   0x08007e8a   0x00000002   PAD
    0x08007e8c   0x08007e8c   0x00000018   Code   RO         1431    .text.UART_DMARxHalfCplt  stm32f4xx_hal_uart.o
    0x08007ea4   0x08007ea4   0x000000b0   Code   RO         1347    .text.UART_DMATransmitCplt  stm32f4xx_hal_uart.o
    0x08007f54   0x08007f54   0x00000006   Code   RO         1349    .text.UART_DMATxHalfCplt  stm32f4xx_hal_uart.o
    0x08007f5a   0x08007f5a   0x00000002   PAD
    0x08007f5c   0x08007f5c   0x000000fe   Code   RO         1399    .text.UART_Receive_IT  stm32f4xx_hal_uart.o
    0x0800805a   0x0800805a   0x00000002   PAD
    0x0800805c   0x0800805c   0x000000ee   Code   RO         1323    .text.UART_SetConfig  stm32f4xx_hal_uart.o
    0x0800814a   0x0800814a   0x00000002   PAD
    0x0800814c   0x0800814c   0x0000000c   Code   RO          230    .text.USART1_IRQHandler  stm32f4xx_it.o
    0x08008158   0x08008158   0x0000000c   Code   RO          232    .text.USART2_IRQHandler  stm32f4xx_it.o
    0x08008164   0x08008164   0x0000000c   Code   RO          234    .text.USART3_IRQHandler  stm32f4xx_it.o
    0x08008170   0x08008170   0x000000b2   Code   RO         1534    .text.Uart_Init     m_usart.o
    0x08008222   0x08008222   0x00000002   PAD
    0x08008224   0x08008224   0x00000002   Code   RO          206    .text.UsageFault_Handler  stm32f4xx_it.o
    0x08008226   0x08008226   0x00000002   PAD
    0x08008228   0x08008228   0x0000012a   Code   RO         1920    .text.WriteFlashData  my_flash.o
    0x08008352   0x08008352   0x00000002   PAD
    0x08008354   0x08008354   0x0000002e   Code   RO         1584    .text.delay_ms_nb_id  mytimer.o
    0x08008382   0x08008382   0x00000002   PAD
    0x08008384   0x08008384   0x0000004c   Code   RO         1867    .text.draw_fly      tjc_usart_hmi.o
    0x080083d0   0x080083d0   0x00000078   Code   RO         1456    .text.encoder_count  encoder.o
    0x08008448   0x08008448   0x00000010   Code   RO         1607    .text.getCurrentPosition  m_navy.o
    0x08008458   0x08008458   0x0000000c   Code   RO         1625    .text.getNavigationState  m_navy.o
    0x08008464   0x08008464   0x00000004   PAD
    0x08008468   0x08008468   0x00000350   Code   RO         1471    .text.get_jy61p_dma  jy61p.o
    0x080087b8   0x080087b8   0x000001c0   Code   RO           19    .text.main          main.o
    0x08008978   0x08008978   0x00000044   Code   RO         1597    .text.navy_init     m_navy.o
    0x080089bc   0x080089bc   0x00000058   Code   RO         1504    .text.normalize_angle  m_pid.o
    0x08008a14   0x08008a14   0x000000b4   Code   RO         1492    .text.pid_calc_servo  m_pid.o
    0x08008ac8   0x08008ac8   0x000000a0   Code   RO         1494    .text.pid_init_all  m_pid.o
    0x08008b68   0x08008b68   0x0000001c   Code   RO         1488    .text.pid_init_servo  m_pid.o
    0x08008b84   0x08008b84   0x0000000c   Code   RO         1518    .text.pid_reset_servo  m_pid.o
    0x08008b90   0x08008b90   0x00000010   Code   RO         1603    .text.setCurrentPosition  m_navy.o
    0x08008ba0   0x08008ba0   0x0000000e   Code   RO         1627    .text.setNavigationParameters  m_navy.o
    0x08008bae   0x08008bae   0x00000002   PAD
    0x08008bb0   0x08008bb0   0x00000012   Code   RO         1605    .text.setTargetPosition  m_navy.o
    0x08008bc2   0x08008bc2   0x00000002   PAD
    0x08008bc4   0x08008bc4   0x0000000e   Code   RO         1496    .text.set_target_speed  m_pid.o
    0x08008bd2   0x08008bd2   0x00000002   PAD
    0x08008bd4   0x08008bd4   0x0000005e   Code   RO         1621    .text.startNavigation  m_navy.o
    0x08008c32   0x08008c32   0x00000002   PAD
    0x08008c34   0x08008c34   0x000000e0   Code   RO         1825    .text.tjc_send_string  tjc_usart_hmi.o
    0x08008d14   0x08008d14   0x000001c4   Code   RO         1522    .text.turn_in_place  m_pid.o
    0x08008ed8   0x08008ed8   0x0000028c   Code   RO         1629    .text.updateNavigation_control  m_navy.o
    0x08009164   0x08009164   0x000000d8   Code   RO         1611    .text.updatePosition  m_navy.o
    0x0800923c   0x0800923c   0x000001b0   Code   RO         1508    .text.wheels_pid_control  m_pid.o
    0x080093ec   0x080093ec   0x00000010   Code   RO         1520    .text.wheels_pid_control_auto  m_pid.o
    0x080093fc   0x080093fc   0x00000134   Code   RO         1506    .text.yaw_pid_control  m_pid.o
    0x08009530   0x08009530   0x00000028   Code   RO         2215    i.__0sprintf        mc_w.l(printfa.o)
    0x08009558   0x08009558   0x00000026   Code   RO         2257    i.__ARM_fpclassifyf  m_wm.l(fpclassifyf.o)
    0x0800957e   0x0800957e   0x00000002   PAD
    0x08009580   0x08009580   0x000002ac   Code   RO         1941    i.__hardfp_atan2f   m_wm.l(atan2f.o)
    0x0800982c   0x0800982c   0x00000150   Code   RO         1947    i.__hardfp_cosf     m_wm.l(cosf.o)
    0x0800997c   0x0800997c   0x000000b0   Code   RO         1953    i.__hardfp_fmodf    m_wm.l(fmodf.o)
    0x08009a2c   0x08009a2c   0x00000190   Code   RO         1959    i.__hardfp_sinf     m_wm.l(sinf.o)
    0x08009bbc   0x08009bbc   0x00000006   Code   RO         2260    i.__mathlib_flt_infnan  m_wm.l(funder.o)
    0x08009bc2   0x08009bc2   0x00000006   Code   RO         2261    i.__mathlib_flt_infnan2  m_wm.l(funder.o)
    0x08009bc8   0x08009bc8   0x00000010   Code   RO         2262    i.__mathlib_flt_invalid  m_wm.l(funder.o)
    0x08009bd8   0x08009bd8   0x00000010   Code   RO         2265    i.__mathlib_flt_underflow  m_wm.l(funder.o)
    0x08009be8   0x08009be8   0x00000154   Code   RO         2273    i.__mathlib_rredf2  m_wm.l(rredf.o)
    0x08009d3c   0x08009d3c   0x0000000e   Code   RO         2349    i.__scatterload_copy  mc_w.l(handlers.o)
    0x08009d4a   0x08009d4a   0x00000002   Code   RO         2350    i.__scatterload_null  mc_w.l(handlers.o)
    0x08009d4c   0x08009d4c   0x0000000e   Code   RO         2351    i.__scatterload_zeroinit  mc_w.l(handlers.o)
    0x08009d5a   0x08009d5a   0x00000002   PAD
    0x08009d5c   0x08009d5c   0x0000000c   Code   RO         2308    i.__set_errno       mc_w.l(errno.o)
    0x08009d68   0x08009d68   0x00000184   Code   RO         2220    i._fp_digits        mc_w.l(printfa.o)
    0x08009eec   0x08009eec   0x0000000e   Code   RO         2247    i._is_digit         mc_w.l(scanf_fp.o)
    0x08009efa   0x08009efa   0x00000002   PAD
    0x08009efc   0x08009efc   0x000006dc   Code   RO         2221    i._printf_core      mc_w.l(printfa.o)
    0x0800a5d8   0x0800a5d8   0x00000024   Code   RO         2222    i._printf_post_padding  mc_w.l(printfa.o)
    0x0800a5fc   0x0800a5fc   0x0000002e   Code   RO         2223    i._printf_pre_padding  mc_w.l(printfa.o)
    0x0800a62a   0x0800a62a   0x0000000a   Code   RO         2225    i._sputc            mc_w.l(printfa.o)
    0x0800a634   0x0800a634   0x00000020   Data   RO         2274    .constdata          m_wm.l(rredf.o)
    0x0800a654   0x0800a654   0x00000040   Data   RO         2345    .constdata          mc_w.l(ctype_c.o)
    0x0800a694   0x0800a694   0x00000018   Data   RO         1728    .rodata..Lswitch.table.Mission_HandleFireFighting.45  mission.o
    0x0800a6ac   0x0800a6ac   0x00000010   Data   RO         1446    .rodata.AHBPrescTable  system_stm32f4xx.o
    0x0800a6bc   0x0800a6bc   0x00000008   Data   RO         1447    .rodata.APBPrescTable  system_stm32f4xx.o
    0x0800a6c4   0x0800a6c4   0x00000228   Data   RO         1789    .rodata.F6x8        oledfont.o
    0x0800a8ec   0x0800a8ec   0x000005e0   Data   RO         1790    .rodata.F8X16       oledfont.o
    0x0800aecc   0x0800aecc   0x00000008   Data   RO          534    .rodata.cst8        stm32f4xx_hal_dma.o
    0x0800aed4   0x0800aed4   0x00000020   Data   RO         2348    Region$$Table       anon$$obj.o


    Execution Region RW_IRAM1 (Exec base: 0x20000000, Load base: 0x0800aef8, Size: 0x00001590, Max: 0x0001c000, ABSOLUTE, COMPRESSED[0x00000060])

    Exec Addr    Load Addr    Size         Type   Attr      Idx    E Section Name        Object

    0x20000000   COMPRESSED   0x00000004   Data   RW         2309    .data               mc_w.l(errno.o)
    0x20000004   COMPRESSED   0x00000008   Data   RW          712    .data..L_MergedGlobals  stm32f4xx_hal.o
    0x2000000c   COMPRESSED   0x00000008   Data   RW         1637    .data..L_MergedGlobals  m_navy.o
    0x20000014   COMPRESSED   0x00000008   Data   RW         1673    .data..L_MergedGlobals  m_servo.o
    0x2000001c   COMPRESSED   0x00000078   Data   RW         1730    .data..L_MergedGlobals  mission.o
    0x20000094   COMPRESSED   0x00000017   Data   RW         1780    .data.CMD_Data      oled.o
    0x200000ab   COMPRESSED   0x00000001   PAD
    0x200000ac   COMPRESSED   0x00000004   Data   RW         1445    .data.SystemCoreClock  system_stm32f4xx.o
    0x200000b0   COMPRESSED   0x00000024   Data   RW         1722    .data.pathFromFire1  mission.o
    0x200000d4   COMPRESSED   0x00000024   Data   RW         1723    .data.pathFromFire2  mission.o
    0x200000f8   COMPRESSED   0x00000024   Data   RW         1724    .data.pathFromFire3  mission.o
    0x2000011c   COMPRESSED   0x00000024   Data   RW         1725    .data.pathFromFire4  mission.o
    0x20000140   COMPRESSED   0x00000024   Data   RW         1726    .data.pathFromFire5  mission.o
    0x20000164   COMPRESSED   0x00000024   Data   RW         1727    .data.pathFromFire6  mission.o
    0x20000188   COMPRESSED   0x00000018   Data   RW         1720    .data.pathToFire6   mission.o
    0x200001a0        -       0x00000003   Zero   RW           36    .bss..L_MergedGlobals  main.o
    0x200001a3   COMPRESSED   0x00000001   PAD
    0x200001a4        -       0x0000001c   Zero   RW         1460    .bss..L_MergedGlobals  encoder.o
    0x200001c0        -       0x00000034   Zero   RW         1477    .bss..L_MergedGlobals  jy61p.o
    0x200001f4        -       0x0000006c   Zero   RW         1525    .bss..L_MergedGlobals  m_pid.o
    0x20000260        -       0x00000035   Zero   RW         1549    .bss..L_MergedGlobals  m_usart.o
    0x20000295   COMPRESSED   0x00000003   PAD
    0x20000298        -       0x0000002c   Zero   RW         1588    .bss..L_MergedGlobals  mytimer.o
    0x200002c4        -       0x00000003   Zero   RW         1890    .bss..L_MergedGlobals  key.o
    0x200002c7   COMPRESSED   0x00000001   PAD
    0x200002c8        -       0x00000040   Zero   RW         1638    .bss..L_MergedGlobals.1  m_navy.o
    0x20000308        -       0x0000005c   Zero   RW         1674    .bss..L_MergedGlobals.22  m_servo.o
    0x20000364        -       0x0000001c   Zero   RW         1731    .bss..L_MergedGlobals.47  mission.o
    0x20000380        -       0x00000001   Zero   RW         1870    .bss.RxBuffer       tjc_usart_hmi.o
    0x20000381        -       0x00000001   Zero   RW           33    .bss.TIM2_Task_100Hz.counter_10hz  main.o
    0x20000382        -       0x000000c8   Zero   RW         1546    .bss.USART1_RxData  m_usart.o
    0x2000044a        -       0x000000c8   Zero   RW         1544    .bss.USART4_RxData  m_usart.o
    0x20000512        -       0x000000c8   Zero   RW         1545    .bss.USART5_RxData  m_usart.o
    0x200005da   COMPRESSED   0x00000002   PAD
    0x200005dc        -       0x00000004   Zero   RW         1719    .bss.fire_y_f       mission.o
    0x200005e0        -       0x00000048   Zero   RW           63    .bss.hadc1          adc.o
    0x20000628        -       0x00000048   Zero   RW           64    .bss.hadc2          adc.o
    0x20000670        -       0x00000060   Zero   RW          181    .bss.hdma_uart4_rx  usart.o
    0x200006d0        -       0x00000060   Zero   RW          180    .bss.hdma_uart4_tx  usart.o
    0x20000730        -       0x00000060   Zero   RW          182    .bss.hdma_uart5_rx  usart.o
    0x20000790        -       0x00000060   Zero   RW          183    .bss.hdma_uart5_tx  usart.o
    0x200007f0        -       0x00000060   Zero   RW          184    .bss.hdma_usart1_rx  usart.o
    0x20000850        -       0x00000060   Zero   RW          185    .bss.hdma_usart1_tx  usart.o
    0x200008b0        -       0x00000060   Zero   RW          186    .bss.hdma_usart2_rx  usart.o
    0x20000910        -       0x00000060   Zero   RW          187    .bss.hdma_usart2_tx  usart.o
    0x20000970        -       0x00000060   Zero   RW          188    .bss.hdma_usart3_rx  usart.o
    0x200009d0        -       0x00000060   Zero   RW          189    .bss.hdma_usart6_rx  usart.o
    0x20000a30        -       0x00000054   Zero   RW           92    .bss.hi2c1          i2c.o
    0x20000a84        -       0x00000054   Zero   RW           93    .bss.hi2c2          i2c.o
    0x20000ad8        -       0x00000054   Zero   RW           94    .bss.hi2c3          i2c.o
    0x20000b2c        -       0x00000058   Zero   RW          111    .bss.hspi1          spi.o
    0x20000b84        -       0x00000058   Zero   RW          112    .bss.hspi2          spi.o
    0x20000bdc        -       0x00000048   Zero   RW          145    .bss.htim1          tim.o
    0x20000c24        -       0x00000048   Zero   RW          146    .bss.htim2          tim.o
    0x20000c6c        -       0x00000048   Zero   RW          147    .bss.htim3          tim.o
    0x20000cb4        -       0x00000048   Zero   RW          148    .bss.htim4          tim.o
    0x20000cfc        -       0x00000048   Zero   RW          149    .bss.htim5          tim.o
    0x20000d44        -       0x00000048   Zero   RW          176    .bss.huart1         usart.o
    0x20000d8c        -       0x00000048   Zero   RW          177    .bss.huart2         usart.o
    0x20000dd4        -       0x00000048   Zero   RW          178    .bss.huart3         usart.o
    0x20000e1c        -       0x00000048   Zero   RW          174    .bss.huart4         usart.o
    0x20000e64        -       0x00000048   Zero   RW          175    .bss.huart5         usart.o
    0x20000eac        -       0x00000048   Zero   RW          179    .bss.huart6         usart.o
    0x20000ef4        -       0x00000020   Zero   RW          442    .bss.pFlash         stm32f4xx_hal_flash.o
    0x20000f14        -       0x000001fa   Zero   RW         1871    .bss.ringBuffer     tjc_usart_hmi.o
    0x2000110e   COMPRESSED   0x00000002   PAD
    0x20001110        -       0x00000048   Zero   RW         1671    .bss.servo_y        m_servo.o
    0x20001158        -       0x00000004   Zero   RW          711    .bss.uwTick         stm32f4xx_hal.o
    0x2000115c        -       0x00000030   Zero   RW         1524    .bss.yaw_pid        m_pid.o
    0x2000118c   COMPRESSED   0x00000004   PAD
    0x20001190        -       0x00000400   Zero   RW            1    STACK               startup_stm32f407xx.o


    Execution Region RW_IRAM2 (Exec base: 0x2001c000, Load base: 0x0800af58, Size: 0x00000000, Max: 0x00004000, ABSOLUTE)

    **** No section assigned to this execution region ****


==============================================================================

Image component sizes


      Code (inc. data)   RO Data    RW Data    ZI Data      Debug   Object Name

       388          0          0          0        144       5701   adc.o
       220          0          0          0          0       3492   dma.o
       180         20          0          0         28       1474   encoder.o
       278          0          0          0          0       2441   gpio.o
       564          0          0          0        252       5793   i2c.o
       848         24          0          0         52       2707   jy61p.o
       312          0          0          0          3       2311   key.o
      1106         52          0          8         64      10012   m_navy.o
      1690         88          0          0        156      10472   m_pid.o
      1848        116          0          8        164      15010   m_servo.o
       742         68          0          0        653       5708   m_usart.o
       716          4          0          0          4       5833   main.o
      2230        180         24        360         32      10326   mission.o
       254          0          0          0          0       5614   motor_pwm.o
       796          0          0          0          0       6857   my_flash.o
       106          0          0          0         44       4615   mytimer.o
      3174          0          0         23          0      22111   oled.o
         0          0       2056          0          0        520   oledfont.o
       416          0          0          0        176       5583   spi.o
        36          8        392          0       1024        812   startup_stm32f407xx.o
       204          0          0          8          4       7274   stm32f4xx_hal.o
       676          0          0          0          0      12262   stm32f4xx_hal_adc.o
       196          0          0          0          0      10728   stm32f4xx_hal_cortex.o
      1142          6          8          0          0      10705   stm32f4xx_hal_dma.o
       608          0          0          0         32       5580   stm32f4xx_hal_flash.o
       394          0          0          0          0       5801   stm32f4xx_hal_flash_ex.o
       450          0          0          0          0       5302   stm32f4xx_hal_gpio.o
      1948          0          0          0          0      43836   stm32f4xx_hal_i2c.o
        60          0          0          0          0       1582   stm32f4xx_hal_msp.o
      1484          0          0          0          0       7445   stm32f4xx_hal_rcc.o
       180          0          0          0          0      26540   stm32f4xx_hal_spi.o
      2630          6          0          0          0      55633   stm32f4xx_hal_tim.o
       270          0          0          0          0      20993   stm32f4xx_hal_tim_ex.o
      3734          0          0          0          0      32356   stm32f4xx_hal_uart.o
       224          0          0          0          0       7189   stm32f4xx_it.o
        18          0         24          4          0       2558   system_stm32f4xx.o
      1316          0          0          0        360      13135   tim.o
       412         24          0          0        507      16540   tjc_usart_hmi.o
      1740          0          0          0       1392       9367   usart.o

    ----------------------------------------------------------------------
     33760        596       2536        412       5104     422218   Object Totals
         0          0         32          0          0          0   (incl. Generated)
       170          0          0          1         13          0   (incl. Padding)

    ----------------------------------------------------------------------

      Code (inc. data)   RO Data    RW Data    ZI Data      Debug   Library Member Name

       684         90          0          0          0        208   atan2f.o
       336         56          0          0          0        136   cosf.o
       176          0          0          0          0        168   fmodf.o
        38          0          0          0          0        116   fpclassifyf.o
        44         12          0          0          0        464   funder.o
       340         24         32          0          0        160   rredf.o
       400         56          0          0          0        212   sinf.o
        56          8          0          0          0         84   __0sscanf.o
        86          0          0          0          0          0   __dczerorl2.o
        28          0          0          0          0         68   _chval.o
       812          4          0          0          0        112   _scanf.o
       332          0          0          0          0         96   _scanf_int.o
        64          0          0          0          0         84   _sgetc.o
        40          6         64          0          0         68   ctype_c.o
         0          0          0          0          0          0   entry.o
         0          0          0          0          0          0   entry10a.o
         0          0          0          0          0          0   entry11a.o
         8          4          0          0          0          0   entry2.o
         4          0          0          0          0          0   entry5.o
         0          0          0          0          0          0   entry7b.o
         0          0          0          0          0          0   entry8b.o
         8          4          0          0          0          0   entry9a.o
        12          6          0          4          0         68   errno.o
        30          0          0          0          0          0   handlers.o
        48         10          0          0          0         68   init.o
        10          0          0          0          0         68   isspace_c.o
         0          0          0          0          0          0   iusefp.o
        30          0          0          0          0         68   llshl.o
        36          0          0          0          0         68   llsshr.o
        32          0          0          0          0         68   llushr.o
      2276         86          0          0          0        520   printfa.o
        40          8          0          0          0         84   scanf_char.o
       878         12          0          0          0        216   scanf_fp.o
        20          0          0          0          0         68   strchr.o
        44          0          0          0          0         80   uidiv.o
        98          0          0          0          0         92   uldiv.o
        48          0          0          0          0         68   cdrcmple.o
        56          0          0          0          0         88   d2f.o
       334          0          0          0          0        148   dadd.o
       222          0          0          0          0        100   ddiv.o
       186          0          0          0          0        176   depilogue.o
        48          0          0          0          0         68   dfixul.o
        34          0          0          0          0         76   dflti.o
        24          0          0          0          0         76   dfltul.o
       228          0          0          0          0         96   dmul.o
       110          0          0          0          0        168   fepilogue.o
        82          0          0          0          0         96   frem.o

    ----------------------------------------------------------------------
      8396        386         96          4          0       4604   Library Totals
        14          0          0          0          0          0   (incl. Padding)

    ----------------------------------------------------------------------

      Code (inc. data)   RO Data    RW Data    ZI Data      Debug   Library Name

      2018        238         32          0          0       1464   m_wm.l
      4992        148         64          4          0       1980   mc_w.l
      1372          0          0          0          0       1160   mf_w.l

    ----------------------------------------------------------------------
      8396        386         96          4          0       4604   Library Totals

    ----------------------------------------------------------------------

==============================================================================


      Code (inc. data)   RO Data    RW Data    ZI Data      Debug   

     42156        982       2632        416       5104     423822   Grand Totals
     42156        982       2632         96       5104     423822   ELF Image Totals (compressed)
     42156        982       2632         96          0          0   ROM Totals

==============================================================================

    Total RO  Size (Code + RO Data)                44788 (  43.74kB)
    Total RW  Size (RW Data + ZI Data)              5520 (   5.39kB)
    Total ROM Size (Code + RO Data + RW Data)      44884 (  43.83kB)

==============================================================================

