<html>
<body>
<pre>
<h1>�Vision Build Log</h1>
<h2>Tool Versions:</h2>
IDE-Version: ��Vision V5.39.0.0
Copyright (C) 2023 ARM Ltd and ARM Germany GmbH. All rights reserved.
License Information: 1 1, 1, LIC=LSNXV-PC84Y-IIX5V-PNKPU-UWXZP-KT2ZS
 
Tool Versions:
Toolchain:       MDK-ARM Plus  Version: 5.39.0.0
Toolchain Path:  F:\1_keil5\ARM\ARMCLANG\Bin
C Compiler:      ArmClang.exe V6.21
Assembler:       Armasm.exe V6.21
Linker/Locator:  ArmLink.exe V6.21
Library Manager: ArmAr.exe V6.21
Hex Converter:   FromElf.exe V6.21
CPU DLL:         SARMCM3.DLL V5.39.0.0
Dialog DLL:      DCM.DLL V1.17.5.0
Target DLL:      STLink\ST-LINKIII-KEIL_SWO.dll V3.2.0.0
Dialog DLL:      TCM.DLL V1.56.4.0
 
<h2>Project:</h2>
G:\2025E\2025e_car\MDK-ARM\2025e_car.uvprojx
Project File Date:  07/05/2025

<h2>Output:</h2>
*** Using Compiler 'V6.21', folder: 'F:\1_keil5\ARM\ARMCLANG\Bin'
Rebuild target '2025e_car'
compiling dma.c...
compiling usart.c...
compiling stm32f4xx_hal_rcc_ex.c...
compiling stm32f4xx_hal_rcc.c...
../Core/Src/main.c(128): warning: illegal character encoding in string literal [-Winvalid-source-encoding]
  128 |     printf("<EF><BF>????????????始导航到目标<EF><BF>????????????: (%.2f, %.2f)\r\n", x, y);
      |             ^~~~~~~~                        ~~~~~~~~
../Core/Src/main.c(136): warning: illegal character encoding in string literal [-Winvalid-source-encoding]
  136 |       printf("当前位置: (%.2f, %.2f), 航向<EF><BF>????????????: %.2f°\r\n", 
      |                                           ^~~~~~~~
../Core/Src/main.c(152): warning: illegal character encoding in string literal [-Winvalid-source-encoding]
  152 |     printf("无法<EF><BF>????????????始导航，请检查当前状态或目标点是否有效\r\n");
      |                 ^~~~~~~~
../Core/Src/main.c(239): warning: '/*' within block comment [-Wcomment]
  239 |     /* USER CODE END WHILE */
      |     ^
4 warnings generated.
compiling main.c...
compiling stm32f4xx_it.c...
compiling gpio.c...
compiling stm32f4xx_hal_msp.c...
compiling tim.c...
compiling i2c.c...
compiling stm32f4xx_hal_i2c_ex.c...
compiling stm32f4xx_hal_flash.c...
assembling startup_stm32f407xx.s...
compiling stm32f4xx_hal_i2c.c...
compiling stm32f4xx_hal_flash_ex.c...
compiling stm32f4xx_hal_flash_ramfunc.c...
compiling stm32f4xx_hal_gpio.c...
compiling stm32f4xx_hal_dma_ex.c...
compiling stm32f4xx_hal_pwr.c...
compiling stm32f4xx_hal_dma.c...
compiling stm32f4xx_hal.c...
compiling stm32f4xx_hal_pwr_ex.c...
compiling stm32f4xx_hal_exti.c...
compiling stm32f4xx_hal_cortex.c...
compiling stm32f4xx_hal_tim_ex.c...
compiling system_stm32f4xx.c...
compiling stm32f4xx_hal_uart.c...
compiling stm32f4xx_hal_tim.c...
compiling Encoder.c...
compiling jy61p.c...
compiling M_pid.c...
compiling Mytimer.c...
compiling M_usart.c...
compiling motor_pwm.c...
compiling M_navy.c...
linking...
Program Size: Code=22924 RO-data=552 RW-data=20 ZI-data=2588  
FromELF: creating hex file...
"2025e_car\2025e_car.axf" - 0 Error(s), 4 Warning(s).

<h2>Software Packages used:</h2>

Package Vendor: ARM
                http://www.keil.com/pack/ARM.CMSIS.5.9.0.pack
                ARM::CMSIS@5.9.0
                CMSIS (Common Microcontroller Software Interface Standard)
   * Component: CORE Version: 5.6.0

Package Vendor: Keil
                https://www.keil.com/pack/Keil.STM32F4xx_DFP.3.0.0.pack
                Keil::STM32F4xx_DFP@3.0.0
                STMicroelectronics STM32F4 Series Device Support

<h2>Collection of Component include folders:</h2>
  ./RTE/_2025e_car
  F:/1_keil5/packs/ARM/CMSIS/5.9.0/CMSIS/Core/Include

<h2>Collection of Component Files used:</h2>

   * Component: ARM::CMSIS:CORE@5.6.0
      Include file:  CMSIS/Core/Include/tz_context.h
Build Time Elapsed:  00:00:06
</pre>
</body>
</html>
