Component: ARM Compiler 5.05 update 1 (build 106) Tool: armlink [4d35e2]

==============================================================================

Section Cross References

    startup_stm32f407xx.o(STACK) refers (Special) to heapauxi.o(.text) for __use_two_region_memory
    startup_stm32f407xx.o(HEAP) refers (Special) to heapauxi.o(.text) for __use_two_region_memory
    startup_stm32f407xx.o(RESET) refers (Special) to heapauxi.o(.text) for __use_two_region_memory
    startup_stm32f407xx.o(RESET) refers to startup_stm32f407xx.o(STACK) for __initial_sp
    startup_stm32f407xx.o(RESET) refers to startup_stm32f407xx.o(.text) for Reset_Handler
    startup_stm32f407xx.o(RESET) refers to stm32f4xx_it.o(i.NMI_Handler) for NMI_Handler
    startup_stm32f407xx.o(RESET) refers to stm32f4xx_it.o(i.HardFault_Handler) for HardFault_Handler
    startup_stm32f407xx.o(RESET) refers to stm32f4xx_it.o(i.MemManage_Handler) for MemManage_Handler
    startup_stm32f407xx.o(RESET) refers to stm32f4xx_it.o(i.BusFault_Handler) for BusFault_Handler
    startup_stm32f407xx.o(RESET) refers to stm32f4xx_it.o(i.UsageFault_Handler) for UsageFault_Handler
    startup_stm32f407xx.o(RESET) refers to stm32f4xx_it.o(i.SVC_Handler) for SVC_Handler
    startup_stm32f407xx.o(RESET) refers to stm32f4xx_it.o(i.DebugMon_Handler) for DebugMon_Handler
    startup_stm32f407xx.o(RESET) refers to stm32f4xx_it.o(i.PendSV_Handler) for PendSV_Handler
    startup_stm32f407xx.o(RESET) refers to stm32f4xx_it.o(i.SysTick_Handler) for SysTick_Handler
    startup_stm32f407xx.o(RESET) refers to stm32f4xx_it.o(i.DMA1_Stream2_IRQHandler) for DMA1_Stream2_IRQHandler
    startup_stm32f407xx.o(RESET) refers to stm32f4xx_it.o(i.DMA1_Stream4_IRQHandler) for DMA1_Stream4_IRQHandler
    startup_stm32f407xx.o(RESET) refers to stm32f4xx_it.o(i.TIM2_IRQHandler) for TIM2_IRQHandler
    startup_stm32f407xx.o(RESET) refers to stm32f4xx_it.o(i.USART3_IRQHandler) for USART3_IRQHandler
    startup_stm32f407xx.o(RESET) refers to stm32f4xx_it.o(i.UART4_IRQHandler) for UART4_IRQHandler
    startup_stm32f407xx.o(.text) refers (Special) to heapauxi.o(.text) for __use_two_region_memory
    startup_stm32f407xx.o(.text) refers to system_stm32f4xx.o(i.SystemInit) for SystemInit
    startup_stm32f407xx.o(.text) refers to __main.o(!!!main) for __main
    startup_stm32f407xx.o(.text) refers to startup_stm32f407xx.o(HEAP) for Heap_Mem
    startup_stm32f407xx.o(.text) refers to startup_stm32f407xx.o(STACK) for Stack_Mem
    main.o(i.SystemClock_Config) refers to rt_memclr_w.o(.text) for __aeabi_memclr4
    main.o(i.SystemClock_Config) refers to stm32f4xx_hal_rcc.o(i.HAL_RCC_OscConfig) for HAL_RCC_OscConfig
    main.o(i.SystemClock_Config) refers to stm32f4xx_hal_rcc.o(i.HAL_RCC_ClockConfig) for HAL_RCC_ClockConfig
    main.o(i.TIM2_Task_1000Hz) refers to encoder.o(i.encoder_count) for encoder_count
    main.o(i.TIM2_Task_1000Hz) refers to encoder.o(i.Calculate_speed) for Calculate_speed
    main.o(i.TIM2_Task_1000Hz) refers to encoder.o(.data) for right_wheel_rpm
    main.o(i.TIM2_Task_100Hz) refers to m_navy.o(i.updatePosition) for updatePosition
    main.o(i.TIM2_Task_100Hz) refers to m_pid.o(i.wheels_pid_control_auto) for wheels_pid_control_auto
    main.o(i.car_init) refers to motor_pwm.o(i.Motor_PWM_StartAll) for Motor_PWM_StartAll
    main.o(i.car_init) refers to stm32f4xx_hal_tim.o(i.HAL_TIM_Base_Start_IT) for HAL_TIM_Base_Start_IT
    main.o(i.car_init) refers to stm32f4xx_hal_tim.o(i.HAL_TIM_Encoder_Start) for HAL_TIM_Encoder_Start
    main.o(i.car_init) refers to m_usart.o(i.Uart_Init) for Uart_Init
    main.o(i.car_init) refers to m_pid.o(i.pid_init_all) for pid_init_all
    main.o(i.car_init) refers to m_pid.o(i.set_target_speed) for set_target_speed
    main.o(i.car_init) refers to m_navy.o(i.navy_init) for navy_init
    main.o(i.car_init) refers to tim.o(.bss) for htim2
    main.o(i.main) refers to stm32f4xx_hal.o(i.HAL_Init) for HAL_Init
    main.o(i.main) refers to main.o(i.SystemClock_Config) for SystemClock_Config
    main.o(i.main) refers to gpio.o(i.MX_GPIO_Init) for MX_GPIO_Init
    main.o(i.main) refers to dma.o(i.MX_DMA_Init) for MX_DMA_Init
    main.o(i.main) refers to tim.o(i.MX_TIM1_Init) for MX_TIM1_Init
    main.o(i.main) refers to tim.o(i.MX_TIM2_Init) for MX_TIM2_Init
    main.o(i.main) refers to tim.o(i.MX_TIM3_Init) for MX_TIM3_Init
    main.o(i.main) refers to tim.o(i.MX_TIM4_Init) for MX_TIM4_Init
    main.o(i.main) refers to usart.o(i.MX_UART4_Init) for MX_UART4_Init
    main.o(i.main) refers to usart.o(i.MX_UART5_Init) for MX_UART5_Init
    main.o(i.main) refers to usart.o(i.MX_USART1_UART_Init) for MX_USART1_UART_Init
    main.o(i.main) refers to usart.o(i.MX_USART3_UART_Init) for MX_USART3_UART_Init
    main.o(i.main) refers to usart.o(i.MX_USART6_UART_Init) for MX_USART6_UART_Init
    main.o(i.main) refers to i2c.o(i.MX_I2C1_Init) for MX_I2C1_Init
    main.o(i.main) refers to i2c.o(i.MX_I2C2_Init) for MX_I2C2_Init
[...]
    i.HAL_InitTick                           0x08000db0   Section        0  stm32f4xx_hal.o(i.HAL_InitTick)
    i.HAL_MspInit                            0x08000df0   Section        0  stm32f4xx_hal_msp.o(i.HAL_MspInit)
    i.HAL_NVIC_EnableIRQ                     0x08000e20   Section        0  stm32f4xx_hal_cortex.o(i.HAL_NVIC_EnableIRQ)
    i.HAL_NVIC_SetPriority                   0x08000e3c   Section        0  stm32f4xx_hal_cortex.o(i.HAL_NVIC_SetPriority)
    i.HAL_NVIC_SetPriorityGrouping           0x08000e7c   Section        0  stm32f4xx_hal_cortex.o(i.HAL_NVIC_SetPriorityGrouping)
    i.HAL_RCC_ClockConfig                    0x08000ea0   Section        0  stm32f4xx_hal_rcc.o(i.HAL_RCC_ClockConfig)
    i.HAL_RCC_GetPCLK1Freq                   0x08000fd4   Section        0  stm32f4xx_hal_rcc.o(i.HAL_RCC_GetPCLK1Freq)
    i.HAL_RCC_GetPCLK2Freq                   0x08000ff4   Section        0  stm32f4xx_hal_rcc.o(i.HAL_RCC_GetPCLK2Freq)
    i.HAL_RCC_GetSysClockFreq                0x08001014   Section        0  stm32f4xx_hal_rcc.o(i.HAL_RCC_GetSysClockFreq)
    i.HAL_RCC_OscConfig                      0x08001078   Section        0  stm32f4xx_hal_rcc.o(i.HAL_RCC_OscConfig)
    i.HAL_SYSTICK_Config                     0x080013e4   Section        0  stm32f4xx_hal_cortex.o(i.HAL_SYSTICK_Config)
    i.HAL_TIMEx_BreakCallback                0x0800140c   Section        0  stm32f4xx_hal_tim_ex.o(i.HAL_TIMEx_BreakCallback)
    i.HAL_TIMEx_CommutCallback               0x0800140e   Section        0  stm32f4xx_hal_tim_ex.o(i.HAL_TIMEx_CommutCallback)
    i.HAL_TIMEx_ConfigBreakDeadTime          0x08001410   Section        0  stm32f4xx_hal_tim_ex.o(i.HAL_TIMEx_ConfigBreakDeadTime)
    i.HAL_TIMEx_MasterConfigSynchronization  0x08001464   Section        0  stm32f4xx_hal_tim_ex.o(i.HAL_TIMEx_MasterConfigSynchronization)
    i.HAL_TIM_Base_Init                      0x080014f4   Section        0  stm32f4xx_hal_tim.o(i.HAL_TIM_Base_Init)
    i.HAL_TIM_Base_MspInit                   0x08001550   Section        0  tim.o(i.HAL_TIM_Base_MspInit)
    i.HAL_TIM_Base_Start_IT                  0x08001588   Section        0  stm32f4xx_hal_tim.o(i.HAL_TIM_Base_Start_IT)
    i.HAL_TIM_ConfigClockSource              0x08001608   Section        0  stm32f4xx_hal_tim.o(i.HAL_TIM_ConfigClockSource)
    i.HAL_TIM_Encoder_Init                   0x080016e4   Section        0  stm32f4xx_hal_tim.o(i.HAL_TIM_Encoder_Init)
    i.HAL_TIM_Encoder_MspInit                0x08001788   Section        0  tim.o(i.HAL_TIM_Encoder_MspInit)
    i.HAL_TIM_Encoder_Start                  0x0800182c   Section        0  stm32f4xx_hal_tim.o(i.HAL_TIM_Encoder_Start)
    i.HAL_TIM_IC_CaptureCallback             0x080018ba   Section        0  stm32f4xx_hal_tim.o(i.HAL_TIM_IC_CaptureCallback)
    i.HAL_TIM_IRQHandler                     0x080018bc   Section        0  stm32f4xx_hal_tim.o(i.HAL_TIM_IRQHandler)
    i.HAL_TIM_MspPostInit                    0x080019ec   Section        0  tim.o(i.HAL_TIM_MspPostInit)
    i.HAL_TIM_OC_DelayElapsedCallback        0x08001a70   Section        0  stm32f4xx_hal_tim.o(i.HAL_TIM_OC_DelayElapsedCallback)
    i.HAL_TIM_PWM_ConfigChannel              0x08001a72   Section        0  stm32f4xx_hal_tim.o(i.HAL_TIM_PWM_ConfigChannel)
    i.HAL_TIM_PWM_Init                       0x08001b3e   Section        0  stm32f4xx_hal_tim.o(i.HAL_TIM_PWM_Init)
    i.HAL_TIM_PWM_MspInit                    0x08001b98   Section        0  tim.o(i.HAL_TIM_PWM_MspInit)
    i.HAL_TIM_PWM_PulseFinishedCallback      0x08001bdc   Section        0  stm32f4xx_hal_tim.o(i.HAL_TIM_PWM_PulseFinishedCallback)
    i.HAL_TIM_PWM_Start                      0x08001be0   Section        0  stm32f4xx_hal_tim.o(i.HAL_TIM_PWM_Start)
    i.HAL_TIM_PeriodElapsedCallback          0x08001ca8   Section        0  mytimer.o(i.HAL_TIM_PeriodElapsedCallback)
    i.HAL_TIM_TriggerCallback                0x08001cd4   Section        0  stm32f4xx_hal_tim.o(i.HAL_TIM_TriggerCallback)
    i.HAL_UARTEx_ReceiveToIdle_DMA           0x08001cd6   Section        0  stm32f4xx_hal_uart.o(i.HAL_UARTEx_ReceiveToIdle_DMA)
    i.HAL_UARTEx_RxEventCallback             0x08001d20   Section        0  m_usart.o(i.HAL_UARTEx_RxEventCallback)
    i.HAL_UART_ErrorCallback                 0x08001d58   Section        0  stm32f4xx_hal_uart.o(i.HAL_UART_ErrorCallback)
    i.HAL_UART_IRQHandler                    0x08001d5c   Section        0  stm32f4xx_hal_uart.o(i.HAL_UART_IRQHandler)
    i.HAL_UART_Init                          0x08001fdc   Section        0  stm32f4xx_hal_uart.o(i.HAL_UART_Init)
    i.HAL_UART_MspInit                       0x08002040   Section        0  usart.o(i.HAL_UART_MspInit)
    i.HAL_UART_Receive_IT                    0x080022b8   Section        0  stm32f4xx_hal_uart.o(i.HAL_UART_Receive_IT)
    i.HAL_UART_RxCpltCallback                0x080022d4   Section        0  m_usart.o(i.HAL_UART_RxCpltCallback)
    i.HAL_UART_RxHalfCpltCallback            0x080022fc   Section        0  stm32f4xx_hal_uart.o(i.HAL_UART_RxHalfCpltCallback)
    i.HAL_UART_Transmit_DMA                  0x08002300   Section        0  stm32f4xx_hal_uart.o(i.HAL_UART_Transmit_DMA)
    i.HAL_UART_TxCpltCallback                0x08002384   Section        0  stm32f4xx_hal_uart.o(i.HAL_UART_TxCpltCallback)
    i.HAL_UART_TxHalfCpltCallback            0x08002386   Section        0  stm32f4xx_hal_uart.o(i.HAL_UART_TxHalfCpltCallback)
    i.HardFault_Handler                      0x08002388   Section        0  stm32f4xx_it.o(i.HardFault_Handler)
    i.MX_DMA_Init                            0x0800238c   Section        0  dma.o(i.MX_DMA_Init)
    i.MX_GPIO_Init                           0x080023c8   Section        0  gpio.o(i.MX_GPIO_Init)
    i.MX_I2C1_Init                           0x08002468   Section        0  i2c.o(i.MX_I2C1_Init)
    i.MX_I2C2_Init                           0x080024a8   Section        0  i2c.o(i.MX_I2C2_Init)
    i.MX_I2C3_Init                           0x080024e8   Section        0  i2c.o(i.MX_I2C3_Init)
    i.MX_TIM1_Init                           0x08002528   Section        0  tim.o(i.MX_TIM1_Init)
    i.MX_TIM2_Init                           0x080025f8   Section        0  tim.o(i.MX_TIM2_Init)
    i.MX_TIM3_Init                           0x0800265c   Section        0  tim.o(i.MX_TIM3_Init)
    i.MX_TIM4_Init                           0x080026c8   Section        0  tim.o(i.MX_TIM4_Init)
    i.MX_TIM5_Init                           0x08002734   Section        0  tim.o(i.MX_TIM5_Init)
    i.MX_UART4_Init                          0x080027b0   Section        0  usart.o(i.MX_UART4_Init)
    i.MX_UART5_Init                          0x080027e8   Section        0  usart.o(i.MX_UART5_Init)
    i.MX_USART1_UART_Init                    0x08002820   Section        0  usart.o(i.MX_USART1_UART_Init)
    i.MX_USART2_UART_Init                    0x08002858   Section        0  usart.o(i.MX_USART2_UART_Init)
    i.MX_USART3_UART_Init                    0x08002890   Section        0  usart.o(i.MX_USART3_UART_Init)
    i.MX_USART6_UART_Init                    0x080028c8   Section        0  usart.o(i.MX_USART6_UART_Init)
    i.MemManage_Handler                      0x08002900   Section        0  stm32f4xx_it.o(i.MemManage_Handler)
    i.Motor_PWM_Output                       0x08002902   Section        0  motor_pwm.o(i.Motor_PWM_Output)
    i.Motor_PWM_SetLeft                      0x08002914   Section        0  motor_pwm.o(i.Motor_PWM_SetLeft)
    i.Motor_PWM_SetRight                     0x08002954   Section        0  motor_pwm.o(i.Motor_PWM_SetRight)
    i.Motor_PWM_StartAll                     0x08002994   Section        0  motor_pwm.o(i.Motor_PWM_StartAll)
    i.NMI_Handler                            0x080029c0   Section        0  stm32f4xx_it.o(i.NMI_Handler)
    i.PendSV_Handler                         0x080029c2   Section        0  stm32f4xx_it.o(i.PendSV_Handler)
    i.SVC_Handler                            0x080029c4   Section        0  stm32f4xx_it.o(i.SVC_Handler)
    i.SysTick_Handler                        0x080029c6   Section        0  stm32f4xx_it.o(i.SysTick_Handler)
    i.SystemClock_Config                     0x080029cc   Section        0  main.o(i.SystemClock_Config)
    i.SystemInit                             0x08002a64   Section        0  system_stm32f4xx.o(i.SystemInit)
    i.TIM2_IRQHandler                        0x08002a74   Section        0  stm32f4xx_it.o(i.TIM2_IRQHandler)
    i.TIM2_Task_1000Hz                       0x08002a80   Section        0  main.o(i.TIM2_Task_1000Hz)
    i.TIM2_Task_100Hz                        0x08002aa4   Section        0  main.o(i.TIM2_Task_100Hz)
    i.TIM_Base_SetConfig                     0x08002ab4   Section        0  stm32f4xx_hal_tim.o(i.TIM_Base_SetConfig)
    i.TIM_CCxChannelCmd                      0x08002b84   Section        0  stm32f4xx_hal_tim.o(i.TIM_CCxChannelCmd)
    i.TIM_ETR_SetConfig                      0x08002b9e   Section        0  stm32f4xx_hal_tim.o(i.TIM_ETR_SetConfig)
    i.TIM_ITRx_SetConfig                     0x08002bb2   Section        0  stm32f4xx_hal_tim.o(i.TIM_ITRx_SetConfig)
    TIM_ITRx_SetConfig                       0x08002bb3   Thumb Code    16  stm32f4xx_hal_tim.o(i.TIM_ITRx_SetConfig)
    i.TIM_OC1_SetConfig                      0x08002bc4   Section        0  stm32f4xx_hal_tim.o(i.TIM_OC1_SetConfig)
    TIM_OC1_SetConfig                        0x08002bc5   Thumb Code    88  stm32f4xx_hal_tim.o(i.TIM_OC1_SetConfig)
    i.TIM_OC2_SetConfig                      0x08002c24   Section        0  stm32f4xx_hal_tim.o(i.TIM_OC2_SetConfig)
    i.TIM_OC3_SetConfig                      0x08002c90   Section        0  stm32f4xx_hal_tim.o(i.TIM_OC3_SetConfig)
    TIM_OC3_SetConfig                        0x08002c91   Thumb Code    96  stm32f4xx_hal_tim.o(i.TIM_OC3_SetConfig)
    i.TIM_OC4_SetConfig                      0x08002cf8   Section        0  stm32f4xx_hal_tim.o(i.TIM_OC4_SetConfig)
    TIM_OC4_SetConfig                        0x08002cf9   Thumb Code    70  stm32f4xx_hal_tim.o(i.TIM_OC4_SetConfig)
    i.TIM_TI1_ConfigInputStage               0x08002d48   Section        0  stm32f4xx_hal_tim.o(i.TIM_TI1_ConfigInputStage)
    TIM_TI1_ConfigInputStage                 0x08002d49   Thumb Code    34  stm32f4xx_hal_tim.o(i.TIM_TI1_ConfigInputStage)
    i.TIM_TI2_ConfigInputStage               0x08002d6a   Section        0  stm32f4xx_hal_tim.o(i.TIM_TI2_ConfigInputStage)
    TIM_TI2_ConfigInputStage                 0x08002d6b   Thumb Code    36  stm32f4xx_hal_tim.o(i.TIM_TI2_ConfigInputStage)
    i.UART4_IRQHandler                       0x08002d90   Section        0  stm32f4xx_it.o(i.UART4_IRQHandler)
    i.UART_DMAAbortOnError                   0x08002d9c   Section        0  stm32f4xx_hal_uart.o(i.UART_DMAAbortOnError)
    UART_DMAAbortOnError                     0x08002d9d   Thumb Code    14  stm32f4xx_hal_uart.o(i.UART_DMAAbortOnError)
    i.UART_DMAError                          0x08002daa   Section        0  stm32f4xx_hal_uart.o(i.UART_DMAError)
    UART_DMAError                            0x08002dab   Thumb Code    74  stm32f4xx_hal_uart.o(i.UART_DMAError)
    i.UART_DMAReceiveCplt                    0x08002df4   Section        0  stm32f4xx_hal_uart.o(i.UART_DMAReceiveCplt)
    UART_DMAReceiveCplt                      0x08002df5   Thumb Code   134  stm32f4xx_hal_uart.o(i.UART_DMAReceiveCplt)
    i.UART_DMARxHalfCplt                     0x08002e7a   Section        0  stm32f4xx_hal_uart.o(i.UART_DMARxHalfCplt)
    UART_DMARxHalfCplt                       0x08002e7b   Thumb Code    30  stm32f4xx_hal_uart.o(i.UART_DMARxHalfCplt)
    i.UART_DMATransmitCplt                   0x08002e98   Section        0  stm32f4xx_hal_uart.o(i.UART_DMATransmitCplt)
    UART_DMATransmitCplt                     0x08002e99   Thumb Code    66  stm32f4xx_hal_uart.o(i.UART_DMATransmitCplt)
    i.UART_DMATxHalfCplt                     0x08002eda   Section        0  stm32f4xx_hal_uart.o(i.UART_DMATxHalfCplt)
    UART_DMATxHalfCplt                       0x08002edb   Thumb Code    10  stm32f4xx_hal_uart.o(i.UART_DMATxHalfCplt)
    i.UART_EndRxTransfer                     0x08002ee4   Section        0  stm32f4xx_hal_uart.o(i.UART_EndRxTransfer)
    UART_EndRxTransfer                       0x08002ee5   Thumb Code    78  stm32f4xx_hal_uart.o(i.UART_EndRxTransfer)
    i.UART_EndTxTransfer                     0x08002f32   Section        0  stm32f4xx_hal_uart.o(i.UART_EndTxTransfer)
    UART_EndTxTransfer                       0x08002f33   Thumb Code    28  stm32f4xx_hal_uart.o(i.UART_EndTxTransfer)
    i.UART_Receive_IT                        0x08002f4e   Section        0  stm32f4xx_hal_uart.o(i.UART_Receive_IT)
    UART_Receive_IT                          0x08002f4f   Thumb Code   194  stm32f4xx_hal_uart.o(i.UART_Receive_IT)
    i.UART_SetConfig                         0x08003010   Section        0  stm32f4xx_hal_uart.o(i.UART_SetConfig)
    UART_SetConfig                           0x08003011   Thumb Code   258  stm32f4xx_hal_uart.o(i.UART_SetConfig)
    i.UART_Start_Receive_DMA                 0x0800311c   Section        0  stm32f4xx_hal_uart.o(i.UART_Start_Receive_DMA)
    i.UART_Start_Receive_IT                  0x080031bc   Section        0  stm32f4xx_hal_uart.o(i.UART_Start_Receive_IT)
    i.USART3_IRQHandler                      0x080031f4   Section        0  stm32f4xx_it.o(i.USART3_IRQHandler)
    i.Uart_Init                              0x08003200   Section        0  m_usart.o(i.Uart_Init)
    i.UsageFault_Handler                     0x0800323c   Section        0  stm32f4xx_it.o(i.UsageFault_Handler)
    i.__ARM_fpclassifyf                      0x0800323e   Section        0  fpclassifyf.o(i.__ARM_fpclassifyf)
    i.__NVIC_SetPriority                     0x08003264   Section        0  stm32f4xx_hal_cortex.o(i.__NVIC_SetPriority)
    __NVIC_SetPriority                       0x08003265   Thumb Code    32  stm32f4xx_hal_cortex.o(i.__NVIC_SetPriority)
    i.__hardfp_cosf                          0x08003284   Section        0  cosf.o(i.__hardfp_cosf)
    i.__hardfp_sinf                          0x080033d4   Section        0  sinf.o(i.__hardfp_sinf)
    i.__mathlib_flt_infnan                   0x08003564   Section        0  funder.o(i.__mathlib_flt_infnan)
    i.__mathlib_flt_invalid                  0x0800356c   Section        0  funder.o(i.__mathlib_flt_invalid)
    i.__mathlib_flt_underflow                0x0800357c   Section        0  funder.o(i.__mathlib_flt_underflow)
    i.__mathlib_rredf2                       0x0800358c   Section        0  rredf.o(i.__mathlib_rredf2)
    i.car_init                               0x080036e0   Section        0  main.o(i.car_init)
    i.deg2rad                                0x08003728   Section        0  m_navy.o(i.deg2rad)
    i.encoder_count                          0x08003744   Section        0  encoder.o(i.encoder_count)
    i.get_jy61p                              0x080037b4   Section        0  jy61p.o(i.get_jy61p)
    i.left_wheel_pid_control                 0x0800384c   Section        0  m_pid.o(i.left_wheel_pid_control)
    i.main                                   0x08003860   Section        0  main.o(i.main)
    i.navy_init                              0x080038e0   Section        0  m_navy.o(i.navy_init)
    i.pid_calc                               0x080038f4   Section        0  m_pid.o(i.pid_calc)
    i.pid_init                               0x080039ac   Section        0  m_pid.o(i.pid_init)
    i.pid_init_all                           0x080039dc   Section        0  m_pid.o(i.pid_init_all)
    i.resetPosition                          0x08003a64   Section        0  m_navy.o(i.resetPosition)
    i.right_wheel_pid_control                0x08003aa8   Section        0  m_pid.o(i.right_wheel_pid_control)
    i.set_target_speed                       0x08003abc   Section        0  m_pid.o(i.set_target_speed)
    i.updatePosition                         0x08003ac8   Section        0  m_navy.o(i.updatePosition)
    i.wheels_pid_control                     0x08003b94   Section        0  m_pid.o(i.wheels_pid_control)
    i.wheels_pid_control_auto                0x08003bc8   Section        0  m_pid.o(i.wheels_pid_control_auto)
    x$fpl$d2f                                0x08003bd8   Section       98  d2f.o(x$fpl$d2f)
    $v0                                      0x08003bd8   Number         0  d2f.o(x$fpl$d2f)
    x$fpl$dfltu                              0x08003c3a   Section       38  dflt_clz.o(x$fpl$dfltu)
    $v0                                      0x08003c3a   Number         0  dflt_clz.o(x$fpl$dfltu)
    x$fpl$dmul                               0x08003c60   Section      340  dmul.o(x$fpl$dmul)
    $v0                                      0x08003c60   Number         0  dmul.o(x$fpl$dmul)
    x$fpl$dnaninf                            0x08003db4   Section      156  dnaninf.o(x$fpl$dnaninf)
    $v0                                      0x08003db4   Number         0  dnaninf.o(x$fpl$dnaninf)
    x$fpl$dretinf                            0x08003e50   Section       12  dretinf.o(x$fpl$dretinf)
    $v0                                      0x08003e50   Number         0  dretinf.o(x$fpl$dretinf)
    x$fpl$fpinit                             0x08003e5c   Section       10  fpinit.o(x$fpl$fpinit)
    $v0                                      0x08003e5c   Number         0  fpinit.o(x$fpl$fpinit)
    x$fpl$fretinf                            0x08003e66   Section       10  fretinf.o(x$fpl$fretinf)
    $v0                                      0x08003e66   Number         0  fretinf.o(x$fpl$fretinf)
    .constdata                               0x08003e70   Section        8  stm32f4xx_hal_dma.o(.constdata)
    x$fpl$usenofp                            0x08003e70   Section        0  usenofp.o(x$fpl$usenofp)
    flagBitshiftOffset                       0x08003e70   Data           8  stm32f4xx_hal_dma.o(.constdata)
    .constdata                               0x08003e78   Section       16  system_stm32f4xx.o(.constdata)
    .constdata                               0x08003e88   Section        8  system_stm32f4xx.o(.constdata)
    .constdata                               0x08003e90   Section       32  rredf.o(.constdata)
    twooverpi                                0x08003e90   Data          32  rredf.o(.constdata)
    .data                                    0x20000000   Section       12  stm32f4xx_hal.o(.data)
    .data                                    0x2000000c   Section        4  system_stm32f4xx.o(.data)
    .data                                    0x20000010   Section       28  encoder.o(.data)
    .data                                    0x2000002c   Section        2  jy61p.o(.data)
    .data                                    0x20000030   Section       12  m_pid.o(.data)
    .data                                    0x2000003c   Section        1  m_usart.o(.data)
    .data                                    0x2000003d   Section        1  mytimer.o(.data)
    cnt_100Hz                                0x2000003d   Data           1  mytimer.o(.data)
    .data                                    0x20000040   Section       32  m_navy.o(.data)
    navyState                                0x20000040   Data           1  m_navy.o(.data)
    lastLeftWheelDist                        0x20000044   Data           4  m_navy.o(.data)
    lastRightWheelDist                       0x20000048   Data           4  m_navy.o(.data)
    totalLeftDist                            0x2000004c   Data           4  m_navy.o(.data)
    totalRightDist                           0x20000050   Data           4  m_navy.o(.data)
    targetDistanceThreshold                  0x20000054   Data           4  m_navy.o(.data)
    targetVelocity                           0x20000058   Data           4  m_navy.o(.data)
    maxAngularVelocity                       0x2000005c   Data           4  m_navy.o(.data)
    .bss                                     0x20000060   Section      252  i2c.o(.bss)
    .bss                                     0x2000015c   Section      360  tim.o(.bss)
    .bss                                     0x200002c4   Section      624  usart.o(.bss)
    .bss                                     0x20000534   Section       48  jy61p.o(.bss)
    .bss                                     0x20000564   Section      132  m_pid.o(.bss)
    .bss                                     0x200005e8   Section      200  m_usart.o(.bss)
    .bss                                     0x200006b0   Section       24  m_navy.o(.bss)
    .bss                                     0x200006c8   Section       96  libspace.o(.bss)
    HEAP                                     0x20000728   Section      512  startup_stm32f407xx.o(HEAP)
    Heap_Mem                                 0x20000728   Data         512  startup_stm32f407xx.o(HEAP)
    STACK                                    0x20000928   Section     1024  startup_stm32f407xx.o(STACK)
    Stack_Mem                                0x20000928   Data        1024  startup_stm32f407xx.o(STACK)
    __initial_sp                             0x20000d28   Data           0  startup_stm32f407xx.o(STACK)

    Global Symbols

    Symbol Name                              Value     Ov Type        Size  Object(Section)

    BuildAttributes$$THM_ISAv4$E$P$D$K$B$S$7EM$VFPi3$EXTD16$VFPS$VFMA$PE$A:L22UL41UL21$X:L11$S22US41US21$IEEE1$IW$USESV6$~STKCKD$USESV7$~SHL$OTIME$ROPI$IEEEX$EBA8$UX$STANDARDLIB$REQ8$PRES8$EABIv2 0x00000000   Number         0  anon$$obj.o ABSOLUTE
    __ARM_use_no_argv                        0x00000000   Number         0  main.o ABSOLUTE
    _printf_flags                            0x00000000   Number         0  printf_stubs.o ABSOLUTE
    _printf_return_value                     0x00000000   Number         0  printf_stubs.o ABSOLUTE
    _printf_sizespec                         0x00000000   Number         0  printf_stubs.o ABSOLUTE
    _printf_widthprec                        0x00000000   Number         0  printf_stubs.o ABSOLUTE
    __ARM_exceptions_init                     - Undefined Weak Reference
    __alloca_initialize                       - Undefined Weak Reference
    __arm_preinit_                            - Undefined Weak Reference
    __cpp_initialize__aeabi_                  - Undefined Weak Reference
    __cxa_finalize                            - Undefined Weak Reference
    __sigvec_lookup                           - Undefined Weak Reference
    __user_heap_extent                        - Undefined Weak Reference
    _atexit_init                              - Undefined Weak Reference
    _call_atexit_fns                          - Undefined Weak Reference
    _clock_init                               - Undefined Weak Reference
    _fp_trap_init                             - Undefined Weak Reference
    _fp_trap_shutdown                         - Undefined Weak Reference
    _get_lc_collate                           - Undefined Weak Reference
    _get_lc_ctype                             - Undefined Weak Reference
    _get_lc_monetary                          - Undefined Weak Reference
    _get_lc_time                              - Undefined Weak Reference
    _getenv_init                              - Undefined Weak Reference
    _handle_redirection                       - Undefined Weak Reference
    _mutex_acquire                            - Undefined Weak Reference
    _mutex_free                               - Undefined Weak Reference
    _mutex_release                            - Undefined Weak Reference
    _printf_post_padding                      - Undefined Weak Reference
    _printf_pre_padding                       - Undefined Weak Reference
    _rand_init                                - Undefined Weak Reference
    _signal_finish                            - Undefined Weak Reference
    _signal_init                              - Undefined Weak Reference
    __Vectors_Size                           0x00000188   Number         0  startup_stm32f407xx.o ABSOLUTE
    __Vectors                                0x08000000   Data           4  startup_stm32f407xx.o(RESET)
    __Vectors_End                            0x08000188   Data           0  startup_stm32f407xx.o(RESET)
    __main                                   0x08000189   Thumb Code     8  __main.o(!!!main)
    __scatterload                            0x08000191   Thumb Code     0  __scatter.o(!!!scatter)
    __scatterload_rt2                        0x08000191   Thumb Code    44  __scatter.o(!!!scatter)
    __scatterload_rt2_thumb_only             0x08000191   Thumb Code     0  __scatter.o(!!!scatter)
    __scatterload_null                       0x0800019f   Thumb Code     0  __scatter.o(!!!scatter)
    __scatterload_copy                       0x080001c5   Thumb Code    26  __scatter_copy.o(!!handler_copy)
    __scatterload_zeroinit                   0x080001e1   Thumb Code    28  __scatter_zi.o(!!handler_zi)
    __rt_lib_init                            0x080001fd   Thumb Code     0  libinit.o(.ARM.Collect$$libinit$$00000000)
    __rt_lib_init_fp_1                       0x080001ff   Thumb Code     0  libinit2.o(.ARM.Collect$$libinit$$00000001)
    __rt_lib_init_alloca_1                   0x08000203   Thumb Code     0  libinit2.o(.ARM.Collect$$libinit$$0000002E)
    __rt_lib_init_argv_1                     0x08000203   Thumb Code     0  libinit2.o(.ARM.Collect$$libinit$$0000002C)
    __rt_lib_init_atexit_1                   0x08000203   Thumb Code     0  libinit2.o(.ARM.Collect$$libinit$$0000001B)
    __rt_lib_init_clock_1                    0x08000203   Thumb Code     0  libinit2.o(.ARM.Collect$$libinit$$00000021)
    __rt_lib_init_cpp_1                      0x08000203   Thumb Code     0  libinit2.o(.ARM.Collect$$libinit$$00000032)
    __rt_lib_init_exceptions_1               0x08000203   Thumb Code     0  libinit2.o(.ARM.Collect$$libinit$$00000030)
    __rt_lib_init_fp_trap_1                  0x08000203   Thumb Code     0  libinit2.o(.ARM.Collect$$libinit$$0000001F)
    __rt_lib_init_getenv_1                   0x08000203   Thumb Code     0  libinit2.o(.ARM.Collect$$libinit$$00000023)
    __rt_lib_init_heap_1                     0x08000203   Thumb Code     0  libinit2.o(.ARM.Collect$$libinit$$0000000A)
    __rt_lib_init_lc_collate_1               0x08000203   Thumb Code     0  libinit2.o(.ARM.Collect$$libinit$$00000011)
    __rt_lib_init_lc_ctype_1                 0x08000203   Thumb Code     0  libinit2.o(.ARM.Collect$$libinit$$00000013)
    __rt_lib_init_lc_monetary_1              0x08000203   Thumb Code     0  libinit2.o(.ARM.Collect$$libinit$$00000015)
    __rt_lib_init_lc_numeric_1               0x08000203   Thumb Code     0  libinit2.o(.ARM.Collect$$libinit$$00000017)
    __rt_lib_init_lc_time_1                  0x08000203   Thumb Code     0  libinit2.o(.ARM.Collect$$libinit$$00000019)
    __rt_lib_init_preinit_1                  0x08000203   Thumb Code     0  libinit2.o(.ARM.Collect$$libinit$$00000004)
    __rt_lib_init_rand_1                     0x08000203   Thumb Code     0  libinit2.o(.ARM.Collect$$libinit$$0000000E)
    __rt_lib_init_return                     0x08000203   Thumb Code     0  libinit2.o(.ARM.Collect$$libinit$$00000033)
    __rt_lib_init_signal_1                   0x08000203   Thumb Code     0  libinit2.o(.ARM.Collect$$libinit$$0000001D)
    __rt_lib_init_stdio_1                    0x08000203   Thumb Code     0  libinit2.o(.ARM.Collect$$libinit$$00000025)
    __rt_lib_init_user_alloc_1               0x08000203   Thumb Code     0  libinit2.o(.ARM.Collect$$libinit$$0000000C)
    __rt_lib_shutdown                        0x08000205   Thumb Code     0  libshutdown.o(.ARM.Collect$$libshutdown$$00000000)
    __rt_lib_shutdown_fp_trap_1              0x08000207   Thumb Code     0  libshutdown2.o(.ARM.Collect$$libshutdown$$00000006)
    __rt_lib_shutdown_heap_1                 0x08000207   Thumb Code     0  libshutdown2.o(.ARM.Collect$$libshutdown$$0000000E)
    __rt_lib_shutdown_return                 0x08000207   Thumb Code     0  libshutdown2.o(.ARM.Collect$$libshutdown$$0000000F)
    __rt_lib_shutdown_signal_1               0x08000207   Thumb Code     0  libshutdown2.o(.ARM.Collect$$libshutdown$$00000009)
    __rt_lib_shutdown_stdio_1                0x08000207   Thumb Code     0  libshutdown2.o(.ARM.Collect$$libshutdown$$00000003)
    __rt_lib_shutdown_user_alloc_1           0x08000207   Thumb Code     0  libshutdown2.o(.ARM.Collect$$libshutdown$$0000000B)
    __rt_entry                               0x08000209   Thumb Code     0  __rtentry.o(.ARM.Collect$$rtentry$$00000000)
    __rt_entry_presh_1                       0x08000209   Thumb Code     0  __rtentry2.o(.ARM.Collect$$rtentry$$00000002)
    __rt_entry_sh                            0x08000209   Thumb Code     0  __rtentry4.o(.ARM.Collect$$rtentry$$00000004)
    __rt_entry_li                            0x0800020f   Thumb Code     0  __rtentry2.o(.ARM.Collect$$rtentry$$0000000A)
    __rt_entry_postsh_1                      0x0800020f   Thumb Code     0  __rtentry2.o(.ARM.Collect$$rtentry$$00000009)
    __rt_entry_main                          0x08000213   Thumb Code     0  __rtentry2.o(.ARM.Collect$$rtentry$$0000000D)
    __rt_entry_postli_1                      0x08000213   Thumb Code     0  __rtentry2.o(.ARM.Collect$$rtentry$$0000000C)
    __rt_exit                                0x0800021b   Thumb Code     0  rtexit.o(.ARM.Collect$$rtexit$$00000000)
    __rt_exit_ls                             0x0800021d   Thumb Code     0  rtexit2.o(.ARM.Collect$$rtexit$$00000003)
    __rt_exit_prels_1                        0x0800021d   Thumb Code     0  rtexit2.o(.ARM.Collect$$rtexit$$00000002)
    __rt_exit_exit                           0x08000221   Thumb Code     0  rtexit2.o(.ARM.Collect$$rtexit$$00000004)
    Reset_Handler                            0x08000229   Thumb Code     8  startup_stm32f407xx.o(.text)
    ADC_IRQHandler                           0x08000243   Thumb Code     0  startup_stm32f407xx.o(.text)
    CAN1_RX0_IRQHandler                      0x08000243   Thumb Code     0  startup_stm32f407xx.o(.text)
    CAN1_RX1_IRQHandler                      0x08000243   Thumb Code     0  startup_stm32f407xx.o(.text)
    CAN1_SCE_IRQHandler                      0x08000243   Thumb Code     0  startup_stm32f407xx.o(.text)
    CAN1_TX_IRQHandler                       0x08000243   Thumb Code     0  startup_stm32f407xx.o(.text)
    CAN2_RX0_IRQHandler                      0x08000243   Thumb Code     0  startup_stm32f407xx.o(.text)
    CAN2_RX1_IRQHandler                      0x08000243   Thumb Code     0  startup_stm32f407xx.o(.text)
    CAN2_SCE_IRQHandler                      0x08000243   Thumb Code     0  startup_stm32f407xx.o(.text)
    CAN2_TX_IRQHandler                       0x08000243   Thumb Code     0  startup_stm32f407xx.o(.text)
    DCMI_IRQHandler                          0x08000243   Thumb Code     0  startup_stm32f407xx.o(.text)
    DMA1_Stream0_IRQHandler                  0x08000243   Thumb Code     0  startup_stm32f407xx.o(.text)
    DMA1_Stream1_IRQHandler                  0x08000243   Thumb Code     0  startup_stm32f407xx.o(.text)
    DMA1_Stream3_IRQHandler                  0x08000243   Thumb Code     0  startup_stm32f407xx.o(.text)
    DMA1_Stream5_IRQHandler                  0x08000243   Thumb Code     0  startup_stm32f407xx.o(.text)
    DMA1_Stream6_IRQHandler                  0x08000243   Thumb Code     0  startup_stm32f407xx.o(.text)
    DMA1_Stream7_IRQHandler                  0x08000243   Thumb Code     0  startup_stm32f407xx.o(.text)
    DMA2_Stream0_IRQHandler                  0x08000243   Thumb Code     0  startup_stm32f407xx.o(.text)
    DMA2_Stream1_IRQHandler                  0x08000243   Thumb Code     0  startup_stm32f407xx.o(.text)
    DMA2_Stream2_IRQHandler                  0x08000243   Thumb Code     0  startup_stm32f407xx.o(.text)
    DMA2_Stream3_IRQHandler                  0x08000243   Thumb Code     0  startup_stm32f407xx.o(.text)
    DMA2_Stream4_IRQHandler                  0x08000243   Thumb Code     0  startup_stm32f407xx.o(.text)
    DMA2_Stream5_IRQHandler                  0x08000243   Thumb Code     0  startup_stm32f407xx.o(.text)
    DMA2_Stream6_IRQHandler                  0x08000243   Thumb Code     0  startup_stm32f407xx.o(.text)
    DMA2_Stream7_IRQHandler                  0x08000243   Thumb Code     0  startup_stm32f407xx.o(.text)
    ETH_IRQHandler                           0x08000243   Thumb Code     0  startup_stm32f407xx.o(.text)
    ETH_WKUP_IRQHandler                      0x08000243   Thumb Code     0  startup_stm32f407xx.o(.text)
    EXTI0_IRQHandler                         0x08000243   Thumb Code     0  startup_stm32f407xx.o(.text)
    EXTI15_10_IRQHandler                     0x08000243   Thumb Code     0  startup_stm32f407xx.o(.text)
    EXTI1_IRQHandler                         0x08000243   Thumb Code     0  startup_stm32f407xx.o(.text)
    EXTI2_IRQHandler                         0x08000243   Thumb Code     0  startup_stm32f407xx.o(.text)
    EXTI3_IRQHandler                         0x08000243   Thumb Code     0  startup_stm32f407xx.o(.text)
    EXTI4_IRQHandler                         0x08000243   Thumb Code     0  startup_stm32f407xx.o(.text)
    EXTI9_5_IRQHandler                       0x08000243   Thumb Code     0  startup_stm32f407xx.o(.text)
    FLASH_IRQHandler                         0x08000243   Thumb Code     0  startup_stm32f407xx.o(.text)
    FMC_IRQHandler                           0x08000243   Thumb Code     0  startup_stm32f407xx.o(.text)
    FPU_IRQHandler                           0x08000243   Thumb Code     0  startup_stm32f407xx.o(.text)
    HASH_RNG_IRQHandler                      0x08000243   Thumb Code     0  startup_stm32f407xx.o(.text)
    I2C1_ER_IRQHandler                       0x08000243   Thumb Code     0  startup_stm32f407xx.o(.text)
    I2C1_EV_IRQHandler                       0x08000243   Thumb Code     0  startup_stm32f407xx.o(.text)
    I2C2_ER_IRQHandler                       0x08000243   Thumb Code     0  startup_stm32f407xx.o(.text)
    I2C2_EV_IRQHandler                       0x08000243   Thumb Code     0  startup_stm32f407xx.o(.text)
    I2C3_ER_IRQHandler                       0x08000243   Thumb Code     0  startup_stm32f407xx.o(.text)
    I2C3_EV_IRQHandler                       0x08000243   Thumb Code     0  startup_stm32f407xx.o(.text)
    OTG_FS_IRQHandler                        0x08000243   Thumb Code     0  startup_stm32f407xx.o(.text)
    OTG_FS_WKUP_IRQHandler                   0x08000243   Thumb Code     0  startup_stm32f407xx.o(.text)
    OTG_HS_EP1_IN_IRQHandler                 0x08000243   Thumb Code     0  startup_stm32f407xx.o(.text)
    OTG_HS_EP1_OUT_IRQHandler                0x08000243   Thumb Code     0  startup_stm32f407xx.o(.text)
    OTG_HS_IRQHandler                        0x08000243   Thumb Code     0  startup_stm32f407xx.o(.text)
    OTG_HS_WKUP_IRQHandler                   0x08000243   Thumb Code     0  startup_stm32f407xx.o(.text)
    PVD_IRQHandler                           0x08000243   Thumb Code     0  startup_stm32f407xx.o(.text)
    RCC_IRQHandler                           0x08000243   Thumb Code     0  startup_stm32f407xx.o(.text)
    RTC_Alarm_IRQHandler                     0x08000243   Thumb Code     0  startup_stm32f407xx.o(.text)
    RTC_WKUP_IRQHandler                      0x08000243   Thumb Code     0  startup_stm32f407xx.o(.text)
    SDIO_IRQHandler                          0x08000243   Thumb Code     0  startup_stm32f407xx.o(.text)
    SPI1_IRQHandler                          0x08000243   Thumb Code     0  startup_stm32f407xx.o(.text)
    SPI2_IRQHandler                          0x08000243   Thumb Code     0  startup_stm32f407xx.o(.text)
    SPI3_IRQHandler                          0x08000243   Thumb Code     0  startup_stm32f407xx.o(.text)
    TAMP_STAMP_IRQHandler                    0x08000243   Thumb Code     0  startup_stm32f407xx.o(.text)
    TIM1_BRK_TIM9_IRQHandler                 0x08000243   Thumb Code     0  startup_stm32f407xx.o(.text)
    TIM1_CC_IRQHandler                       0x08000243   Thumb Code     0  startup_stm32f407xx.o(.text)
    TIM1_TRG_COM_TIM11_IRQHandler            0x08000243   Thumb Code     0  startup_stm32f407xx.o(.text)
    TIM1_UP_TIM10_IRQHandler                 0x08000243   Thumb Code     0  startup_stm32f407xx.o(.text)
    TIM3_IRQHandler                          0x08000243   Thumb Code     0  startup_stm32f407xx.o(.text)
    TIM4_IRQHandler                          0x08000243   Thumb Code     0  startup_stm32f407xx.o(.text)
    TIM5_IRQHandler                          0x08000243   Thumb Code     0  startup_stm32f407xx.o(.text)
    TIM6_DAC_IRQHandler                      0x08000243   Thumb Code     0  startup_stm32f407xx.o(.text)
    TIM7_IRQHandler                          0x08000243   Thumb Code     0  startup_stm32f407xx.o(.text)
    TIM8_BRK_TIM12_IRQHandler                0x08000243   Thumb Code     0  startup_stm32f407xx.o(.text)
    TIM8_CC_IRQHandler                       0x08000243   Thumb Code     0  startup_stm32f407xx.o(.text)
    TIM8_TRG_COM_TIM14_IRQHandler            0x08000243   Thumb Code     0  startup_stm32f407xx.o(.text)
    TIM8_UP_TIM13_IRQHandler                 0x08000243   Thumb Code     0  startup_stm32f407xx.o(.text)
    UART5_IRQHandler                         0x08000243   Thumb Code     0  startup_stm32f407xx.o(.text)
    USART1_IRQHandler                        0x08000243   Thumb Code     0  startup_stm32f407xx.o(.text)
    USART2_IRQHandler                        0x08000243   Thumb Code     0  startup_stm32f407xx.o(.text)
    USART6_IRQHandler                        0x08000243   Thumb Code     0  startup_stm32f407xx.o(.text)
    WWDG_IRQHandler                          0x08000243   Thumb Code     0  startup_stm32f407xx.o(.text)
    __user_initial_stackheap                 0x08000245   Thumb Code     0  startup_stm32f407xx.o(.text)
    __aeabi_uldivmod                         0x08000269   Thumb Code     0  lludivv7m.o(.text)
    _ll_udiv                                 0x08000269   Thumb Code   238  lludivv7m.o(.text)
    __aeabi_memclr4                          0x08000357   Thumb Code     0  rt_memclr_w.o(.text)
    __aeabi_memclr8                          0x08000357   Thumb Code     0  rt_memclr_w.o(.text)
    __rt_memclr_w                            0x08000357   Thumb Code    78  rt_memclr_w.o(.text)
    _memset_w                                0x0800035b   Thumb Code     0  rt_memclr_w.o(.text)
    __use_two_region_memory                  0x080003a5   Thumb Code     2  heapauxi.o(.text)
    __rt_heap_escrow                         0x080003a7   Thumb Code     2  heapauxi.o(.text)
    __rt_heap_expand                         0x080003a9   Thumb Code     2  heapauxi.o(.text)
    __read_errno                             0x080003ab   Thumb Code    10  _rserrno.o(.text)
    __set_errno                              0x080003b5   Thumb Code    12  _rserrno.o(.text)
    __aeabi_errno_addr                       0x080003c1   Thumb Code     8  rt_errno_addr_intlibspace.o(.text)
    __errno$intlibspace                      0x080003c1   Thumb Code     0  rt_errno_addr_intlibspace.o(.text)
    __rt_errno_addr$intlibspace              0x080003c1   Thumb Code     0  rt_errno_addr_intlibspace.o(.text)
    __user_libspace                          0x080003c9   Thumb Code     8  libspace.o(.text)
    __user_perproc_libspace                  0x080003c9   Thumb Code     0  libspace.o(.text)
    __user_perthread_libspace                0x080003c9   Thumb Code     0  libspace.o(.text)
    __user_setup_stackheap                   0x080003d1   Thumb Code    74  sys_stackheap_outer.o(.text)
    exit                                     0x0800041b   Thumb Code    12  exit.o(.text)
    __I$use$semihosting                      0x08000427   Thumb Code     0  use_no_semi.o(.text)
    __use_no_semihosting_swi                 0x08000427   Thumb Code     2  use_no_semi.o(.text)
    __semihosting_library_function           0x08000429   Thumb Code     0  indicate_semi.o(.text)
    _sys_exit                                0x08000429   Thumb Code     8  sys_exit.o(.text)
    BusFault_Handler                         0x08000435   Thumb Code     2  stm32f4xx_it.o(i.BusFault_Handler)
    Calculate_speed                          0x08000439   Thumb Code    36  encoder.o(i.Calculate_speed)
    DMA1_Stream2_IRQHandler                  0x08000469   Thumb Code     6  stm32f4xx_it.o(i.DMA1_Stream2_IRQHandler)
    DMA1_Stream4_IRQHandler                  0x08000475   Thumb Code     6  stm32f4xx_it.o(i.DMA1_Stream4_IRQHandler)
    DebugMon_Handler                         0x08000525   Thumb Code     2  stm32f4xx_it.o(i.DebugMon_Handler)
    Error_Handler                            0x08000527   Thumb Code     4  main.o(i.Error_Handler)
    HAL_DMA_Abort                            0x0800052b   Thumb Code   146  stm32f4xx_hal_dma.o(i.HAL_DMA_Abort)
    HAL_DMA_Abort_IT                         0x080005bd   Thumb Code    36  stm32f4xx_hal_dma.o(i.HAL_DMA_Abort_IT)
    HAL_DMA_IRQHandler                       0x080005e1   Thumb Code   412  stm32f4xx_hal_dma.o(i.HAL_DMA_IRQHandler)
    HAL_DMA_Init                             0x08000781   Thumb Code   206  stm32f4xx_hal_dma.o(i.HAL_DMA_Init)
    HAL_DMA_Start_IT                         0x08000855   Thumb Code   110  stm32f4xx_hal_dma.o(i.HAL_DMA_Start_IT)
    HAL_GPIO_Init                            0x080008c5   Thumb Code   450  stm32f4xx_hal_gpio.o(i.HAL_GPIO_Init)
    HAL_GPIO_WritePin                        0x08000ab5   Thumb Code    10  stm32f4xx_hal_gpio.o(i.HAL_GPIO_WritePin)
    HAL_GetTick                              0x08000ac1   Thumb Code     6  stm32f4xx_hal.o(i.HAL_GetTick)
    HAL_I2C_Init                             0x08000acd   Thumb Code   376  stm32f4xx_hal_i2c.o(i.HAL_I2C_Init)
    HAL_I2C_MspInit                          0x08000c55   Thumb Code   252  i2c.o(i.HAL_I2C_MspInit)
    HAL_IncTick                              0x08000d6d   Thumb Code    12  stm32f4xx_hal.o(i.HAL_IncTick)
    HAL_Init                                 0x08000d7d   Thumb Code    48  stm32f4xx_hal.o(i.HAL_Init)
    HAL_InitTick                             0x08000db1   Thumb Code    54  stm32f4xx_hal.o(i.HAL_InitTick)
    HAL_MspInit                              0x08000df1   Thumb Code    42  stm32f4xx_hal_msp.o(i.HAL_MspInit)
    HAL_NVIC_EnableIRQ                       0x08000e21   Thumb Code    26  stm32f4xx_hal_cortex.o(i.HAL_NVIC_EnableIRQ)
    HAL_NVIC_SetPriority                     0x08000e3d   Thumb Code    60  stm32f4xx_hal_cortex.o(i.HAL_NVIC_SetPriority)
    HAL_NVIC_SetPriorityGrouping             0x08000e7d   Thumb Code    26  stm32f4xx_hal_cortex.o(i.HAL_NVIC_SetPriorityGrouping)
    HAL_RCC_ClockConfig                      0x08000ea1   Thumb Code   288  stm32f4xx_hal_rcc.o(i.HAL_RCC_ClockConfig)
    HAL_RCC_GetPCLK1Freq                     0x08000fd5   Thumb Code    20  stm32f4xx_hal_rcc.o(i.HAL_RCC_GetPCLK1Freq)
    HAL_RCC_GetPCLK2Freq                     0x08000ff5   Thumb Code    20  stm32f4xx_hal_rcc.o(i.HAL_RCC_GetPCLK2Freq)
    HAL_RCC_GetSysClockFreq                  0x08001015   Thumb Code    88  stm32f4xx_hal_rcc.o(i.HAL_RCC_GetSysClockFreq)
    HAL_RCC_OscConfig                        0x08001079   Thumb Code   856  stm32f4xx_hal_rcc.o(i.HAL_RCC_OscConfig)
    HAL_SYSTICK_Config                       0x080013e5   Thumb Code    40  stm32f4xx_hal_cortex.o(i.HAL_SYSTICK_Config)
    HAL_TIMEx_BreakCallback                  0x0800140d   Thumb Code     2  stm32f4xx_hal_tim_ex.o(i.HAL_TIMEx_BreakCallback)
    HAL_TIMEx_CommutCallback                 0x0800140f   Thumb Code     2  stm32f4xx_hal_tim_ex.o(i.HAL_TIMEx_CommutCallback)
    HAL_TIMEx_ConfigBreakDeadTime            0x08001411   Thumb Code    84  stm32f4xx_hal_tim_ex.o(i.HAL_TIMEx_ConfigBreakDeadTime)
    HAL_TIMEx_MasterConfigSynchronization    0x08001465   Thumb Code   116  stm32f4xx_hal_tim_ex.o(i.HAL_TIMEx_MasterConfigSynchronization)
    HAL_TIM_Base_Init                        0x080014f5   Thumb Code    90  stm32f4xx_hal_tim.o(i.HAL_TIM_Base_Init)
    HAL_TIM_Base_MspInit                     0x08001551   Thumb Code    50  tim.o(i.HAL_TIM_Base_MspInit)
    HAL_TIM_Base_Start_IT                    0x08001589   Thumb Code   100  stm32f4xx_hal_tim.o(i.HAL_TIM_Base_Start_IT)
    HAL_TIM_ConfigClockSource                0x08001609   Thumb Code   220  stm32f4xx_hal_tim.o(i.HAL_TIM_ConfigClockSource)
    HAL_TIM_Encoder_Init                     0x080016e5   Thumb Code   164  stm32f4xx_hal_tim.o(i.HAL_TIM_Encoder_Init)
    HAL_TIM_Encoder_MspInit                  0x08001789   Thumb Code   142  tim.o(i.HAL_TIM_Encoder_MspInit)
    HAL_TIM_Encoder_Start                    0x0800182d   Thumb Code   142  stm32f4xx_hal_tim.o(i.HAL_TIM_Encoder_Start)
    HAL_TIM_IC_CaptureCallback               0x080018bb   Thumb Code     2  stm32f4xx_hal_tim.o(i.HAL_TIM_IC_CaptureCallback)
    HAL_TIM_IRQHandler                       0x080018bd   Thumb Code   304  stm32f4xx_hal_tim.o(i.HAL_TIM_IRQHandler)
    HAL_TIM_MspPostInit                      0x080019ed   Thumb Code   112  tim.o(i.HAL_TIM_MspPostInit)
    HAL_TIM_OC_DelayElapsedCallback          0x08001a71   Thumb Code     2  stm32f4xx_hal_tim.o(i.HAL_TIM_OC_DelayElapsedCallback)
    HAL_TIM_PWM_ConfigChannel                0x08001a73   Thumb Code   204  stm32f4xx_hal_tim.o(i.HAL_TIM_PWM_ConfigChannel)
    HAL_TIM_PWM_Init                         0x08001b3f   Thumb Code    90  stm32f4xx_hal_tim.o(i.HAL_TIM_PWM_Init)
    HAL_TIM_PWM_MspInit                      0x08001b99   Thumb Code    56  tim.o(i.HAL_TIM_PWM_MspInit)
    HAL_TIM_PWM_PulseFinishedCallback        0x08001bdd   Thumb Code     2  stm32f4xx_hal_tim.o(i.HAL_TIM_PWM_PulseFinishedCallback)
    HAL_TIM_PWM_Start                        0x08001be1   Thumb Code   172  stm32f4xx_hal_tim.o(i.HAL_TIM_PWM_Start)
    HAL_TIM_PeriodElapsedCallback            0x08001ca9   Thumb Code    38  mytimer.o(i.HAL_TIM_PeriodElapsedCallback)
    HAL_TIM_TriggerCallback                  0x08001cd5   Thumb Code     2  stm32f4xx_hal_tim.o(i.HAL_TIM_TriggerCallback)
    HAL_UARTEx_ReceiveToIdle_DMA             0x08001cd7   Thumb Code    74  stm32f4xx_hal_uart.o(i.HAL_UARTEx_ReceiveToIdle_DMA)
    HAL_UARTEx_RxEventCallback               0x08001d21   Thumb Code    42  m_usart.o(i.HAL_UARTEx_RxEventCallback)
    HAL_UART_ErrorCallback                   0x08001d59   Thumb Code     2  stm32f4xx_hal_uart.o(i.HAL_UART_ErrorCallback)
    HAL_UART_IRQHandler                      0x08001d5d   Thumb Code   636  stm32f4xx_hal_uart.o(i.HAL_UART_IRQHandler)
    HAL_UART_Init                            0x08001fdd   Thumb Code   100  stm32f4xx_hal_uart.o(i.HAL_UART_Init)
    HAL_UART_MspInit                         0x08002041   Thumb Code   584  usart.o(i.HAL_UART_MspInit)
    HAL_UART_Receive_IT                      0x080022b9   Thumb Code    28  stm32f4xx_hal_uart.o(i.HAL_UART_Receive_IT)
    HAL_UART_RxCpltCallback                  0x080022d5   Thumb Code    32  m_usart.o(i.HAL_UART_RxCpltCallback)
    HAL_UART_RxHalfCpltCallback              0x080022fd   Thumb Code     2  stm32f4xx_hal_uart.o(i.HAL_UART_RxHalfCpltCallback)
    HAL_UART_Transmit_DMA                    0x08002301   Thumb Code   120  stm32f4xx_hal_uart.o(i.HAL_UART_Transmit_DMA)
    HAL_UART_TxCpltCallback                  0x08002385   Thumb Code     2  stm32f4xx_hal_uart.o(i.HAL_UART_TxCpltCallback)
    HAL_UART_TxHalfCpltCallback              0x08002387   Thumb Code     2  stm32f4xx_hal_uart.o(i.HAL_UART_TxHalfCpltCallback)
    HardFault_Handler                        0x08002389   Thumb Code     2  stm32f4xx_it.o(i.HardFault_Handler)
    MX_DMA_Init                              0x0800238d   Thumb Code    56  dma.o(i.MX_DMA_Init)
    MX_GPIO_Init                             0x080023c9   Thumb Code   150  gpio.o(i.MX_GPIO_Init)
    MX_I2C1_Init                             0x08002469   Thumb Code    50  i2c.o(i.MX_I2C1_Init)
    MX_I2C2_Init                             0x080024a9   Thumb Code    50  i2c.o(i.MX_I2C2_Init)
    MX_I2C3_Init                             0x080024e9   Thumb Code    50  i2c.o(i.MX_I2C3_Init)
    MX_TIM1_Init                             0x08002529   Thumb Code   200  tim.o(i.MX_TIM1_Init)
    MX_TIM2_Init                             0x080025f9   Thumb Code    96  tim.o(i.MX_TIM2_Init)
    MX_TIM3_Init                             0x0800265d   Thumb Code    98  tim.o(i.MX_TIM3_Init)
    MX_TIM4_Init                             0x080026c9   Thumb Code    98  tim.o(i.MX_TIM4_Init)
    MX_TIM5_Init                             0x08002735   Thumb Code   116  tim.o(i.MX_TIM5_Init)
    MX_UART4_Init                            0x080027b1   Thumb Code    48  usart.o(i.MX_UART4_Init)
    MX_UART5_Init                            0x080027e9   Thumb Code    48  usart.o(i.MX_UART5_Init)
    MX_USART1_UART_Init                      0x08002821   Thumb Code    48  usart.o(i.MX_USART1_UART_Init)
    MX_USART2_UART_Init                      0x08002859   Thumb Code    48  usart.o(i.MX_USART2_UART_Init)
    MX_USART3_UART_Init                      0x08002891   Thumb Code    48  usart.o(i.MX_USART3_UART_Init)
    MX_USART6_UART_Init                      0x080028c9   Thumb Code    48  usart.o(i.MX_USART6_UART_Init)
    MemManage_Handler                        0x08002901   Thumb Code     2  stm32f4xx_it.o(i.MemManage_Handler)
    Motor_PWM_Output                         0x08002903   Thumb Code    18  motor_pwm.o(i.Motor_PWM_Output)
    Motor_PWM_SetLeft                        0x08002915   Thumb Code    60  motor_pwm.o(i.Motor_PWM_SetLeft)
    Motor_PWM_SetRight                       0x08002955   Thumb Code    60  motor_pwm.o(i.Motor_PWM_SetRight)
    Motor_PWM_StartAll                       0x08002995   Thumb Code    38  motor_pwm.o(i.Motor_PWM_StartAll)
    NMI_Handler                              0x080029c1   Thumb Code     2  stm32f4xx_it.o(i.NMI_Handler)
    PendSV_Handler                           0x080029c3   Thumb Code     2  stm32f4xx_it.o(i.PendSV_Handler)
    SVC_Handler                              0x080029c5   Thumb Code     2  stm32f4xx_it.o(i.SVC_Handler)
    SysTick_Handler                          0x080029c7   Thumb Code     4  stm32f4xx_it.o(i.SysTick_Handler)
    SystemClock_Config                       0x080029cd   Thumb Code   142  main.o(i.SystemClock_Config)
    SystemInit                               0x08002a65   Thumb Code    12  system_stm32f4xx.o(i.SystemInit)
    TIM2_IRQHandler                          0x08002a75   Thumb Code     6  stm32f4xx_it.o(i.TIM2_IRQHandler)
    TIM2_Task_1000Hz                         0x08002a81   Thumb Code    26  main.o(i.TIM2_Task_1000Hz)
    TIM2_Task_100Hz                          0x08002aa5   Thumb Code    14  main.o(i.TIM2_Task_100Hz)
    TIM_Base_SetConfig                       0x08002ab5   Thumb Code   164  stm32f4xx_hal_tim.o(i.TIM_Base_SetConfig)
    TIM_CCxChannelCmd                        0x08002b85   Thumb Code    26  stm32f4xx_hal_tim.o(i.TIM_CCxChannelCmd)
    TIM_ETR_SetConfig                        0x08002b9f   Thumb Code    20  stm32f4xx_hal_tim.o(i.TIM_ETR_SetConfig)
    TIM_OC2_SetConfig                        0x08002c25   Thumb Code    98  stm32f4xx_hal_tim.o(i.TIM_OC2_SetConfig)
    UART4_IRQHandler                         0x08002d91   Thumb Code     6  stm32f4xx_it.o(i.UART4_IRQHandler)
    UART_Start_Receive_DMA                   0x0800311d   Thumb Code   146  stm32f4xx_hal_uart.o(i.UART_Start_Receive_DMA)
    UART_Start_Receive_IT                    0x080031bd   Thumb Code    54  stm32f4xx_hal_uart.o(i.UART_Start_Receive_IT)
    USART3_IRQHandler                        0x080031f5   Thumb Code     6  stm32f4xx_it.o(i.USART3_IRQHandler)
    Uart_Init                                0x08003201   Thumb Code    38  m_usart.o(i.Uart_Init)
    UsageFault_Handler                       0x0800323d   Thumb Code     2  stm32f4xx_it.o(i.UsageFault_Handler)
    __ARM_fpclassifyf                        0x0800323f   Thumb Code    38  fpclassifyf.o(i.__ARM_fpclassifyf)
    __hardfp_cosf                            0x08003285   Thumb Code   280  cosf.o(i.__hardfp_cosf)
    __hardfp_sinf                            0x080033d5   Thumb Code   344  sinf.o(i.__hardfp_sinf)
    __mathlib_flt_infnan                     0x08003565   Thumb Code     6  funder.o(i.__mathlib_flt_infnan)
    __mathlib_flt_invalid                    0x0800356d   Thumb Code    10  funder.o(i.__mathlib_flt_invalid)
    __mathlib_flt_underflow                  0x0800357d   Thumb Code    10  funder.o(i.__mathlib_flt_underflow)
    __mathlib_rredf2                         0x0800358d   Thumb Code   316  rredf.o(i.__mathlib_rredf2)
    car_init                                 0x080036e1   Thumb Code    56  main.o(i.car_init)
    deg2rad                                  0x08003729   Thumb Code    18  m_navy.o(i.deg2rad)
    encoder_count                            0x08003745   Thumb Code    92  encoder.o(i.encoder_count)
    get_jy61p                                0x080037b5   Thumb Code   128  jy61p.o(i.get_jy61p)
    left_wheel_pid_control                   0x0800384d   Thumb Code    12  m_pid.o(i.left_wheel_pid_control)
    main                                     0x08003861   Thumb Code   122  main.o(i.main)
    navy_init                                0x080038e1   Thumb Code    14  m_navy.o(i.navy_init)
    pid_calc                                 0x080038f5   Thumb Code   164  m_pid.o(i.pid_calc)
    pid_init                                 0x080039ad   Thumb Code    42  m_pid.o(i.pid_init)
    pid_init_all                             0x080039dd   Thumb Code   104  m_pid.o(i.pid_init_all)
    resetPosition                            0x08003a65   Thumb Code    50  m_navy.o(i.resetPosition)
    right_wheel_pid_control                  0x08003aa9   Thumb Code    12  m_pid.o(i.right_wheel_pid_control)
    set_target_speed                         0x08003abd   Thumb Code     8  m_pid.o(i.set_target_speed)
    updatePosition                           0x08003ac9   Thumb Code   178  m_navy.o(i.updatePosition)
    wheels_pid_control                       0x08003b95   Thumb Code    50  m_pid.o(i.wheels_pid_control)
    wheels_pid_control_auto                  0x08003bc9   Thumb Code    10  m_pid.o(i.wheels_pid_control_auto)
    __aeabi_d2f                              0x08003bd9   Thumb Code     0  d2f.o(x$fpl$d2f)
    _d2f                                     0x08003bd9   Thumb Code    98  d2f.o(x$fpl$d2f)
    __aeabi_ui2d                             0x08003c3b   Thumb Code     0  dflt_clz.o(x$fpl$dfltu)
    _dfltu                                   0x08003c3b   Thumb Code    38  dflt_clz.o(x$fpl$dfltu)
    __aeabi_dmul                             0x08003c61   Thumb Code     0  dmul.o(x$fpl$dmul)
    _dmul                                    0x08003c61   Thumb Code   332  dmul.o(x$fpl$dmul)
    __fpl_dnaninf                            0x08003db5   Thumb Code   156  dnaninf.o(x$fpl$dnaninf)
    __fpl_dretinf                            0x08003e51   Thumb Code    12  dretinf.o(x$fpl$dretinf)
    _fp_init                                 0x08003e5d   Thumb Code    10  fpinit.o(x$fpl$fpinit)
    __fplib_config_fpu_vfp                   0x08003e65   Thumb Code     0  fpinit.o(x$fpl$fpinit)
    __fplib_config_pureend_doubles           0x08003e65   Thumb Code     0  fpinit.o(x$fpl$fpinit)
    __fpl_fretinf                            0x08003e67   Thumb Code    10  fretinf.o(x$fpl$fretinf)
    __I$use$fp                               0x08003e70   Number         0  usenofp.o(x$fpl$usenofp)
    AHBPrescTable                            0x08003e78   Data          16  system_stm32f4xx.o(.constdata)
    APBPrescTable                            0x08003e88   Data           8  system_stm32f4xx.o(.constdata)
    Region$$Table$$Base                      0x08003eb0   Number         0  anon$$obj.o(Region$$Table)
    Region$$Table$$Limit                     0x08003ed0   Number         0  anon$$obj.o(Region$$Table)
    uwTickFreq                               0x20000000   Data           1  stm32f4xx_hal.o(.data)
    uwTickPrio                               0x20000004   Data           4  stm32f4xx_hal.o(.data)
    uwTick                                   0x20000008   Data           4  stm32f4xx_hal.o(.data)
    SystemCoreClock                          0x2000000c   Data           4  system_stm32f4xx.o(.data)
    last_left_encoder                        0x20000010   Data           2  encoder.o(.data)
    last_right_encoder                       0x20000012   Data           2  encoder.o(.data)
    left_encoder_count                       0x20000014   Data           4  encoder.o(.data)
    right_encoder_count                      0x20000018   Data           4  encoder.o(.data)
    left_wheel_rpm                           0x2000001c   Data           4  encoder.o(.data)
    right_wheel_rpm                          0x20000020   Data           4  encoder.o(.data)
    left_wheel_speed                         0x20000024   Data           4  encoder.o(.data)
    right_wheel_speed                        0x20000028   Data           4  encoder.o(.data)
    Rx_Cnt                                   0x2000002c   Data           1  jy61p.o(.data)
    buffer_index                             0x2000002d   Data           1  jy61p.o(.data)
    g_left_target_speed                      0x20000030   Data           4  m_pid.o(.data)
    g_right_target_speed                     0x20000034   Data           4  m_pid.o(.data)
    g_target_yaw                             0x20000038   Data           4  m_pid.o(.data)
    USART3_RxData                            0x2000003c   Data           1  m_usart.o(.data)
    hi2c1                                    0x20000060   Data          84  i2c.o(.bss)
    hi2c2                                    0x200000b4   Data          84  i2c.o(.bss)
    hi2c3                                    0x20000108   Data          84  i2c.o(.bss)
    htim1                                    0x2000015c   Data          72  tim.o(.bss)
    htim2                                    0x200001a4   Data          72  tim.o(.bss)
    htim3                                    0x200001ec   Data          72  tim.o(.bss)
    htim4                                    0x20000234   Data          72  tim.o(.bss)
    htim5                                    0x2000027c   Data          72  tim.o(.bss)
    huart4                                   0x200002c4   Data          72  usart.o(.bss)
    huart5                                   0x2000030c   Data          72  usart.o(.bss)
    huart1                                   0x20000354   Data          72  usart.o(.bss)
    huart2                                   0x2000039c   Data          72  usart.o(.bss)
    huart3                                   0x200003e4   Data          72  usart.o(.bss)
    huart6                                   0x2000042c   Data          72  usart.o(.bss)
    hdma_uart4_tx                            0x20000474   Data          96  usart.o(.bss)
    hdma_uart4_rx                            0x200004d4   Data          96  usart.o(.bss)
    jy61p_Buffer                             0x20000534   Data          11  jy61p.o(.bss)
    IMU_data                                 0x20000540   Data          36  jy61p.o(.bss)
    left_wheel_pid                           0x20000564   Data          44  m_pid.o(.bss)
    right_wheel_pid                          0x20000590   Data          44  m_pid.o(.bss)
    yaw_pid                                  0x200005bc   Data          44  m_pid.o(.bss)
    USART4_RxData                            0x200005e8   Data         200  m_usart.o(.bss)
    currentPosition                          0x200006b0   Data          12  m_navy.o(.bss)
    targetPosition                           0x200006bc   Data          12  m_navy.o(.bss)
    __libspace_start                         0x200006c8   Data          96  libspace.o(.bss)
    __temporary_stack_top$libspace           0x20000728   Data           0  libspace.o(.bss)



==============================================================================

Memory Map of the image

  Image Entry point : 0x08000189

  Load Region LR_IROM1 (Base: 0x08000000, Size: 0x00003f30, Max: 0x00080000, ABSOLUTE)

    Execution Region ER_IROM1 (Exec base: 0x08000000, Load base: 0x08000000, Size: 0x00003ed0, Max: 0x00080000, ABSOLUTE)

    Exec Addr    Load Addr    Size         Type   Attr      Idx    E Section Name        Object

    0x08000000   0x08000000   0x00000188   Data   RO            3    RESET               startup_stm32f407xx.o
    0x08000188   0x08000188   0x00000008   Code   RO         4121  * !!!main             c_w.l(__main.o)
    0x08000190   0x08000190   0x00000034   Code   RO         4614    !!!scatter          c_w.l(__scatter.o)
    0x080001c4   0x080001c4   0x0000001a   Code   RO         4616    !!handler_copy      c_w.l(__scatter_copy.o)
    0x080001de   0x080001de   0x00000002   PAD
    0x080001e0   0x080001e0   0x0000001c   Code   RO         4618    !!handler_zi        c_w.l(__scatter_zi.o)
    0x080001fc   0x080001fc   0x00000002   Code   RO         4410    .ARM.Collect$$libinit$$00000000  c_w.l(libinit.o)
    0x080001fe   0x080001fe   0x00000004   Code   RO         4411    .ARM.Collect$$libinit$$00000001  c_w.l(libinit2.o)
    0x08000202   0x08000202   0x00000000   Code   RO         4414    .ARM.Collect$$libinit$$00000004  c_w.l(libinit2.o)
    0x08000202   0x08000202   0x00000000   Code   RO         4417    .ARM.Collect$$libinit$$0000000A  c_w.l(libinit2.o)
    0x08000202   0x08000202   0x00000000   Code   RO         4419    .ARM.Collect$$libinit$$0000000C  c_w.l(libinit2.o)
    0x08000202   0x08000202   0x00000000   Code   RO         4421    .ARM.Collect$$libinit$$0000000E  c_w.l(libinit2.o)
    0x08000202   0x08000202   0x00000000   Code   RO         4424    .ARM.Collect$$libinit$$00000011  c_w.l(libinit2.o)
    0x08000202   0x08000202   0x00000000   Code   RO         4426    .ARM.Collect$$libinit$$00000013  c_w.l(libinit2.o)
    0x08000202   0x08000202   0x00000000   Code   RO         4428    .ARM.Collect$$libinit$$00000015  c_w.l(libinit2.o)
    0x08000202   0x08000202   0x00000000   Code   RO         4430    .ARM.Collect$$libinit$$00000017  c_w.l(libinit2.o)
    0x08000202   0x08000202   0x00000000   Code   RO         4432    .ARM.Collect$$libinit$$00000019  c_w.l(libinit2.o)
    0x08000202   0x08000202   0x00000000   Code   RO         4434    .ARM.Collect$$libinit$$0000001B  c_w.l(libinit2.o)
    0x08000202   0x08000202   0x00000000   Code   RO         4436    .ARM.Collect$$libinit$$0000001D  c_w.l(libinit2.o)
    0x08000202   0x08000202   0x00000000   Code   RO         4438    .ARM.Collect$$libinit$$0000001F  c_w.l(libinit2.o)
    0x08000202   0x08000202   0x00000000   Code   RO         4440    .ARM.Collect$$libinit$$00000021  c_w.l(libinit2.o)
    0x08000202   0x08000202   0x00000000   Code   RO         4442    .ARM.Collect$$libinit$$00000023  c_w.l(libinit2.o)
    0x08000202   0x08000202   0x00000000   Code   RO         4444    .ARM.Collect$$libinit$$00000025  c_w.l(libinit2.o)
    0x08000202   0x08000202   0x00000000   Code   RO         4448    .ARM.Collect$$libinit$$0000002C  c_w.l(libinit2.o)
    0x08000202   0x08000202   0x00000000   Code   RO         4450    .ARM.Collect$$libinit$$0000002E  c_w.l(libinit2.o)
    0x08000202   0x08000202   0x00000000   Code   RO         4452    .ARM.Collect$$libinit$$00000030  c_w.l(libinit2.o)
    0x08000202   0x08000202   0x00000000   Code   RO         4454    .ARM.Collect$$libinit$$00000032  c_w.l(libinit2.o)
    0x08000202   0x08000202   0x00000002   Code   RO         4455    .ARM.Collect$$libinit$$00000033  c_w.l(libinit2.o)
    0x08000204   0x08000204   0x00000002   Code   RO         4595    .ARM.Collect$$libshutdown$$00000000  c_w.l(libshutdown.o)
    0x08000206   0x08000206   0x00000000   Code   RO         4458    .ARM.Collect$$libshutdown$$00000003  c_w.l(libshutdown2.o)
    0x08000206   0x08000206   0x00000000   Code   RO         4461    .ARM.Collect$$libshutdown$$00000006  c_w.l(libshutdown2.o)
    0x08000206   0x08000206   0x00000000   Code   RO         4464    .ARM.Collect$$libshutdown$$00000009  c_w.l(libshutdown2.o)
    0x08000206   0x08000206   0x00000000   Code   RO         4466    .ARM.Collect$$libshutdown$$0000000B  c_w.l(libshutdown2.o)
    0x08000206   0x08000206   0x00000000   Code   RO         4469    .ARM.Collect$$libshutdown$$0000000E  c_w.l(libshutdown2.o)
    0x08000206   0x08000206   0x00000002   Code   RO         4470    .ARM.Collect$$libshutdown$$0000000F  c_w.l(libshutdown2.o)
    0x08000208   0x08000208   0x00000000   Code   RO         4185    .ARM.Collect$$rtentry$$00000000  c_w.l(__rtentry.o)
    0x08000208   0x08000208   0x00000000   Code   RO         4232    .ARM.Collect$$rtentry$$00000002  c_w.l(__rtentry2.o)
    0x08000208   0x08000208   0x00000006   Code   RO         4244    .ARM.Collect$$rtentry$$00000004  c_w.l(__rtentry4.o)
    0x0800020e   0x0800020e   0x00000000   Code   RO         4234    .ARM.Collect$$rtentry$$00000009  c_w.l(__rtentry2.o)
    0x0800020e   0x0800020e   0x00000004   Code   RO         4235    .ARM.Collect$$rtentry$$0000000A  c_w.l(__rtentry2.o)
    0x08000212   0x08000212   0x00000000   Code   RO         4237    .ARM.Collect$$rtentry$$0000000C  c_w.l(__rtentry2.o)
    0x08000212   0x08000212   0x00000008   Code   RO         4238    .ARM.Collect$$rtentry$$0000000D  c_w.l(__rtentry2.o)
    0x0800021a   0x0800021a   0x00000002   Code   RO         4476    .ARM.Collect$$rtexit$$00000000  c_w.l(rtexit.o)
    0x0800021c   0x0800021c   0x00000000   Code   RO         4536    .ARM.Collect$$rtexit$$00000002  c_w.l(rtexit2.o)
    0x0800021c   0x0800021c   0x00000004   Code   RO         4537    .ARM.Collect$$rtexit$$00000003  c_w.l(rtexit2.o)
    0x08000220   0x08000220   0x00000006   Code   RO         4538    .ARM.Collect$$rtexit$$00000004  c_w.l(rtexit2.o)
    0x08000226   0x08000226   0x00000002   PAD
    0x08000228   0x08000228   0x00000040   Code   RO            4    .text               startup_stm32f407xx.o
    0x08000268   0x08000268   0x000000ee   Code   RO         4087    .text               c_w.l(lludivv7m.o)
    0x08000356   0x08000356   0x0000004e   Code   RO         4117    .text               c_w.l(rt_memclr_w.o)
    0x080003a4   0x080003a4   0x00000006   Code   RO         4119    .text               c_w.l(heapauxi.o)
    0x080003aa   0x080003aa   0x00000016   Code   RO         4190    .text               c_w.l(_rserrno.o)
    0x080003c0   0x080003c0   0x00000008   Code   RO         4256    .text               c_w.l(rt_errno_addr_intlibspace.o)
    0x080003c8   0x080003c8   0x00000008   Code   RO         4315    .text               c_w.l(libspace.o)
    0x080003d0   0x080003d0   0x0000004a   Code   RO         4320    .text               c_w.l(sys_stackheap_outer.o)
    0x0800041a   0x0800041a   0x0000000c   Code   RO         4393    .text               c_w.l(exit.o)
    0x08000426   0x08000426   0x00000002   Code   RO         4473    .text               c_w.l(use_no_semi.o)
    0x08000428   0x08000428   0x00000000   Code   RO         4475    .text               c_w.l(indicate_semi.o)
    0x08000428   0x08000428   0x0000000c   Code   RO         4533    .text               c_w.l(sys_exit.o)
    0x08000434   0x08000434   0x00000002   Code   RO          502    i.BusFault_Handler  stm32f4xx_it.o
    0x08000436   0x08000436   0x00000002   PAD
    0x08000438   0x08000438   0x00000030   Code   RO         3611    i.Calculate_speed   encoder.o
    0x08000468   0x08000468   0x0000000c   Code   RO          503    i.DMA1_Stream2_IRQHandler  stm32f4xx_it.o
    0x08000474   0x08000474   0x0000000c   Code   RO          504    i.DMA1_Stream4_IRQHandler  stm32f4xx_it.o
    0x08000480   0x08000480   0x00000028   Code   RO         1546    i.DMA_CalcBaseAndBitshift  stm32f4xx_hal_dma.o
    0x080004a8   0x080004a8   0x00000054   Code   RO         1547    i.DMA_CheckFifoParam  stm32f4xx_hal_dma.o
    0x080004fc   0x080004fc   0x00000028   Code   RO         1548    i.DMA_SetConfig     stm32f4xx_hal_dma.o
    0x08000524   0x08000524   0x00000002   Code   RO          505    i.DebugMon_Handler  stm32f4xx_it.o
    0x08000526   0x08000526   0x00000004   Code   RO           13    i.Error_Handler     main.o
    0x0800052a   0x0800052a   0x00000092   Code   RO         1549    i.HAL_DMA_Abort     stm32f4xx_hal_dma.o
    0x080005bc   0x080005bc   0x00000024   Code   RO         1550    i.HAL_DMA_Abort_IT  stm32f4xx_hal_dma.o
    0x080005e0   0x080005e0   0x000001a0   Code   RO         1554    i.HAL_DMA_IRQHandler  stm32f4xx_hal_dma.o
    0x08000780   0x08000780   0x000000d4   Code   RO         1555    i.HAL_DMA_Init      stm32f4xx_hal_dma.o
    0x08000854   0x08000854   0x0000006e   Code   RO         1559    i.HAL_DMA_Start_IT  stm32f4xx_hal_dma.o
    0x080008c2   0x080008c2   0x00000002   PAD
    0x080008c4   0x080008c4   0x000001f0   Code   RO         1442    i.HAL_GPIO_Init     stm32f4xx_hal_gpio.o
    0x08000ab4   0x08000ab4   0x0000000a   Code   RO         1446    i.HAL_GPIO_WritePin  stm32f4xx_hal_gpio.o
    0x08000abe   0x08000abe   0x00000002   PAD
    0x08000ac0   0x08000ac0   0x0000000c   Code   RO         1992    i.HAL_GetTick       stm32f4xx_hal.o
    0x08000acc   0x08000acc   0x00000188   Code   RO          643    i.HAL_I2C_Init      stm32f4xx_hal_i2c.o
    0x08000c54   0x08000c54   0x00000118   Code   RO          281    i.HAL_I2C_MspInit   i2c.o
    0x08000d6c   0x08000d6c   0x00000010   Code   RO         1998    i.HAL_IncTick       stm32f4xx_hal.o
    0x08000d7c   0x08000d7c   0x00000034   Code   RO         1999    i.HAL_Init          stm32f4xx_hal.o
    0x08000db0   0x08000db0   0x00000040   Code   RO         2000    i.HAL_InitTick      stm32f4xx_hal.o
    0x08000df0   0x08000df0   0x00000030   Code   RO          608    i.HAL_MspInit       stm32f4xx_hal_msp.o
    0x08000e20   0x08000e20   0x0000001a   Code   RO         1834    i.HAL_NVIC_EnableIRQ  stm32f4xx_hal_cortex.o
    0x08000e3a   0x08000e3a   0x00000002   PAD
    0x08000e3c   0x08000e3c   0x00000040   Code   RO         1840    i.HAL_NVIC_SetPriority  stm32f4xx_hal_cortex.o
    0x08000e7c   0x08000e7c   0x00000024   Code   RO         1841    i.HAL_NVIC_SetPriorityGrouping  stm32f4xx_hal_cortex.o
    0x08000ea0   0x08000ea0   0x00000134   Code   RO         1088    i.HAL_RCC_ClockConfig  stm32f4xx_hal_rcc.o
    0x08000fd4   0x08000fd4   0x00000020   Code   RO         1095    i.HAL_RCC_GetPCLK1Freq  stm32f4xx_hal_rcc.o
    0x08000ff4   0x08000ff4   0x00000020   Code   RO         1096    i.HAL_RCC_GetPCLK2Freq  stm32f4xx_hal_rcc.o
    0x08001014   0x08001014   0x00000064   Code   RO         1097    i.HAL_RCC_GetSysClockFreq  stm32f4xx_hal_rcc.o
    0x08001078   0x08001078   0x0000036c   Code   RO         1100    i.HAL_RCC_OscConfig  stm32f4xx_hal_rcc.o
    0x080013e4   0x080013e4   0x00000028   Code   RO         1845    i.HAL_SYSTICK_Config  stm32f4xx_hal_cortex.o
    0x0800140c   0x0800140c   0x00000002   Code   RO         2943    i.HAL_TIMEx_BreakCallback  stm32f4xx_hal_tim_ex.o
    0x0800140e   0x0800140e   0x00000002   Code   RO         2944    i.HAL_TIMEx_CommutCallback  stm32f4xx_hal_tim_ex.o
    0x08001410   0x08001410   0x00000054   Code   RO         2946    i.HAL_TIMEx_ConfigBreakDeadTime  stm32f4xx_hal_tim_ex.o
    0x08001464   0x08001464   0x00000090   Code   RO         2962    i.HAL_TIMEx_MasterConfigSynchronization  stm32f4xx_hal_tim_ex.o
    0x080014f4   0x080014f4   0x0000005a   Code   RO         2239    i.HAL_TIM_Base_Init  stm32f4xx_hal_tim.o
    0x0800154e   0x0800154e   0x00000002   PAD
    0x08001550   0x08001550   0x00000038   Code   RO          335    i.HAL_TIM_Base_MspInit  tim.o
    0x08001588   0x08001588   0x00000080   Code   RO         2244    i.HAL_TIM_Base_Start_IT  stm32f4xx_hal_tim.o
    0x08001608   0x08001608   0x000000dc   Code   RO         2248    i.HAL_TIM_ConfigClockSource  stm32f4xx_hal_tim.o
    0x080016e4   0x080016e4   0x000000a4   Code   RO         2260    i.HAL_TIM_Encoder_Init  stm32f4xx_hal_tim.o
    0x08001788   0x08001788   0x000000a4   Code   RO          337    i.HAL_TIM_Encoder_MspInit  tim.o
    0x0800182c   0x0800182c   0x0000008e   Code   RO         2263    i.HAL_TIM_Encoder_Start  stm32f4xx_hal_tim.o
    0x080018ba   0x080018ba   0x00000002   Code   RO         2273    i.HAL_TIM_IC_CaptureCallback  stm32f4xx_hal_tim.o
    0x080018bc   0x080018bc   0x00000130   Code   RO         2287    i.HAL_TIM_IRQHandler  stm32f4xx_hal_tim.o
    0x080019ec   0x080019ec   0x00000084   Code   RO          338    i.HAL_TIM_MspPostInit  tim.o
    0x08001a70   0x08001a70   0x00000002   Code   RO         2290    i.HAL_TIM_OC_DelayElapsedCallback  stm32f4xx_hal_tim.o
    0x08001a72   0x08001a72   0x000000cc   Code   RO         2311    i.HAL_TIM_PWM_ConfigChannel  stm32f4xx_hal_tim.o
    0x08001b3e   0x08001b3e   0x0000005a   Code   RO         2314    i.HAL_TIM_PWM_Init  stm32f4xx_hal_tim.o
    0x08001b98   0x08001b98   0x00000044   Code   RO          340    i.HAL_TIM_PWM_MspInit  tim.o
    0x08001bdc   0x08001bdc   0x00000002   Code   RO         2317    i.HAL_TIM_PWM_PulseFinishedCallback  stm32f4xx_hal_tim.o
    0x08001bde   0x08001bde   0x00000002   PAD
    0x08001be0   0x08001be0   0x000000c8   Code   RO         2319    i.HAL_TIM_PWM_Start  stm32f4xx_hal_tim.o
    0x08001ca8   0x08001ca8   0x0000002c   Code   RO         3919    i.HAL_TIM_PeriodElapsedCallback  mytimer.o
    0x08001cd4   0x08001cd4   0x00000002   Code   RO         2330    i.HAL_TIM_TriggerCallback  stm32f4xx_hal_tim.o
    0x08001cd6   0x08001cd6   0x0000004a   Code   RO         3220    i.HAL_UARTEx_ReceiveToIdle_DMA  stm32f4xx_hal_uart.o
    0x08001d20   0x08001d20   0x00000038   Code   RO         3821    i.HAL_UARTEx_RxEventCallback  m_usart.o
    0x08001d58   0x08001d58   0x00000002   Code   RO         3236    i.HAL_UART_ErrorCallback  stm32f4xx_hal_uart.o
    0x08001d5a   0x08001d5a   0x00000002   PAD
    0x08001d5c   0x08001d5c   0x00000280   Code   RO         3239    i.HAL_UART_IRQHandler  stm32f4xx_hal_uart.o
    0x08001fdc   0x08001fdc   0x00000064   Code   RO         3240    i.HAL_UART_Init     stm32f4xx_hal_uart.o
    0x08002040   0x08002040   0x00000278   Code   RO          431    i.HAL_UART_MspInit  usart.o
    0x080022b8   0x080022b8   0x0000001c   Code   RO         3245    i.HAL_UART_Receive_IT  stm32f4xx_hal_uart.o
    0x080022d4   0x080022d4   0x00000028   Code   RO         3822    i.HAL_UART_RxCpltCallback  m_usart.o
    0x080022fc   0x080022fc   0x00000002   Code   RO         3247    i.HAL_UART_RxHalfCpltCallback  stm32f4xx_hal_uart.o
    0x080022fe   0x080022fe   0x00000002   PAD
    0x08002300   0x08002300   0x00000084   Code   RO         3249    i.HAL_UART_Transmit_DMA  stm32f4xx_hal_uart.o
    0x08002384   0x08002384   0x00000002   Code   RO         3251    i.HAL_UART_TxCpltCallback  stm32f4xx_hal_uart.o
    0x08002386   0x08002386   0x00000002   Code   RO         3252    i.HAL_UART_TxHalfCpltCallback  stm32f4xx_hal_uart.o
    0x08002388   0x08002388   0x00000002   Code   RO          506    i.HardFault_Handler  stm32f4xx_it.o
    0x0800238a   0x0800238a   0x00000002   PAD
    0x0800238c   0x0800238c   0x0000003c   Code   RO          256    i.MX_DMA_Init       dma.o
    0x080023c8   0x080023c8   0x000000a0   Code   RO          232    i.MX_GPIO_Init      gpio.o
    0x08002468   0x08002468   0x00000040   Code   RO          282    i.MX_I2C1_Init      i2c.o
    0x080024a8   0x080024a8   0x00000040   Code   RO          283    i.MX_I2C2_Init      i2c.o
    0x080024e8   0x080024e8   0x00000040   Code   RO          284    i.MX_I2C3_Init      i2c.o
    0x08002528   0x08002528   0x000000d0   Code   RO          341    i.MX_TIM1_Init      tim.o
    0x080025f8   0x080025f8   0x00000064   Code   RO          342    i.MX_TIM2_Init      tim.o
    0x0800265c   0x0800265c   0x0000006c   Code   RO          343    i.MX_TIM3_Init      tim.o
    0x080026c8   0x080026c8   0x0000006c   Code   RO          344    i.MX_TIM4_Init      tim.o
    0x08002734   0x08002734   0x0000007c   Code   RO          345    i.MX_TIM5_Init      tim.o
    0x080027b0   0x080027b0   0x00000038   Code   RO          432    i.MX_UART4_Init     usart.o
    0x080027e8   0x080027e8   0x00000038   Code   RO          433    i.MX_UART5_Init     usart.o
    0x08002820   0x08002820   0x00000038   Code   RO          434    i.MX_USART1_UART_Init  usart.o
    0x08002858   0x08002858   0x00000038   Code   RO          435    i.MX_USART2_UART_Init  usart.o
    0x08002890   0x08002890   0x00000038   Code   RO          436    i.MX_USART3_UART_Init  usart.o
    0x080028c8   0x080028c8   0x00000038   Code   RO          437    i.MX_USART6_UART_Init  usart.o
    0x08002900   0x08002900   0x00000002   Code   RO          507    i.MemManage_Handler  stm32f4xx_it.o
    0x08002902   0x08002902   0x00000012   Code   RO         3865    i.Motor_PWM_Output  motor_pwm.o
    0x08002914   0x08002914   0x00000040   Code   RO         3867    i.Motor_PWM_SetLeft  motor_pwm.o
    0x08002954   0x08002954   0x00000040   Code   RO         3868    i.Motor_PWM_SetRight  motor_pwm.o
    0x08002994   0x08002994   0x0000002c   Code   RO         3869    i.Motor_PWM_StartAll  motor_pwm.o
    0x080029c0   0x080029c0   0x00000002   Code   RO          508    i.NMI_Handler       stm32f4xx_it.o
    0x080029c2   0x080029c2   0x00000002   Code   RO          509    i.PendSV_Handler    stm32f4xx_it.o
    0x080029c4   0x080029c4   0x00000002   Code   RO          510    i.SVC_Handler       stm32f4xx_it.o
    0x080029c6   0x080029c6   0x00000004   Code   RO          511    i.SysTick_Handler   stm32f4xx_it.o
    0x080029ca   0x080029ca   0x00000002   PAD
    0x080029cc   0x080029cc   0x00000098   Code   RO           14    i.SystemClock_Config  main.o
    0x08002a64   0x08002a64   0x00000010   Code   RO         3574    i.SystemInit        system_stm32f4xx.o
    0x08002a74   0x08002a74   0x0000000c   Code   RO          512    i.TIM2_IRQHandler   stm32f4xx_it.o
    0x08002a80   0x08002a80   0x00000024   Code   RO           15    i.TIM2_Task_1000Hz  main.o
    0x08002aa4   0x08002aa4   0x0000000e   Code   RO           16    i.TIM2_Task_100Hz   main.o
    0x08002ab2   0x08002ab2   0x00000002   PAD
    0x08002ab4   0x08002ab4   0x000000d0   Code   RO         2332    i.TIM_Base_SetConfig  stm32f4xx_hal_tim.o
    0x08002b84   0x08002b84   0x0000001a   Code   RO         2333    i.TIM_CCxChannelCmd  stm32f4xx_hal_tim.o
    0x08002b9e   0x08002b9e   0x00000014   Code   RO         2343    i.TIM_ETR_SetConfig  stm32f4xx_hal_tim.o
    0x08002bb2   0x08002bb2   0x00000010   Code   RO         2344    i.TIM_ITRx_SetConfig  stm32f4xx_hal_tim.o
    0x08002bc2   0x08002bc2   0x00000002   PAD
    0x08002bc4   0x08002bc4   0x00000060   Code   RO         2345    i.TIM_OC1_SetConfig  stm32f4xx_hal_tim.o
    0x08002c24   0x08002c24   0x0000006c   Code   RO         2346    i.TIM_OC2_SetConfig  stm32f4xx_hal_tim.o
    0x08002c90   0x08002c90   0x00000068   Code   RO         2347    i.TIM_OC3_SetConfig  stm32f4xx_hal_tim.o
    0x08002cf8   0x08002cf8   0x00000050   Code   RO         2348    i.TIM_OC4_SetConfig  stm32f4xx_hal_tim.o
    0x08002d48   0x08002d48   0x00000022   Code   RO         2350    i.TIM_TI1_ConfigInputStage  stm32f4xx_hal_tim.o
    0x08002d6a   0x08002d6a   0x00000024   Code   RO         2352    i.TIM_TI2_ConfigInputStage  stm32f4xx_hal_tim.o
    0x08002d8e   0x08002d8e   0x00000002   PAD
    0x08002d90   0x08002d90   0x0000000c   Code   RO          513    i.UART4_IRQHandler  stm32f4xx_it.o
    0x08002d9c   0x08002d9c   0x0000000e   Code   RO         3253    i.UART_DMAAbortOnError  stm32f4xx_hal_uart.o
    0x08002daa   0x08002daa   0x0000004a   Code   RO         3254    i.UART_DMAError     stm32f4xx_hal_uart.o
    0x08002df4   0x08002df4   0x00000086   Code   RO         3255    i.UART_DMAReceiveCplt  stm32f4xx_hal_uart.o
    0x08002e7a   0x08002e7a   0x0000001e   Code   RO         3257    i.UART_DMARxHalfCplt  stm32f4xx_hal_uart.o
    0x08002e98   0x08002e98   0x00000042   Code   RO         3259    i.UART_DMATransmitCplt  stm32f4xx_hal_uart.o
    0x08002eda   0x08002eda   0x0000000a   Code   RO         3261    i.UART_DMATxHalfCplt  stm32f4xx_hal_uart.o
    0x08002ee4   0x08002ee4   0x0000004e   Code   RO         3263    i.UART_EndRxTransfer  stm32f4xx_hal_uart.o
    0x08002f32   0x08002f32   0x0000001c   Code   RO         3264    i.UART_EndTxTransfer  stm32f4xx_hal_uart.o
    0x08002f4e   0x08002f4e   0x000000c2   Code   RO         3265    i.UART_Receive_IT   stm32f4xx_hal_uart.o
    0x08003010   0x08003010   0x0000010c   Code   RO         3266    i.UART_SetConfig    stm32f4xx_hal_uart.o
    0x0800311c   0x0800311c   0x000000a0   Code   RO         3267    i.UART_Start_Receive_DMA  stm32f4xx_hal_uart.o
    0x080031bc   0x080031bc   0x00000036   Code   RO         3268    i.UART_Start_Receive_IT  stm32f4xx_hal_uart.o
    0x080031f2   0x080031f2   0x00000002   PAD
    0x080031f4   0x080031f4   0x0000000c   Code   RO          514    i.USART3_IRQHandler  stm32f4xx_it.o
    0x08003200   0x08003200   0x0000003c   Code   RO         3823    i.Uart_Init         m_usart.o
    0x0800323c   0x0800323c   0x00000002   Code   RO          515    i.UsageFault_Handler  stm32f4xx_it.o
    0x0800323e   0x0800323e   0x00000026   Code   RO         4212    i.__ARM_fpclassifyf  m_wm.l(fpclassifyf.o)
    0x08003264   0x08003264   0x00000020   Code   RO         1847    i.__NVIC_SetPriority  stm32f4xx_hal_cortex.o
    0x08003284   0x08003284   0x00000150   Code   RO         4149    i.__hardfp_cosf     m_wm.l(cosf.o)
    0x080033d4   0x080033d4   0x00000190   Code   RO         4161    i.__hardfp_sinf     m_wm.l(sinf.o)
    0x08003564   0x08003564   0x00000006   Code   RO         4215    i.__mathlib_flt_infnan  m_wm.l(funder.o)
    0x0800356a   0x0800356a   0x00000002   PAD
    0x0800356c   0x0800356c   0x00000010   Code   RO         4217    i.__mathlib_flt_invalid  m_wm.l(funder.o)
    0x0800357c   0x0800357c   0x00000010   Code   RO         4220    i.__mathlib_flt_underflow  m_wm.l(funder.o)
    0x0800358c   0x0800358c   0x00000154   Code   RO         4228    i.__mathlib_rredf2  m_wm.l(rredf.o)
    0x080036e0   0x080036e0   0x00000048   Code   RO           17    i.car_init          main.o
    0x08003728   0x08003728   0x0000001c   Code   RO         3958    i.deg2rad           m_navy.o
    0x08003744   0x08003744   0x00000070   Code   RO         3612    i.encoder_count     encoder.o
    0x080037b4   0x080037b4   0x00000098   Code   RO         3672    i.get_jy61p         jy61p.o
    0x0800384c   0x0800384c   0x00000014   Code   RO         3708    i.left_wheel_pid_control  m_pid.o
    0x08003860   0x08003860   0x00000080   Code   RO           18    i.main              main.o
    0x080038e0   0x080038e0   0x00000014   Code   RO         3962    i.navy_init         m_navy.o
    0x080038f4   0x080038f4   0x000000b8   Code   RO         3710    i.pid_calc          m_pid.o
    0x080039ac   0x080039ac   0x00000030   Code   RO         3711    i.pid_init          m_pid.o
    0x080039dc   0x080039dc   0x00000088   Code   RO         3712    i.pid_init_all      m_pid.o
    0x08003a64   0x08003a64   0x00000044   Code   RO         3965    i.resetPosition     m_navy.o
    0x08003aa8   0x08003aa8   0x00000014   Code   RO         3714    i.right_wheel_pid_control  m_pid.o
    0x08003abc   0x08003abc   0x0000000c   Code   RO         3715    i.set_target_speed  m_pid.o
    0x08003ac8   0x08003ac8   0x000000cc   Code   RO         3972    i.updatePosition    m_navy.o
    0x08003b94   0x08003b94   0x00000032   Code   RO         3717    i.wheels_pid_control  m_pid.o
    0x08003bc6   0x08003bc6   0x00000002   PAD
    0x08003bc8   0x08003bc8   0x00000010   Code   RO         3718    i.wheels_pid_control_auto  m_pid.o
    0x08003bd8   0x08003bd8   0x00000062   Code   RO         4123    x$fpl$d2f           fz_wm.l(d2f.o)
    0x08003c3a   0x08003c3a   0x00000026   Code   RO         4125    x$fpl$dfltu         fz_wm.l(dflt_clz.o)
    0x08003c60   0x08003c60   0x00000154   Code   RO         4131    x$fpl$dmul          fz_wm.l(dmul.o)
    0x08003db4   0x08003db4   0x0000009c   Code   RO         4203    x$fpl$dnaninf       fz_wm.l(dnaninf.o)
    0x08003e50   0x08003e50   0x0000000c   Code   RO         4205    x$fpl$dretinf       fz_wm.l(dretinf.o)
    0x08003e5c   0x08003e5c   0x0000000a   Code   RO         4531    x$fpl$fpinit        fz_wm.l(fpinit.o)
    0x08003e66   0x08003e66   0x0000000a   Code   RO         4209    x$fpl$fretinf       fz_wm.l(fretinf.o)
    0x08003e70   0x08003e70   0x00000000   Code   RO         4211    x$fpl$usenofp       fz_wm.l(usenofp.o)
    0x08003e70   0x08003e70   0x00000008   Data   RO         1561    .constdata          stm32f4xx_hal_dma.o
    0x08003e78   0x08003e78   0x00000010   Data   RO         3575    .constdata          system_stm32f4xx.o
    0x08003e88   0x08003e88   0x00000008   Data   RO         3576    .constdata          system_stm32f4xx.o
    0x08003e90   0x08003e90   0x00000020   Data   RO         4229    .constdata          m_wm.l(rredf.o)
    0x08003eb0   0x08003eb0   0x00000020   Data   RO         4612    Region$$Table       anon$$obj.o


    Execution Region RW_IRAM1 (Exec base: 0x20000000, Load base: 0x08003ed0, Size: 0x00000d28, Max: 0x0001c000, ABSOLUTE)

    Exec Addr    Load Addr    Size         Type   Attr      Idx    E Section Name        Object

    0x20000000   0x08003ed0   0x0000000c   Data   RW         2006    .data               stm32f4xx_hal.o
    0x2000000c   0x08003edc   0x00000004   Data   RW         3577    .data               system_stm32f4xx.o
    0x20000010   0x08003ee0   0x0000001c   Data   RW         3613    .data               encoder.o
    0x2000002c   0x08003efc   0x00000002   Data   RW         3674    .data               jy61p.o
    0x2000002e   0x08003efe   0x00000002   PAD
    0x20000030   0x08003f00   0x0000000c   Data   RW         3724    .data               m_pid.o
    0x2000003c   0x08003f0c   0x00000001   Data   RW         3825    .data               m_usart.o
    0x2000003d   0x08003f0d   0x00000001   Data   RW         3922    .data               mytimer.o
    0x2000003e   0x08003f0e   0x00000002   PAD
    0x20000040   0x08003f10   0x00000020   Data   RW         3974    .data               m_navy.o
    0x20000060        -       0x000000fc   Zero   RW          285    .bss                i2c.o
    0x2000015c        -       0x00000168   Zero   RW          346    .bss                tim.o
    0x200002c4        -       0x00000270   Zero   RW          438    .bss                usart.o
    0x20000534        -       0x00000030   Zero   RW         3673    .bss                jy61p.o
    0x20000564        -       0x00000084   Zero   RW         3723    .bss                m_pid.o
    0x200005e8        -       0x000000c8   Zero   RW         3824    .bss                m_usart.o
    0x200006b0        -       0x00000018   Zero   RW         3973    .bss                m_navy.o
    0x200006c8        -       0x00000060   Zero   RW         4316    .bss                c_w.l(libspace.o)
    0x20000728        -       0x00000200   Zero   RW            2    HEAP                startup_stm32f407xx.o
    0x20000928        -       0x00000400   Zero   RW            1    STACK               startup_stm32f407xx.o


    Execution Region RW_IRAM2 (Exec base: 0x2001c000, Load base: 0x08003f30, Size: 0x00000000, Max: 0x00004000, ABSOLUTE)

    **** No section assigned to this execution region ****


==============================================================================

Image component sizes


      Code (inc. data)   RO Data    RW Data    ZI Data      Debug   Object Name

        60          4          0          0          0        746   dma.o
       160         32          0         28          0       2106   encoder.o
       160         10          0          0          0        991   gpio.o
       472         70          0          0        252       2943   i2c.o
       152         24          0          2         48       1745   jy61p.o
       320         60          0         32         24       3694   m_navy.o
       486         84          0         12        132       5901   m_pid.o
       156         44          0          1        200       2311   m_usart.o
       406         42          0          0          0     702096   main.o
       190         14          0          0          0       2249   motor_pwm.o
        44          6          0          1          0        900   mytimer.o
        64         26        392          0       1536        824   startup_stm32f407xx.o
       144         24          0         12          0       8613   stm32f4xx_hal.o
       198         14          0          0          0      33355   stm32f4xx_hal_cortex.o
      1084         16          8          0          0       6390   stm32f4xx_hal_dma.o
       506         46          0          0          0       1960   stm32f4xx_hal_gpio.o
       392         16          0          0          0       3023   stm32f4xx_hal_i2c.o
        48          6          0          0          0        822   stm32f4xx_hal_msp.o
      1348         76          0          0          0       4936   stm32f4xx_hal_rcc.o
      2278        136          0          0          0      16675   stm32f4xx_hal_tim.o
       232         28          0          0          0       3113   stm32f4xx_hal_tim_ex.o
      2092         40          0          0          0      14775   stm32f4xx_hal_uart.o
        80         30          0          0          0       6275   stm32f4xx_it.o
        16          4         24          4          0       1075   system_stm32f4xx.o
      1068        100          0          0        360       6224   tim.o
       968         96          0          0        624       5187   usart.o

    ----------------------------------------------------------------------
     13154       1048        456         96       3176     838929   Object Totals
         0          0         32          0          0          0   (incl. Generated)
        30          0          0          4          0          0   (incl. Padding)

    ----------------------------------------------------------------------

      Code (inc. data)   RO Data    RW Data    ZI Data      Debug   Library Member Name

         8          0          0          0          0         68   __main.o
         0          0          0          0          0          0   __rtentry.o
        12          0          0          0          0          0   __rtentry2.o
         6          0          0          0          0          0   __rtentry4.o
        52          8          0          0          0          0   __scatter.o
        26          0          0          0          0          0   __scatter_copy.o
        28          0          0          0          0          0   __scatter_zi.o
        22          0          0          0          0        100   _rserrno.o
        12          0          0          0          0         72   exit.o
         6          0          0          0          0        152   heapauxi.o
         0          0          0          0          0          0   indicate_semi.o
         2          0          0          0          0          0   libinit.o
         6          0          0          0          0          0   libinit2.o
         2          0          0          0          0          0   libshutdown.o
         2          0          0          0          0          0   libshutdown2.o
         8          4          0          0         96         68   libspace.o
       238          0          0          0          0        100   lludivv7m.o
         8          4          0          0          0         68   rt_errno_addr_intlibspace.o
        78          0          0          0          0         80   rt_memclr_w.o
         2          0          0          0          0          0   rtexit.o
        10          0          0          0          0          0   rtexit2.o
        12          4          0          0          0         68   sys_exit.o
        74          0          0          0          0         80   sys_stackheap_outer.o
         2          0          0          0          0         68   use_no_semi.o
        98          4          0          0          0        140   d2f.o
        38          0          0          0          0        116   dflt_clz.o
       340         12          0          0          0        152   dmul.o
       156          4          0          0          0        140   dnaninf.o
        12          0          0          0          0        116   dretinf.o
        10          0          0          0          0        116   fpinit.o
        10          0          0          0          0        116   fretinf.o
         0          0          0          0          0          0   usenofp.o
       336         56          0          0          0        136   cosf.o
        38          0          0          0          0        116   fpclassifyf.o
        38         12          0          0          0        348   funder.o
       340         24         32          0          0        160   rredf.o
       400         56          0          0          0        212   sinf.o

    ----------------------------------------------------------------------
      2438        188         32          0         96       2792   Library Totals
         6          0          0          0          0          0   (incl. Padding)

    ----------------------------------------------------------------------

      Code (inc. data)   RO Data    RW Data    ZI Data      Debug   Library Name

       616         20          0          0         96        924   c_w.l
       664         20          0          0          0        896   fz_wm.l
      1152        148         32          0          0        972   m_wm.l

    ----------------------------------------------------------------------
      2438        188         32          0         96       2792   Library Totals

    ----------------------------------------------------------------------

==============================================================================


      Code (inc. data)   RO Data    RW Data    ZI Data      Debug   

     15592       1236        488         96       3272     827557   Grand Totals
     15592       1236        488         96       3272     827557   ELF Image Totals
     15592       1236        488         96          0          0   ROM Totals

==============================================================================

    Total RO  Size (Code + RO Data)                16080 (  15.70kB)
    Total RW  Size (RW Data + ZI Data)              3368 (   3.29kB)
    Total ROM Size (Code + RO Data + RW Data)      16176 (  15.80kB)

==============================================================================

