<html>
<body>
<pre>
<h1>µVision Build Log</h1>
<h2>Tool Versions:</h2>
IDE-Version: ¦ÌVision V5.39.0.0
Copyright (C) 2023 ARM Ltd and ARM Germany GmbH. All rights reserved.
License Information: 1 1, 1, LIC=LSNXV-PC84Y-IIX5V-PNKPU-UWXZP-KT2ZS
 
Tool Versions:
Toolchain:       MDK-ARM Plus  Version: 5.39.0.0
Toolchain Path:  F:\1_keil5\ARM\ARMCLANG\Bin
C Compiler:      ArmClang.exe V6.21
Assembler:       Armasm.exe V6.21
Linker/Locator:  ArmLink.exe V6.21
Library Manager: ArmAr.exe V6.21
Hex Converter:   FromElf.exe V6.21
CPU DLL:         SARMCM3.DLL V5.39.0.0
Dialog DLL:      DCM.DLL V1.17.5.0
Target DLL:      STLink\ST-LINKIII-KEIL_SWO.dll V3.2.0.0
Dialog DLL:      TCM.DLL V1.56.4.0
 
<h2>Project:</h2>
F:\2025Flight_Control\voice_station\Voice_station\MDK-ARM\Voice_station.uvprojx
Project File Date:  07/25/2025

<h2>Output:</h2>
*** Using Compiler 'V6.21', folder: 'F:\1_keil5\ARM\ARMCLANG\Bin'
Build target 'Voice_station'
compiling stm32f1xx_it.c...
compiling stm32f1xx_hal_gpio_ex.c...
compiling gpio.c...
compiling dma.c...
compiling main.c...
compiling key.c...
compiling usart.c...
../../User/New_my_usart.c(38): warning: format specifies type 'int *' but the argument has type 'uint8_t *' (aka 'unsigned char *') [-Wformat]
   38 |                         sscanf((char*)USART1_RxData,"box,%d,%d,#", &box_pos, &box_num);
      |                                                          ~~        ^~~~~~~~
      |                                                          %s
../../User/New_my_usart.c(38): warning: format specifies type 'int *' but the argument has type 'uint8_t *' (aka 'unsigned char *') [-Wformat]
   38 |                         sscanf((char*)USART1_RxData,"box,%d,%d,#", &box_pos, &box_num);
      |                                                             ~~               ^~~~~~~~
      |                                                             %s
2 warnings generated.
compiling New_my_usart.c...
compiling M_timer.c...
compiling tim.c...
compiling stm32f1xx_hal_msp.c...
compiling tjc_usart_hmi.c...
compiling stm32f1xx_hal_tim.c...
compiling stm32f1xx_hal.c...
compiling stm32f1xx_hal_cortex.c...
compiling stm32f1xx_hal_tim_ex.c...
compiling stm32f1xx_hal_flash.c...
compiling stm32f1xx_hal_dma.c...
compiling stm32f1xx_hal_exti.c...
compiling stm32f1xx_hal_rcc_ex.c...
compiling stm32f1xx_hal_gpio.c...
compiling stm32f1xx_hal_pwr.c...
compiling stm32f1xx_hal_rcc.c...
compiling system_stm32f1xx.c...
compiling stm32f1xx_hal_flash_ex.c...
compiling stm32f1xx_hal_uart.c...
linking...
Program Size: Code=21032 RO-data=816 RW-data=20 ZI-data=3804  
FromELF: creating hex file...
"Voice_station\Voice_station.axf" - 0 Error(s), 2 Warning(s).

<h2>Software Packages used:</h2>

Package Vendor: ARM
                http://www.keil.com/pack/ARM.CMSIS.5.9.0.pack
                ARM::CMSIS@5.9.0
                CMSIS (Common Microcontroller Software Interface Standard)
   * Component: CORE Version: 5.6.0

Package Vendor: Keil
                http://www.keil.com/pack/Keil.STM32F1xx_DFP.2.4.0.pack
                Keil::STM32F1xx_DFP@2.4.0
                STMicroelectronics STM32F1 Series Device Support, Drivers and Examples

<h2>Collection of Component include folders:</h2>
  ./RTE/_Voice_station
  F:/1_keil5/packs/ARM/CMSIS/5.9.0/CMSIS/Core/Include
  F:/1_keil5/packs/Keil/STM32F1xx_DFP/2.4.0/Device/Include

<h2>Collection of Component Files used:</h2>

   * Component: ARM::CMSIS:CORE@5.6.0
Build Time Elapsed:  00:01:29
</pre>
</body>
</html>
